******************************************************************************
            TI ARM Clang Linker PC v3.2.2                      
******************************************************************************
>> Linked Mon Oct 21 05:52:07 2024

OUTPUT FILE NAME:   <ADC.out>
ENTRY POINT SYMBOL: "_c_int00_noargs"  address: 00001289


MEMORY CONFIGURATION

         name            origin    length      used     unused   attr    fill
----------------------  --------  ---------  --------  --------  ----  --------
  FLASH                 00000000   00020000  000014a8  0001eb58  R  X
  SRAM                  20200000   00008000  00000d9d  00007263  RW X
  BCR_CONFIG            41c00000   00000080  00000000  00000080  R   
  BSL_CONFIG            41c00100   00000080  00000000  00000080  R   


SEGMENT ALLOCATION MAP

run origin  load origin   length   init length attrs members
----------  ----------- ---------- ----------- ----- -------
00000000    00000000    000014a8   000014a8    r-x
  00000000    00000000    000000c0   000000c0    r-- .intvecs
  000000c0    000000c0    00001338   00001338    r-x .text
  000013f8    000013f8    00000028   00000028    r-- .rodata
  00001420    00001420    00000088   00000088    r-- .cinit
20200000    20200000    00000ba0   00000000    rw-
  20200000    20200000    00000800   00000000    rw- .sysmem
  20200800    20200800    000001d1   00000000    rw- .data
  202009d4    202009d4    000001cc   00000000    rw- .bss
20207e00    20207e00    00000200   00000000    rw-
  20207e00    20207e00    00000200   00000000    rw- .stack


SECTION ALLOCATION MAP

 output                                  attributes/
section   page    origin      length       input sections
--------  ----  ----------  ----------   ----------------
.intvecs   0    00000000    000000c0     
                  00000000    000000c0     startup_mspm0g350x_ticlang.o (.intvecs)

.text      0    000000c0    00001338     
                  000000c0    00000284     libc.a : _printfi.c.obj (.text:__TI_printfi_minimal)
                  00000344    0000012c            : memory.c.obj (.text.aligned_alloc)
                  00000470    00000104            : fputs.c.obj (.text.fputs)
                  00000574    000000ec            : memory.c.obj (.text.free)
                  00000660    000000dc            : setvbuf.c.obj (.text.setvbuf)
                  0000073c    0000009c            : fputc.c.obj (.text.fputc)
                  000007d8    0000009a            : memcpy16.S.obj (.text:memcpy)
                  00000872    00000002     startup_mspm0g350x_ticlang.o (.text.Default_Handler)
                  00000874    0000007c     libc.a : fclose.c.obj (.text.__TI_closefile)
                  000008f0    00000078            : copy_decompress_lzss.c.obj (.text:decompress:lzss)
                  00000968    0000006c     libsysbm.a : hostlseek.c.obj (.text.HOSTlseek)
                  000009d4    0000006c                : hostrename.c.obj (.text.HOSTrename)
                  00000a40    0000006c     libc.a : fseek.c.obj (.text.fseeko)
                  00000aac    00000068            : getdevice.c.obj (.text.getdevice)
                  00000b14    00000064            : _io_perm.c.obj (.text.__TI_wrt_ok)
                  00000b78    00000064            : memory.c.obj (.text.split)
                  00000bdc    00000062            : memset16.S.obj (.text:memset)
                  00000c3e    00000002     ti_msp_dl_config.o (.text.SYSCFG_DL_GPIO_init)
                  00000c40    00000060     libsysbm.a : hostopen.c.obj (.text.HOSTopen)
                  00000ca0    0000005c     ADC.o (.text.main)
                  00000cfc    0000005c     libc.a : printf.c.obj (.text.printf)
                  00000d58    00000058     libsysbm.a : hostread.c.obj (.text.HOSTread)
                  00000db0    00000058                : hostwrite.c.obj (.text.HOSTwrite)
                  00000e08    00000052     libc.a : fflush.c.obj (.text.__TI_doflush)
                  00000e5a    00000002     libclang_rt.builtins.a : aeabi_div0.c.obj (.text.__aeabi_idiv0)
                  00000e5c    00000050     libsysbm.a : close.c.obj (.text.close)
                  00000eac    0000004c     driverlib.a : dl_adc12.o (.text.DL_ADC12_setClockConfig)
                  00000ef8    00000048     libsysbm.a : hostclose.c.obj (.text.HOSTclose)
                  00000f40    00000048                : hostunlink.c.obj (.text.HOSTunlink)
                  00000f88    00000040     ti_msp_dl_config.o (.text.SYSCFG_DL_SYSCTL_init)
                  00000fc8    00000040     libclang_rt.builtins.a : aeabi_uidivmod.S.obj (.text.__aeabi_uidivmod)
                  00001008    0000003c     ti_msp_dl_config.o (.text.SYSCFG_DL_ADC12_0_init)
                  00001044    0000003c     libc.a : autoinit.c.obj (.text:__TI_auto_init_nobinit_nopinit)
                  00001080    00000038            : getdevice.c.obj (.text.finddevice)
                  000010b8    00000034     ti_msp_dl_config.o (.text.SYSCFG_DL_initPower)
                  000010ec    00000034     libc.a : fopen.c.obj (.text.__TI_cleanup)
                  00001120    00000034     libsysbm.a : trgmsg.c.obj (.text.__TI_readmsg)
                  00001154    00000034                : trgmsg.c.obj (.text.__TI_writemsg)
                  00001188    00000034     libc.a : exit.c.obj (.text.exit)
                  000011bc    0000002c     libsysbm.a : unlink.c.obj (.text.unlink)
                  000011e8    00000028     driverlib.a : dl_adc12.o (.text.DL_Common_updateReg)
                  00001210    00000028     libc.a : memory.c.obj (.text.free_list_insert)
                  00001238    00000028     libsysbm.a : lseek.c.obj (.text.lseek)
                  00001260    00000028                : write.c.obj (.text.write)
                  00001288    00000028     libc.a : boot_cortex_m.c.obj (.text:_c_int00_noargs)
                  000012b0    00000022            : memccpy.c.obj (.text.memccpy)
                  000012d2    00000002            : _lock.c.obj (.text._nop)
                  000012d4    0000001c     ADC.o (.text.ADC0_IRQHandler)
                  000012f0    0000001c     libc.a : memory.c.obj (.text.free_list_remove)
                  0000130c    00000016            : copy_zero_init.c.obj (.text:decompress:ZI:__TI_zero_init_nomemset)
                  00001322    00000014     driverlib.a : dl_common.o (.text.DL_Common_delayCycles)
                  00001336    00000014     ti_msp_dl_config.o (.text.SYSCFG_DL_init)
                  0000134a    00000012     libsysbm.a : hostrename.c.obj (.text.strcpy)
                  0000135c    00000012     libc.a : copy_decompress_none.c.obj (.text:decompress:none)
                  0000136e    0000000e            : memory.c.obj (.text.OUTLINED_FUNCTION_0)
                  0000137c    0000000e     libclang_rt.builtins.a : aeabi_memset.S.obj (.text.__aeabi_memset)
                  0000138a    0000000e     libc.a : _printfi.c.obj (.text.strlen)
                  00001398    0000000e     libsysbm.a : hostrename.c.obj (.text.strlen)
                  000013a6    00000002     --HOLE-- [fill = 0]
                  000013a8    0000000c     libclang_rt.builtins.a : aeabi_memset.S.obj (.text.__aeabi_memclr)
                  000013b4    0000000c     libc.a : memory.c.obj (.text.malloc)
                  000013c0    00000008     libclang_rt.builtins.a : aeabi_memcpy.S.obj (.text.__aeabi_memcpy)
                  000013c8    00000008     libc.a : printf.c.obj (.text._outc)
                  000013d0    00000008            : printf.c.obj (.text._outs)
                  000013d8    00000008            : fseek.c.obj (.text.fseek)
                  000013e0    00000008     libsysbm.a : remove.c.obj (.text.remove)
                  000013e8    00000004     startup_mspm0g350x_ticlang.o (.text.Reset_Handler)
                  000013ec    00000004     libc.a : pre_init.c.obj (.text._system_pre_init)
                  000013f0    00000004            : exit.c.obj (.text:abort)
                  000013f4    00000004     --HOLE-- [fill = 0]

.cinit     0    00001420    00000088     
                  00001420    00000064     (.cinit..data.load) [load image, compression = lzss]
                  00001484    0000000c     (__TI_handler_table)
                  00001490    00000008     (.cinit..bss.load) [load image, compression = zero_init]
                  00001498    00000010     (__TI_cinit_table)

.rodata    0    000013f8    00000028     
                  000013f8    00000011     libc.a : _printfi.c.obj (.rodata.str1.44690500295887128011)
                  00001409    00000003     --HOLE-- [fill = 0]
                  0000140c    00000008     ti_msp_dl_config.o (.rodata.gADC12_0ClockConfig)
                  00001414    00000005     ADC.o (.rodata.str1.129479486356344680461)
                  00001419    00000007     --HOLE-- [fill = 0]

.init_array 
*          0    00000000    00000000     UNINITIALIZED

.binit     0    00000000    00000000     

.sysmem    0    20200000    00000800     UNINITIALIZED
                  20200000    00000010     libc.a : memory.c.obj (.sysmem)
                  20200010    000007f0     --HOLE--

.data      0    20200800    000001d1     UNINITIALIZED
                  20200800    000000f0     libc.a : defs.c.obj (.data._ftable)
                  202008f0    00000078     libsysbm.a : host_device.c.obj (.data._device)
                  20200968    00000050                : host_device.c.obj (.data._stream)
                  202009b8    00000008     libc.a : exit.c.obj (.data..L_MergedGlobals)
                  202009c0    00000004            : defs.c.obj (.data.__TI_ft_end)
                  202009c4    00000004            : _lock.c.obj (.data._lock)
                  202009c8    00000004            : _lock.c.obj (.data._unlock)
                  202009cc    00000002     ADC.o (.data.result)
                  202009ce    00000001     ADC.o (.data.flag)
                  202009cf    00000001     --HOLE--
                  202009d0    00000001     libc.a : memory.c.obj (.data.memory_is_initialized)

.bss       0    202009d4    000001cc     UNINITIALIZED
                  202009d4    00000120     libsysbm.a : trgmsg.c.obj (.bss:_CIOBUF_)
                  20200af4    000000a0     libc.a : defs.c.obj (.bss.__TI_tmpnams)
                  20200b94    00000008     libsysbm.a : hostopen.c.obj (.bss.parmbuf)
                  20200b9c    00000004     libc.a : memory.c.obj (.bss.sys_free)

.stack     0    20207e00    00000200     UNINITIALIZED
                  20207e00    00000004     libc.a : boot_cortex_m.c.obj (.stack)
                  20207e04    000001fc     --HOLE--

__llvm_prf_cnts 
*          0    20200000    00000000     UNINITIALIZED

__llvm_prf_bits 
*          0    20200000    00000000     UNINITIALIZED

MODULE SUMMARY

       Module                         code   ro data   rw data
       ------                         ----   -------   -------
    .\
       ti_msp_dl_config.o             198    8         0      
       startup_mspm0g350x_ticlang.o   6      192       0      
       ADC.o                          120    5         3      
    +--+------------------------------+------+---------+---------+
       Total:                         324    205       3      
                                                              
    C:/ti/mspm0_sdk_2_02_00_05/source/ti/driverlib/lib/ticlang/m0p/mspm0g1x0x_g3x0x/driverlib.a
       dl_adc12.o                     116    0         0      
       dl_common.o                    20     0         0      
    +--+------------------------------+------+---------+---------+
       Total:                         136    0         0      
                                                              
    C:\ti\ccs1271\ccs\tools\compiler\ti-cgt-armllvm_3.2.2.LTS\lib\armv6m-ti-none-eabi/c/libc.a
       memory.c.obj                   730    0         5      
       _printfi.c.obj                 658    17        0      
       defs.c.obj                     0      0         404    
       fputs.c.obj                    260    0         0      
       setvbuf.c.obj                  220    0         0      
       getdevice.c.obj                160    0         0      
       fputc.c.obj                    156    0         0      
       memcpy16.S.obj                 154    0         0      
       fclose.c.obj                   124    0         0      
       copy_decompress_lzss.c.obj     120    0         0      
       fseek.c.obj                    116    0         0      
       printf.c.obj                   108    0         0      
       _io_perm.c.obj                 100    0         0      
       memset16.S.obj                 98     0         0      
       fflush.c.obj                   82     0         0      
       exit.c.obj                     56     0         8      
       autoinit.c.obj                 60     0         0      
       fopen.c.obj                    52     0         0      
       boot_cortex_m.c.obj            40     0         0      
       memccpy.c.obj                  34     0         0      
       copy_zero_init.c.obj           22     0         0      
       copy_decompress_none.c.obj     18     0         0      
       _lock.c.obj                    2      0         8      
       pre_init.c.obj                 4      0         0      
    +--+------------------------------+------+---------+---------+
       Total:                         3374   17        425    
                                                              
    C:\ti\ccs1271\ccs\tools\compiler\ti-cgt-armllvm_3.2.2.LTS\lib\armv6m-ti-none-eabi/c/libsysbm.a
       trgmsg.c.obj                   104    0         288    
       host_device.c.obj              0      0         200    
       hostrename.c.obj               140    0         0      
       hostlseek.c.obj                108    0         0      
       hostopen.c.obj                 96     0         8      
       hostread.c.obj                 88     0         0      
       hostwrite.c.obj                88     0         0      
       close.c.obj                    80     0         0      
       hostclose.c.obj                72     0         0      
       hostunlink.c.obj               72     0         0      
       unlink.c.obj                   44     0         0      
       lseek.c.obj                    40     0         0      
       write.c.obj                    40     0         0      
       remove.c.obj                   8      0         0      
    +--+------------------------------+------+---------+---------+
       Total:                         980    0         496    
                                                              
    C:\ti\ccs1271\ccs\tools\compiler\ti-cgt-armllvm_3.2.2.LTS\lib\clang/15.0.7/lib/armv6m-ti-none-eabi/libclang_rt.builtins.a
       aeabi_uidivmod.S.obj           64     0         0      
       aeabi_memset.S.obj             26     0         0      
       aeabi_memcpy.S.obj             8      0         0      
       aeabi_div0.c.obj               2      0         0      
    +--+------------------------------+------+---------+---------+
       Total:                         100    0         0      
                                                              
       Heap:                          0      0         2048   
       Stack:                         0      0         512    
       Linker Generated:              0      136       0      
    +--+------------------------------+------+---------+---------+
       Grand Total:                   4914   358       3484   


LINKER GENERATED COPY TABLES

__TI_cinit_table @ 00001498 records: 2, size/record: 8, table size: 16
	.data: load addr=00001420, load size=00000064 bytes, run addr=20200800, run size=000001d1 bytes, compression=lzss
	.bss: load addr=00001490, load size=00000008 bytes, run addr=202009d4, run size=000001cc bytes, compression=zero_init


LINKER GENERATED HANDLER TABLE

__TI_handler_table @ 00001484 records: 3, size/record: 4, table size: 12
	index: 0, handler: __TI_decompress_lzss
	index: 1, handler: __TI_decompress_none
	index: 2, handler: __TI_zero_init


GLOBAL SYMBOLS: SORTED ALPHABETICALLY BY Name 

address   name                          
-------   ----                          
000012d5  ADC0_IRQHandler               
00000873  ADC1_IRQHandler               
00000873  AES_IRQHandler                
000013f0  C$$EXIT                       
00001181  C$$IO$$                       
00000873  CANFD0_IRQHandler             
00000873  DAC0_IRQHandler               
00000ead  DL_ADC12_setClockConfig       
00001323  DL_Common_delayCycles         
00000873  DMA_IRQHandler                
00000873  Default_Handler               
00000873  GROUP0_IRQHandler             
00000873  GROUP1_IRQHandler             
00000ef9  HOSTclose                     
00000969  HOSTlseek                     
00000c41  HOSTopen                      
00000d59  HOSTread                      
000009d5  HOSTrename                    
00000f41  HOSTunlink                    
00000db1  HOSTwrite                     
00000873  HardFault_Handler             
00000873  I2C0_IRQHandler               
00000873  I2C1_IRQHandler               
00000873  NMI_Handler                   
00000873  PendSV_Handler                
00000873  RTC_IRQHandler                
000013e9  Reset_Handler                 
00000873  SPI0_IRQHandler               
00000873  SPI1_IRQHandler               
00000873  SVC_Handler                   
00001009  SYSCFG_DL_ADC12_0_init        
00000c3f  SYSCFG_DL_GPIO_init           
00000f89  SYSCFG_DL_SYSCTL_init         
00001337  SYSCFG_DL_init                
000010b9  SYSCFG_DL_initPower           
00000873  SysTick_Handler               
00000873  TIMA0_IRQHandler              
00000873  TIMA1_IRQHandler              
00000873  TIMG0_IRQHandler              
00000873  TIMG12_IRQHandler             
00000873  TIMG6_IRQHandler              
00000873  TIMG7_IRQHandler              
00000873  TIMG8_IRQHandler              
00000873  UART0_IRQHandler              
00000873  UART1_IRQHandler              
00000873  UART2_IRQHandler              
00000873  UART3_IRQHandler              
202009d4  _CIOBUF_                      
202009d4  __CIOBUF_                     
20208000  __STACK_END                   
00000200  __STACK_SIZE                  
00000800  __SYSMEM_SIZE                 
00000000  __TI_ATRegion0_region_sz      
00000000  __TI_ATRegion0_src_addr       
00000000  __TI_ATRegion0_trg_addr       
00000000  __TI_ATRegion1_region_sz      
00000000  __TI_ATRegion1_src_addr       
00000000  __TI_ATRegion1_trg_addr       
00000000  __TI_ATRegion2_region_sz      
00000000  __TI_ATRegion2_src_addr       
00000000  __TI_ATRegion2_trg_addr       
00001498  __TI_CINIT_Base               
000014a8  __TI_CINIT_Limit              
000014a8  __TI_CINIT_Warm               
00001484  __TI_Handler_Table_Base       
00001490  __TI_Handler_Table_Limit      
00001045  __TI_auto_init_nobinit_nopinit
000010ed  __TI_cleanup                  
202009b8  __TI_cleanup_ptr              
00000875  __TI_closefile                
000008f1  __TI_decompress_lzss          
0000135d  __TI_decompress_none          
00000e09  __TI_doflush                  
202009bc  __TI_dtors_ptr                
202009c0  __TI_ft_end                   
ffffffff  __TI_pprof_out_hndl           
000000c1  __TI_printfi_minimal          
ffffffff  __TI_prof_data_size           
ffffffff  __TI_prof_data_start          
00001121  __TI_readmsg                  
00000000  __TI_static_base__            
20200af4  __TI_tmpnams                  
00001155  __TI_writemsg                 
00000b15  __TI_wrt_ok                   
0000130d  __TI_zero_init_nomemset       
00000e5b  __aeabi_idiv0                 
000013a9  __aeabi_memclr                
000013a9  __aeabi_memclr4               
000013a9  __aeabi_memclr8               
000013c1  __aeabi_memcpy                
000013c1  __aeabi_memcpy4               
000013c1  __aeabi_memcpy8               
0000137d  __aeabi_memset                
0000137d  __aeabi_memset4               
0000137d  __aeabi_memset8               
00000fc9  __aeabi_uidiv                 
00000fc9  __aeabi_uidivmod              
ffffffff  __binit__                     
UNDEFED   __mpu_init                    
20207e00  __stack                       
20200000  __start___llvm_prf_bits       
20200000  __start___llvm_prf_cnts       
20200000  __stop___llvm_prf_bits        
20200000  __stop___llvm_prf_cnts        
00001289  _c_int00_noargs               
202008f0  _device                       
20200800  _ftable                       
202009c4  _lock                         
000012d3  _nop                          
20200968  _stream                       
20200000  _sys_memory                   
UNDEFED   _system_post_cinit            
000013ed  _system_pre_init              
202009c8  _unlock                       
000013f1  abort                         
00000345  aligned_alloc                 
ffffffff  binit                         
00000e5d  close                         
00001189  exit                          
00001081  finddevice                    
202009ce  flag                          
0000073d  fputc                         
00000471  fputs                         
00000575  free                          
000013d9  fseek                         
00000a41  fseeko                        
00000aad  getdevice                     
00000000  interruptVectors              
00001239  lseek                         
00000ca1  main                          
000013b5  malloc                        
00000345  memalign                      
000012b1  memccpy                       
000007d9  memcpy                        
00000bdd  memset                        
20200b94  parmbuf                       
00000cfd  printf                        
000013e1  remove                        
202009cc  result                        
00000661  setvbuf                       
000011bd  unlink                        
00001261  write                         


GLOBAL SYMBOLS: SORTED BY Symbol Address 

address   name                          
-------   ----                          
00000000  __TI_ATRegion0_region_sz      
00000000  __TI_ATRegion0_src_addr       
00000000  __TI_ATRegion0_trg_addr       
00000000  __TI_ATRegion1_region_sz      
00000000  __TI_ATRegion1_src_addr       
00000000  __TI_ATRegion1_trg_addr       
00000000  __TI_ATRegion2_region_sz      
00000000  __TI_ATRegion2_src_addr       
00000000  __TI_ATRegion2_trg_addr       
00000000  __TI_static_base__            
00000000  interruptVectors              
000000c1  __TI_printfi_minimal          
00000200  __STACK_SIZE                  
00000345  aligned_alloc                 
00000345  memalign                      
00000471  fputs                         
00000575  free                          
00000661  setvbuf                       
0000073d  fputc                         
000007d9  memcpy                        
00000800  __SYSMEM_SIZE                 
00000873  ADC1_IRQHandler               
00000873  AES_IRQHandler                
00000873  CANFD0_IRQHandler             
00000873  DAC0_IRQHandler               
00000873  DMA_IRQHandler                
00000873  Default_Handler               
00000873  GROUP0_IRQHandler             
00000873  GROUP1_IRQHandler             
00000873  HardFault_Handler             
00000873  I2C0_IRQHandler               
00000873  I2C1_IRQHandler               
00000873  NMI_Handler                   
00000873  PendSV_Handler                
00000873  RTC_IRQHandler                
00000873  SPI0_IRQHandler               
00000873  SPI1_IRQHandler               
00000873  SVC_Handler                   
00000873  SysTick_Handler               
00000873  TIMA0_IRQHandler              
00000873  TIMA1_IRQHandler              
00000873  TIMG0_IRQHandler              
00000873  TIMG12_IRQHandler             
00000873  TIMG6_IRQHandler              
00000873  TIMG7_IRQHandler              
00000873  TIMG8_IRQHandler              
00000873  UART0_IRQHandler              
00000873  UART1_IRQHandler              
00000873  UART2_IRQHandler              
00000873  UART3_IRQHandler              
00000875  __TI_closefile                
000008f1  __TI_decompress_lzss          
00000969  HOSTlseek                     
000009d5  HOSTrename                    
00000a41  fseeko                        
00000aad  getdevice                     
00000b15  __TI_wrt_ok                   
00000bdd  memset                        
00000c3f  SYSCFG_DL_GPIO_init           
00000c41  HOSTopen                      
00000ca1  main                          
00000cfd  printf                        
00000d59  HOSTread                      
00000db1  HOSTwrite                     
00000e09  __TI_doflush                  
00000e5b  __aeabi_idiv0                 
00000e5d  close                         
00000ead  DL_ADC12_setClockConfig       
00000ef9  HOSTclose                     
00000f41  HOSTunlink                    
00000f89  SYSCFG_DL_SYSCTL_init         
00000fc9  __aeabi_uidiv                 
00000fc9  __aeabi_uidivmod              
00001009  SYSCFG_DL_ADC12_0_init        
00001045  __TI_auto_init_nobinit_nopinit
00001081  finddevice                    
000010b9  SYSCFG_DL_initPower           
000010ed  __TI_cleanup                  
00001121  __TI_readmsg                  
00001155  __TI_writemsg                 
00001181  C$$IO$$                       
00001189  exit                          
000011bd  unlink                        
00001239  lseek                         
00001261  write                         
00001289  _c_int00_noargs               
000012b1  memccpy                       
000012d3  _nop                          
000012d5  ADC0_IRQHandler               
0000130d  __TI_zero_init_nomemset       
00001323  DL_Common_delayCycles         
00001337  SYSCFG_DL_init                
0000135d  __TI_decompress_none          
0000137d  __aeabi_memset                
0000137d  __aeabi_memset4               
0000137d  __aeabi_memset8               
000013a9  __aeabi_memclr                
000013a9  __aeabi_memclr4               
000013a9  __aeabi_memclr8               
000013b5  malloc                        
000013c1  __aeabi_memcpy                
000013c1  __aeabi_memcpy4               
000013c1  __aeabi_memcpy8               
000013d9  fseek                         
000013e1  remove                        
000013e9  Reset_Handler                 
000013ed  _system_pre_init              
000013f0  C$$EXIT                       
000013f1  abort                         
00001484  __TI_Handler_Table_Base       
00001490  __TI_Handler_Table_Limit      
00001498  __TI_CINIT_Base               
000014a8  __TI_CINIT_Limit              
000014a8  __TI_CINIT_Warm               
20200000  __start___llvm_prf_bits       
20200000  __start___llvm_prf_cnts       
20200000  __stop___llvm_prf_bits        
20200000  __stop___llvm_prf_cnts        
20200000  _sys_memory                   
20200800  _ftable                       
202008f0  _device                       
20200968  _stream                       
202009b8  __TI_cleanup_ptr              
202009bc  __TI_dtors_ptr                
202009c0  __TI_ft_end                   
202009c4  _lock                         
202009c8  _unlock                       
202009cc  result                        
202009ce  flag                          
202009d4  _CIOBUF_                      
202009d4  __CIOBUF_                     
20200af4  __TI_tmpnams                  
20200b94  parmbuf                       
20207e00  __stack                       
20208000  __STACK_END                   
ffffffff  __TI_pprof_out_hndl           
ffffffff  __TI_prof_data_size           
ffffffff  __TI_prof_data_start          
ffffffff  __binit__                     
ffffffff  binit                         
UNDEFED   __mpu_init                    
UNDEFED   _system_post_cinit            

[142 symbols]
