******************************************************************************
            TI ARM Clang Linker PC v3.2.2                      
******************************************************************************
>> Linked Sat Oct 19 15:48:39 2024

OUTPUT FILE NAME:   <uart_rs485_receive_packet_LP_MSPM0G3507_nortos_ticlang.out>
ENTRY POINT SYMBOL: "_c_int00_noargs"  address: 00001345


MEMORY CONFIGURATION

         name            origin    length      used     unused   attr    fill
----------------------  --------  ---------  --------  --------  ----  --------
  FLASH                 00000000   00020000  000015e0  0001ea20  R  X
  SRAM                  20200000   00008000  00000da1  0000725f  RW X
  BCR_CONFIG            41c00000   00000080  00000000  00000080  R   
  BSL_CONFIG            41c00100   00000080  00000000  00000080  R   


SEGMENT ALLOCATION MAP

run origin  load origin   length   init length attrs members
----------  ----------- ---------- ----------- ----- -------
00000000    00000000    000015e0   000015e0    r-x
  00000000    00000000    000000c0   000000c0    r-- .intvecs
  000000c0    000000c0    00001470   00001470    r-x .text
  00001530    00001530    00000028   00000028    r-- .rodata
  00001558    00001558    00000088   00000088    r-- .cinit
20200000    20200000    00000ba1   00000000    rw-
  20200000    20200000    00000800   00000000    rw- .sysmem
  20200800    20200800    000001d4   00000000    rw- .bss
  202009d4    202009d4    000001cd   00000000    rw- .data
20207e00    20207e00    00000200   00000000    rw-
  20207e00    20207e00    00000200   00000000    rw- .stack


SECTION ALLOCATION MAP

 output                                  attributes/
section   page    origin      length       input sections
--------  ----  ----------  ----------   ----------------
.intvecs   0    00000000    000000c0     
                  00000000    000000c0     startup_mspm0g350x_ticlang.o (.intvecs)

.text      0    000000c0    00001470     
                  000000c0    00000284     libc.a : _printfi.c.obj (.text:__TI_printfi_minimal)
                  00000344    0000012c            : memory.c.obj (.text.aligned_alloc)
                  00000470    00000104            : fputs.c.obj (.text.fputs)
                  00000574    000000ec            : memory.c.obj (.text.free)
                  00000660    000000dc            : setvbuf.c.obj (.text.setvbuf)
                  0000073c    0000009c     ti_msp_dl_config.o (.text.SYSCFG_DL_UART_0_init)
                  000007d8    0000009c     libc.a : fputc.c.obj (.text.fputc)
                  00000874    0000009a            : memcpy16.S.obj (.text:memcpy)
                  0000090e    00000002     startup_mspm0g350x_ticlang.o (.text.Default_Handler)
                  00000910    00000080     uart_rs485_receive_packet.o (.text.main)
                  00000990    0000007c     libc.a : fclose.c.obj (.text.__TI_closefile)
                  00000a0c    00000078            : copy_decompress_lzss.c.obj (.text:decompress:lzss)
                  00000a84    0000006c     libsysbm.a : hostlseek.c.obj (.text.HOSTlseek)
                  00000af0    0000006c                : hostrename.c.obj (.text.HOSTrename)
                  00000b5c    0000006c     libc.a : fseek.c.obj (.text.fseeko)
                  00000bc8    00000068            : getdevice.c.obj (.text.getdevice)
                  00000c30    00000064            : _io_perm.c.obj (.text.__TI_wrt_ok)
                  00000c94    00000064            : memory.c.obj (.text.split)
                  00000cf8    00000062            : memset16.S.obj (.text:memset)
                  00000d5a    00000002     libclang_rt.builtins.a : aeabi_div0.c.obj (.text.__aeabi_idiv0)
                  00000d5c    00000060     libsysbm.a : hostopen.c.obj (.text.HOSTopen)
                  00000dbc    0000005c     libc.a : printf.c.obj (.text.printf)
                  00000e18    00000058     libsysbm.a : hostread.c.obj (.text.HOSTread)
                  00000e70    00000058                : hostwrite.c.obj (.text.HOSTwrite)
                  00000ec8    00000052     libc.a : fflush.c.obj (.text.__TI_doflush)
                  00000f1a    00000002            : _lock.c.obj (.text._nop)
                  00000f1c    00000050     libsysbm.a : close.c.obj (.text.close)
                  00000f6c    0000004c     driverlib.a : dl_uart.o (.text.DL_UART_init)
                  00000fb8    00000048     libsysbm.a : hostclose.c.obj (.text.HOSTclose)
                  00001000    00000048                : hostunlink.c.obj (.text.HOSTunlink)
                  00001048    00000040     ti_msp_dl_config.o (.text.SYSCFG_DL_SYSCTL_init)
                  00001088    00000040     libclang_rt.builtins.a : aeabi_uidivmod.S.obj (.text.__aeabi_uidivmod)
                  000010c8    0000003c     libc.a : autoinit.c.obj (.text:__TI_auto_init_nobinit_nopinit)
                  00001104    00000038     ti_msp_dl_config.o (.text.SYSCFG_DL_GPIO_init)
                  0000113c    00000038     libc.a : getdevice.c.obj (.text.finddevice)
                  00001174    00000034     ti_msp_dl_config.o (.text.SYSCFG_DL_initPower)
                  000011a8    00000034     libc.a : fopen.c.obj (.text.__TI_cleanup)
                  000011dc    00000034     libsysbm.a : trgmsg.c.obj (.text.__TI_readmsg)
                  00001210    00000034                : trgmsg.c.obj (.text.__TI_writemsg)
                  00001244    00000034     libc.a : exit.c.obj (.text.exit)
                  00001278    0000002c     libsysbm.a : unlink.c.obj (.text.unlink)
                  000012a4    00000028     driverlib.a : dl_uart.o (.text.DL_Common_updateReg)
                  000012cc    00000028     libc.a : memory.c.obj (.text.free_list_insert)
                  000012f4    00000028     libsysbm.a : lseek.c.obj (.text.lseek)
                  0000131c    00000028                : write.c.obj (.text.write)
                  00001344    00000028     libc.a : boot_cortex_m.c.obj (.text:_c_int00_noargs)
                  0000136c    00000024     driverlib.a : dl_uart.o (.text.DL_UART_setClockConfig)
                  00001390    00000022     libc.a : memccpy.c.obj (.text.memccpy)
                  000013b2    00000020     driverlib.a : dl_uart.o (.text.DL_UART_receiveDataBlocking)
                  000013d2    00000002     --HOLE-- [fill = 0]
                  000013d4    0000001c     libc.a : memory.c.obj (.text.free_list_remove)
                  000013f0    00000018     driverlib.a : dl_uart.o (.text.DL_UART_isRXFIFOEmpty)
                  00001408    00000016                 : dl_uart.o (.text.DL_UART_disable)
                  0000141e    00000016     libc.a : copy_zero_init.c.obj (.text:decompress:ZI:__TI_zero_init_nomemset)
                  00001434    00000014     driverlib.a : dl_common.o (.text.DL_Common_delayCycles)
                  00001448    00000014                 : dl_uart.o (.text.DL_UART_receiveData)
                  0000145c    00000014     ti_msp_dl_config.o (.text.SYSCFG_DL_init)
                  00001470    00000012     libsysbm.a : hostrename.c.obj (.text.strcpy)
                  00001482    00000012     libc.a : copy_decompress_none.c.obj (.text:decompress:none)
                  00001494    00000010            : fputc.c.obj (.text.putchar)
                  000014a4    0000000e            : memory.c.obj (.text.OUTLINED_FUNCTION_0)
                  000014b2    00000002     --HOLE-- [fill = 0]
                  000014b4    0000000e     libclang_rt.builtins.a : aeabi_memset.S.obj (.text.__aeabi_memset)
                  000014c2    0000000e     libc.a : _printfi.c.obj (.text.strlen)
                  000014d0    0000000e     libsysbm.a : hostrename.c.obj (.text.strlen)
                  000014de    00000002     --HOLE-- [fill = 0]
                  000014e0    0000000c     libclang_rt.builtins.a : aeabi_memset.S.obj (.text.__aeabi_memclr)
                  000014ec    0000000c     libc.a : memory.c.obj (.text.malloc)
                  000014f8    00000008     libclang_rt.builtins.a : aeabi_memcpy.S.obj (.text.__aeabi_memcpy)
                  00001500    00000008     libc.a : printf.c.obj (.text._outc)
                  00001508    00000008            : printf.c.obj (.text._outs)
                  00001510    00000008            : fseek.c.obj (.text.fseek)
                  00001518    00000008     libsysbm.a : remove.c.obj (.text.remove)
                  00001520    00000004     startup_mspm0g350x_ticlang.o (.text.Reset_Handler)
                  00001524    00000004     libc.a : pre_init.c.obj (.text._system_pre_init)
                  00001528    00000004            : exit.c.obj (.text:abort)
                  0000152c    00000004     --HOLE-- [fill = 0]

.cinit     0    00001558    00000088     
                  00001558    00000062     (.cinit..data.load) [load image, compression = lzss]
                  000015ba    00000002     --HOLE-- [fill = 0]
                  000015bc    0000000c     (__TI_handler_table)
                  000015c8    00000008     (.cinit..bss.load) [load image, compression = zero_init]
                  000015d0    00000010     (__TI_cinit_table)

.rodata    0    00001530    00000028     
                  00001530    00000011     libc.a : _printfi.c.obj (.rodata.str1.44690500295887128011)
                  00001541    00000001     --HOLE-- [fill = 0]
                  00001542    0000000a     ti_msp_dl_config.o (.rodata.gUART_0Config)
                  0000154c    00000004     uart_rs485_receive_packet.o (.rodata.str1.55259634499696306971)
                  00001550    00000002     ti_msp_dl_config.o (.rodata.gUART_0ClockConfig)
                  00001552    00000006     --HOLE-- [fill = 0]

.init_array 
*          0    00000000    00000000     UNINITIALIZED

.binit     0    00000000    00000000     

.sysmem    0    20200000    00000800     UNINITIALIZED
                  20200000    00000010     libc.a : memory.c.obj (.sysmem)
                  20200010    000007f0     --HOLE--

.bss       0    20200800    000001d4     UNINITIALIZED
                  20200800    00000120     libsysbm.a : trgmsg.c.obj (.bss:_CIOBUF_)
                  20200920    000000a0     libc.a : defs.c.obj (.bss.__TI_tmpnams)
                  202009c0    00000008     libsysbm.a : hostopen.c.obj (.bss.parmbuf)
                  202009c8    00000006     (.common:rxPacket)
                  202009ce    00000002     --HOLE--
                  202009d0    00000004     libc.a : memory.c.obj (.bss.sys_free)

.data      0    202009d4    000001cd     UNINITIALIZED
                  202009d4    000000f0     libc.a : defs.c.obj (.data._ftable)
                  20200ac4    00000078     libsysbm.a : host_device.c.obj (.data._device)
                  20200b3c    00000050                : host_device.c.obj (.data._stream)
                  20200b8c    00000008     libc.a : exit.c.obj (.data..L_MergedGlobals)
                  20200b94    00000004            : defs.c.obj (.data.__TI_ft_end)
                  20200b98    00000004            : _lock.c.obj (.data._lock)
                  20200b9c    00000004            : _lock.c.obj (.data._unlock)
                  20200ba0    00000001            : memory.c.obj (.data.memory_is_initialized)

.stack     0    20207e00    00000200     UNINITIALIZED
                  20207e00    00000004     libc.a : boot_cortex_m.c.obj (.stack)
                  20207e04    000001fc     --HOLE--

__llvm_prf_cnts 
*          0    20200000    00000000     UNINITIALIZED

__llvm_prf_bits 
*          0    20200000    00000000     UNINITIALIZED

MODULE SUMMARY

       Module                         code   ro data   rw data
       ------                         ----   -------   -------
    .\
       ti_msp_dl_config.o             348    12        0      
       startup_mspm0g350x_ticlang.o   6      192       0      
       uart_rs485_receive_packet.o    128    4         6      
    +--+------------------------------+------+---------+---------+
       Total:                         482    208       6      
                                                              
    C:/ti/mspm0_sdk_2_02_00_05/source/ti/driverlib/lib/ticlang/m0p/mspm0g1x0x_g3x0x/driverlib.a
       dl_uart.o                      250    0         0      
       dl_common.o                    20     0         0      
    +--+------------------------------+------+---------+---------+
       Total:                         270    0         0      
                                                              
    C:\ti\ccs1271\ccs\tools\compiler\ti-cgt-armllvm_3.2.2.LTS\lib\armv6m-ti-none-eabi/c/libc.a
       memory.c.obj                   730    0         5      
       _printfi.c.obj                 658    17        0      
       defs.c.obj                     0      0         404    
       fputs.c.obj                    260    0         0      
       setvbuf.c.obj                  220    0         0      
       fputc.c.obj                    172    0         0      
       getdevice.c.obj                160    0         0      
       memcpy16.S.obj                 154    0         0      
       fclose.c.obj                   124    0         0      
       copy_decompress_lzss.c.obj     120    0         0      
       fseek.c.obj                    116    0         0      
       printf.c.obj                   108    0         0      
       _io_perm.c.obj                 100    0         0      
       memset16.S.obj                 98     0         0      
       fflush.c.obj                   82     0         0      
       exit.c.obj                     56     0         8      
       autoinit.c.obj                 60     0         0      
       fopen.c.obj                    52     0         0      
       boot_cortex_m.c.obj            40     0         0      
       memccpy.c.obj                  34     0         0      
       copy_zero_init.c.obj           22     0         0      
       copy_decompress_none.c.obj     18     0         0      
       _lock.c.obj                    2      0         8      
       pre_init.c.obj                 4      0         0      
    +--+------------------------------+------+---------+---------+
       Total:                         3390   17        425    
                                                              
    C:\ti\ccs1271\ccs\tools\compiler\ti-cgt-armllvm_3.2.2.LTS\lib\armv6m-ti-none-eabi/c/libsysbm.a
       trgmsg.c.obj                   104    0         288    
       host_device.c.obj              0      0         200    
       hostrename.c.obj               140    0         0      
       hostlseek.c.obj                108    0         0      
       hostopen.c.obj                 96     0         8      
       hostread.c.obj                 88     0         0      
       hostwrite.c.obj                88     0         0      
       close.c.obj                    80     0         0      
       hostclose.c.obj                72     0         0      
       hostunlink.c.obj               72     0         0      
       unlink.c.obj                   44     0         0      
       lseek.c.obj                    40     0         0      
       write.c.obj                    40     0         0      
       remove.c.obj                   8      0         0      
    +--+------------------------------+------+---------+---------+
       Total:                         980    0         496    
                                                              
    C:\ti\ccs1271\ccs\tools\compiler\ti-cgt-armllvm_3.2.2.LTS\lib\clang/15.0.7/lib/armv6m-ti-none-eabi/libclang_rt.builtins.a
       aeabi_uidivmod.S.obj           64     0         0      
       aeabi_memset.S.obj             26     0         0      
       aeabi_memcpy.S.obj             8      0         0      
       aeabi_div0.c.obj               2      0         0      
    +--+------------------------------+------+---------+---------+
       Total:                         100    0         0      
                                                              
       Heap:                          0      0         2048   
       Stack:                         0      0         512    
       Linker Generated:              0      134       0      
    +--+------------------------------+------+---------+---------+
       Grand Total:                   5222   359       3487   


LINKER GENERATED COPY TABLES

__TI_cinit_table @ 000015d0 records: 2, size/record: 8, table size: 16
	.data: load addr=00001558, load size=00000062 bytes, run addr=202009d4, run size=000001cd bytes, compression=lzss
	.bss: load addr=000015c8, load size=00000008 bytes, run addr=20200800, run size=000001d4 bytes, compression=zero_init


LINKER GENERATED HANDLER TABLE

__TI_handler_table @ 000015bc records: 3, size/record: 4, table size: 12
	index: 0, handler: __TI_decompress_lzss
	index: 1, handler: __TI_decompress_none
	index: 2, handler: __TI_zero_init


GLOBAL SYMBOLS: SORTED ALPHABETICALLY BY Name 

address   name                          
-------   ----                          
0000090f  ADC0_IRQHandler               
0000090f  ADC1_IRQHandler               
0000090f  AES_IRQHandler                
00001528  C$$EXIT                       
0000123d  C$$IO$$                       
0000090f  CANFD0_IRQHandler             
0000090f  DAC0_IRQHandler               
00001435  DL_Common_delayCycles         
00000f6d  DL_UART_init                  
000013b3  DL_UART_receiveDataBlocking   
0000136d  DL_UART_setClockConfig        
0000090f  DMA_IRQHandler                
0000090f  Default_Handler               
0000090f  GROUP0_IRQHandler             
0000090f  GROUP1_IRQHandler             
00000fb9  HOSTclose                     
00000a85  HOSTlseek                     
00000d5d  HOSTopen                      
00000e19  HOSTread                      
00000af1  HOSTrename                    
00001001  HOSTunlink                    
00000e71  HOSTwrite                     
0000090f  HardFault_Handler             
0000090f  I2C0_IRQHandler               
0000090f  I2C1_IRQHandler               
0000090f  NMI_Handler                   
0000090f  PendSV_Handler                
0000090f  RTC_IRQHandler                
00001521  Reset_Handler                 
0000090f  SPI0_IRQHandler               
0000090f  SPI1_IRQHandler               
0000090f  SVC_Handler                   
00001105  SYSCFG_DL_GPIO_init           
00001049  SYSCFG_DL_SYSCTL_init         
0000073d  SYSCFG_DL_UART_0_init         
0000145d  SYSCFG_DL_init                
00001175  SYSCFG_DL_initPower           
0000090f  SysTick_Handler               
0000090f  TIMA0_IRQHandler              
0000090f  TIMA1_IRQHandler              
0000090f  TIMG0_IRQHandler              
0000090f  TIMG12_IRQHandler             
0000090f  TIMG6_IRQHandler              
0000090f  TIMG7_IRQHandler              
0000090f  TIMG8_IRQHandler              
0000090f  UART0_IRQHandler              
0000090f  UART1_IRQHandler              
0000090f  UART2_IRQHandler              
0000090f  UART3_IRQHandler              
20200800  _CIOBUF_                      
20200800  __CIOBUF_                     
20208000  __STACK_END                   
00000200  __STACK_SIZE                  
00000800  __SYSMEM_SIZE                 
00000000  __TI_ATRegion0_region_sz      
00000000  __TI_ATRegion0_src_addr       
00000000  __TI_ATRegion0_trg_addr       
00000000  __TI_ATRegion1_region_sz      
00000000  __TI_ATRegion1_src_addr       
00000000  __TI_ATRegion1_trg_addr       
00000000  __TI_ATRegion2_region_sz      
00000000  __TI_ATRegion2_src_addr       
00000000  __TI_ATRegion2_trg_addr       
000015d0  __TI_CINIT_Base               
000015e0  __TI_CINIT_Limit              
000015e0  __TI_CINIT_Warm               
000015bc  __TI_Handler_Table_Base       
000015c8  __TI_Handler_Table_Limit      
000010c9  __TI_auto_init_nobinit_nopinit
000011a9  __TI_cleanup                  
20200b8c  __TI_cleanup_ptr              
00000991  __TI_closefile                
00000a0d  __TI_decompress_lzss          
00001483  __TI_decompress_none          
00000ec9  __TI_doflush                  
20200b90  __TI_dtors_ptr                
20200b94  __TI_ft_end                   
ffffffff  __TI_pprof_out_hndl           
000000c1  __TI_printfi_minimal          
ffffffff  __TI_prof_data_size           
ffffffff  __TI_prof_data_start          
000011dd  __TI_readmsg                  
00000000  __TI_static_base__            
20200920  __TI_tmpnams                  
00001211  __TI_writemsg                 
00000c31  __TI_wrt_ok                   
0000141f  __TI_zero_init_nomemset       
00000d5b  __aeabi_idiv0                 
000014e1  __aeabi_memclr                
000014e1  __aeabi_memclr4               
000014e1  __aeabi_memclr8               
000014f9  __aeabi_memcpy                
000014f9  __aeabi_memcpy4               
000014f9  __aeabi_memcpy8               
000014b5  __aeabi_memset                
000014b5  __aeabi_memset4               
000014b5  __aeabi_memset8               
00001089  __aeabi_uidiv                 
00001089  __aeabi_uidivmod              
ffffffff  __binit__                     
UNDEFED   __mpu_init                    
20207e00  __stack                       
20200000  __start___llvm_prf_bits       
20200000  __start___llvm_prf_cnts       
20200000  __stop___llvm_prf_bits        
20200000  __stop___llvm_prf_cnts        
00001345  _c_int00_noargs               
20200ac4  _device                       
202009d4  _ftable                       
20200b98  _lock                         
00000f1b  _nop                          
20200b3c  _stream                       
20200000  _sys_memory                   
UNDEFED   _system_post_cinit            
00001525  _system_pre_init              
20200b9c  _unlock                       
00001529  abort                         
00000345  aligned_alloc                 
ffffffff  binit                         
00000f1d  close                         
00001245  exit                          
0000113d  finddevice                    
000007d9  fputc                         
00000471  fputs                         
00000575  free                          
00001511  fseek                         
00000b5d  fseeko                        
00000bc9  getdevice                     
00000000  interruptVectors              
000012f5  lseek                         
00000911  main                          
000014ed  malloc                        
00000345  memalign                      
00001391  memccpy                       
00000875  memcpy                        
00000cf9  memset                        
202009c0  parmbuf                       
00000dbd  printf                        
00001495  putchar                       
00001519  remove                        
202009c8  rxPacket                      
00000661  setvbuf                       
00001279  unlink                        
0000131d  write                         


GLOBAL SYMBOLS: SORTED BY Symbol Address 

address   name                          
-------   ----                          
00000000  __TI_ATRegion0_region_sz      
00000000  __TI_ATRegion0_src_addr       
00000000  __TI_ATRegion0_trg_addr       
00000000  __TI_ATRegion1_region_sz      
00000000  __TI_ATRegion1_src_addr       
00000000  __TI_ATRegion1_trg_addr       
00000000  __TI_ATRegion2_region_sz      
00000000  __TI_ATRegion2_src_addr       
00000000  __TI_ATRegion2_trg_addr       
00000000  __TI_static_base__            
00000000  interruptVectors              
000000c1  __TI_printfi_minimal          
00000200  __STACK_SIZE                  
00000345  aligned_alloc                 
00000345  memalign                      
00000471  fputs                         
00000575  free                          
00000661  setvbuf                       
0000073d  SYSCFG_DL_UART_0_init         
000007d9  fputc                         
00000800  __SYSMEM_SIZE                 
00000875  memcpy                        
0000090f  ADC0_IRQHandler               
0000090f  ADC1_IRQHandler               
0000090f  AES_IRQHandler                
0000090f  CANFD0_IRQHandler             
0000090f  DAC0_IRQHandler               
0000090f  DMA_IRQHandler                
0000090f  Default_Handler               
0000090f  GROUP0_IRQHandler             
0000090f  GROUP1_IRQHandler             
0000090f  HardFault_Handler             
0000090f  I2C0_IRQHandler               
0000090f  I2C1_IRQHandler               
0000090f  NMI_Handler                   
0000090f  PendSV_Handler                
0000090f  RTC_IRQHandler                
0000090f  SPI0_IRQHandler               
0000090f  SPI1_IRQHandler               
0000090f  SVC_Handler                   
0000090f  SysTick_Handler               
0000090f  TIMA0_IRQHandler              
0000090f  TIMA1_IRQHandler              
0000090f  TIMG0_IRQHandler              
0000090f  TIMG12_IRQHandler             
0000090f  TIMG6_IRQHandler              
0000090f  TIMG7_IRQHandler              
0000090f  TIMG8_IRQHandler              
0000090f  UART0_IRQHandler              
0000090f  UART1_IRQHandler              
0000090f  UART2_IRQHandler              
0000090f  UART3_IRQHandler              
00000911  main                          
00000991  __TI_closefile                
00000a0d  __TI_decompress_lzss          
00000a85  HOSTlseek                     
00000af1  HOSTrename                    
00000b5d  fseeko                        
00000bc9  getdevice                     
00000c31  __TI_wrt_ok                   
00000cf9  memset                        
00000d5b  __aeabi_idiv0                 
00000d5d  HOSTopen                      
00000dbd  printf                        
00000e19  HOSTread                      
00000e71  HOSTwrite                     
00000ec9  __TI_doflush                  
00000f1b  _nop                          
00000f1d  close                         
00000f6d  DL_UART_init                  
00000fb9  HOSTclose                     
00001001  HOSTunlink                    
00001049  SYSCFG_DL_SYSCTL_init         
00001089  __aeabi_uidiv                 
00001089  __aeabi_uidivmod              
000010c9  __TI_auto_init_nobinit_nopinit
00001105  SYSCFG_DL_GPIO_init           
0000113d  finddevice                    
00001175  SYSCFG_DL_initPower           
000011a9  __TI_cleanup                  
000011dd  __TI_readmsg                  
00001211  __TI_writemsg                 
0000123d  C$$IO$$                       
00001245  exit                          
00001279  unlink                        
000012f5  lseek                         
0000131d  write                         
00001345  _c_int00_noargs               
0000136d  DL_UART_setClockConfig        
00001391  memccpy                       
000013b3  DL_UART_receiveDataBlocking   
0000141f  __TI_zero_init_nomemset       
00001435  DL_Common_delayCycles         
0000145d  SYSCFG_DL_init                
00001483  __TI_decompress_none          
00001495  putchar                       
000014b5  __aeabi_memset                
000014b5  __aeabi_memset4               
000014b5  __aeabi_memset8               
000014e1  __aeabi_memclr                
000014e1  __aeabi_memclr4               
000014e1  __aeabi_memclr8               
000014ed  malloc                        
000014f9  __aeabi_memcpy                
000014f9  __aeabi_memcpy4               
000014f9  __aeabi_memcpy8               
00001511  fseek                         
00001519  remove                        
00001521  Reset_Handler                 
00001525  _system_pre_init              
00001528  C$$EXIT                       
00001529  abort                         
000015bc  __TI_Handler_Table_Base       
000015c8  __TI_Handler_Table_Limit      
000015d0  __TI_CINIT_Base               
000015e0  __TI_CINIT_Limit              
000015e0  __TI_CINIT_Warm               
20200000  __start___llvm_prf_bits       
20200000  __start___llvm_prf_cnts       
20200000  __stop___llvm_prf_bits        
20200000  __stop___llvm_prf_cnts        
20200000  _sys_memory                   
20200800  _CIOBUF_                      
20200800  __CIOBUF_                     
20200920  __TI_tmpnams                  
202009c0  parmbuf                       
202009c8  rxPacket                      
202009d4  _ftable                       
20200ac4  _device                       
20200b3c  _stream                       
20200b8c  __TI_cleanup_ptr              
20200b90  __TI_dtors_ptr                
20200b94  __TI_ft_end                   
20200b98  _lock                         
20200b9c  _unlock                       
20207e00  __stack                       
20208000  __STACK_END                   
ffffffff  __TI_pprof_out_hndl           
ffffffff  __TI_prof_data_size           
ffffffff  __TI_prof_data_start          
ffffffff  __binit__                     
ffffffff  binit                         
UNDEFED   __mpu_init                    
UNDEFED   _system_post_cinit            

[144 symbols]
