******************************************************************************
            TI ARM Clang Linker PC v3.2.2                      
******************************************************************************
>> Linked Fri Sep 13 14:07:40 2024

OUTPUT FILE NAME:   <i2c_target_rw_multibyte_fifo_poll_LP_MSPM0G3507_nortos_ticlang.out>
ENTRY POINT SYMBOL: "_c_int00_noargs"  address: 000014c1


MEMORY CONFIGURATION

         name            origin    length      used     unused   attr    fill
----------------------  --------  ---------  --------  --------  ----  --------
  FLASH                 00000000   00020000  00001770  0001e890  R  X
  SRAM                  20200000   00008000  00000da9  00007257  RW X
  BCR_CONFIG            41c00000   00000080  00000000  00000080  R   
  BSL_CONFIG            41c00100   00000080  00000000  00000080  R   


SEGMENT ALLOCATION MAP

run origin  load origin   length   init length attrs members
----------  ----------- ---------- ----------- ----- -------
00000000    00000000    00001770   00001770    r-x
  00000000    00000000    000000c0   000000c0    r-- .intvecs
  000000c0    000000c0    000015c0   000015c0    r-x .text
  00001680    00001680    00000060   00000060    r-- .rodata
  000016e0    000016e0    00000090   00000090    r-- .cinit
20200000    20200000    00000ba9   00000000    rw-
  20200000    20200000    00000800   00000000    rw- .sysmem
  20200800    20200800    000001d4   00000000    rw- .bss
  202009d4    202009d4    000001d5   00000000    rw- .data
20207e00    20207e00    00000200   00000000    rw-
  20207e00    20207e00    00000200   00000000    rw- .stack


SECTION ALLOCATION MAP

 output                                  attributes/
section   page    origin      length       input sections
--------  ----  ----------  ----------   ----------------
.intvecs   0    00000000    000000c0     
                  00000000    000000c0     startup_mspm0g350x_ticlang.o (.intvecs)

.text      0    000000c0    000015c0     
                  000000c0    00000284     libc.a : _printfi.c.obj (.text:__TI_printfi_minimal)
                  00000344    00000198     i2c_target_rw_multibyte_fifo_poll.o (.text.main)
                  000004dc    0000012c     libc.a : memory.c.obj (.text.aligned_alloc)
                  00000608    00000104            : fputs.c.obj (.text.fputs)
                  0000070c    000000ec            : memory.c.obj (.text.free)
                  000007f8    000000dc            : setvbuf.c.obj (.text.setvbuf)
                  000008d4    000000a8     ti_msp_dl_config.o (.text.SYSCFG_DL_GPIO_init)
                  0000097c    0000009c     libc.a : fputc.c.obj (.text.fputc)
                  00000a18    0000009a            : memcpy16.S.obj (.text:memcpy)
                  00000ab2    00000002     startup_mspm0g350x_ticlang.o (.text.Default_Handler)
                  00000ab4    0000007c     libc.a : fclose.c.obj (.text.__TI_closefile)
                  00000b30    00000078            : copy_decompress_lzss.c.obj (.text:decompress:lzss)
                  00000ba8    0000006c     libsysbm.a : hostlseek.c.obj (.text.HOSTlseek)
                  00000c14    0000006c                : hostrename.c.obj (.text.HOSTrename)
                  00000c80    0000006c     libc.a : fseek.c.obj (.text.fseeko)
                  00000cec    00000068            : getdevice.c.obj (.text.getdevice)
                  00000d54    00000064     ti_msp_dl_config.o (.text.SYSCFG_DL_I2C_init)
                  00000db8    00000064     libc.a : _io_perm.c.obj (.text.__TI_wrt_ok)
                  00000e1c    00000064            : memory.c.obj (.text.split)
                  00000e80    00000062            : memset16.S.obj (.text:memset)
                  00000ee2    00000002     libclang_rt.builtins.a : aeabi_div0.c.obj (.text.__aeabi_idiv0)
                  00000ee4    00000060     libsysbm.a : hostopen.c.obj (.text.HOSTopen)
                  00000f44    0000005c     libc.a : printf.c.obj (.text.printf)
                  00000fa0    00000058     libsysbm.a : hostread.c.obj (.text.HOSTread)
                  00000ff8    00000058                : hostwrite.c.obj (.text.HOSTwrite)
                  00001050    00000054     driverlib.a : dl_i2c.o (.text.DL_I2C_fillTargetTXFIFO)
                  000010a4    00000052     libc.a : fflush.c.obj (.text.__TI_doflush)
                  000010f6    00000002            : _lock.c.obj (.text._nop)
                  000010f8    00000050     libsysbm.a : close.c.obj (.text.close)
                  00001148    00000048                : hostclose.c.obj (.text.HOSTclose)
                  00001190    00000048                : hostunlink.c.obj (.text.HOSTunlink)
                  000011d8    00000040     libclang_rt.builtins.a : aeabi_uidivmod.S.obj (.text.__aeabi_uidivmod)
                  00001218    0000003c     libc.a : autoinit.c.obj (.text:__TI_auto_init_nobinit_nopinit)
                  00001254    00000038            : getdevice.c.obj (.text.finddevice)
                  0000128c    00000034     driverlib.a : dl_i2c.o (.text.DL_I2C_setClockConfig)
                  000012c0    00000034     ti_msp_dl_config.o (.text.SYSCFG_DL_initPower)
                  000012f4    00000034     libc.a : fopen.c.obj (.text.__TI_cleanup)
                  00001328    00000034     libsysbm.a : trgmsg.c.obj (.text.__TI_readmsg)
                  0000135c    00000034                : trgmsg.c.obj (.text.__TI_writemsg)
                  00001390    00000034     libc.a : exit.c.obj (.text.exit)
                  000013c4    00000030     ti_msp_dl_config.o (.text.SYSCFG_DL_SYSCTL_init)
                  000013f4    0000002c     libsysbm.a : unlink.c.obj (.text.unlink)
                  00001420    00000028     driverlib.a : dl_i2c.o (.text.DL_Common_updateReg)
                  00001448    00000028     libc.a : memory.c.obj (.text.free_list_insert)
                  00001470    00000028     libsysbm.a : lseek.c.obj (.text.lseek)
                  00001498    00000028                : write.c.obj (.text.write)
                  000014c0    00000028     libc.a : boot_cortex_m.c.obj (.text:_c_int00_noargs)
                  000014e8    00000024            : fputs.c.obj (.text.puts)
                  0000150c    00000022            : memccpy.c.obj (.text.memccpy)
                  0000152e    00000002     --HOLE-- [fill = 0]
                  00001530    0000001c     driverlib.a : dl_i2c.o (.text.DL_I2C_isTargetTXFIFOFull)
                  0000154c    0000001c     libc.a : memory.c.obj (.text.free_list_remove)
                  00001568    00000018     driverlib.a : dl_i2c.o (.text.DL_I2C_transmitTargetData)
                  00001580    00000016     libc.a : copy_zero_init.c.obj (.text:decompress:ZI:__TI_zero_init_nomemset)
                  00001596    00000014     driverlib.a : dl_common.o (.text.DL_Common_delayCycles)
                  000015aa    00000014     ti_msp_dl_config.o (.text.SYSCFG_DL_init)
                  000015be    00000012     libsysbm.a : hostrename.c.obj (.text.strcpy)
                  000015d0    00000012     libc.a : copy_decompress_none.c.obj (.text:decompress:none)
                  000015e2    00000002     --HOLE-- [fill = 0]
                  000015e4    00000010            : fputc.c.obj (.text.putchar)
                  000015f4    0000000e            : memory.c.obj (.text.OUTLINED_FUNCTION_0)
                  00001602    00000002     --HOLE-- [fill = 0]
                  00001604    0000000e     libclang_rt.builtins.a : aeabi_memset.S.obj (.text.__aeabi_memset)
                  00001612    0000000e     libc.a : _printfi.c.obj (.text.strlen)
                  00001620    0000000e     libsysbm.a : hostrename.c.obj (.text.strlen)
                  0000162e    00000002     --HOLE-- [fill = 0]
                  00001630    0000000c     libclang_rt.builtins.a : aeabi_memset.S.obj (.text.__aeabi_memclr)
                  0000163c    0000000c     libc.a : memory.c.obj (.text.malloc)
                  00001648    00000008     libclang_rt.builtins.a : aeabi_memcpy.S.obj (.text.__aeabi_memcpy)
                  00001650    00000008     libc.a : printf.c.obj (.text._outc)
                  00001658    00000008            : printf.c.obj (.text._outs)
                  00001660    00000008            : fseek.c.obj (.text.fseek)
                  00001668    00000008     libsysbm.a : remove.c.obj (.text.remove)
                  00001670    00000004     startup_mspm0g350x_ticlang.o (.text.Reset_Handler)
                  00001674    00000004     libc.a : pre_init.c.obj (.text._system_pre_init)
                  00001678    00000004            : exit.c.obj (.text:abort)
                  0000167c    00000004     --HOLE-- [fill = 0]

.cinit     0    000016e0    00000090     
                  000016e0    0000006b     (.cinit..data.load) [load image, compression = lzss]
                  0000174b    00000001     --HOLE-- [fill = 0]
                  0000174c    0000000c     (__TI_handler_table)
                  00001758    00000008     (.cinit..bss.load) [load image, compression = zero_init]
                  00001760    00000010     (__TI_cinit_table)

.rodata    0    00001680    00000060     
                  00001680    00000037     ti_msp_dl_config.o (.rodata..L__const.SYSCFG_DL_GPIO_init.unusedPinIndexes)
                  000016b7    00000011     libc.a : _printfi.c.obj (.rodata.str1.44690500295887128011)
                  000016c8    00000007     i2c_target_rw_multibyte_fifo_poll.o (.rodata.str1.160194233598586186091)
                  000016cf    00000007     i2c_target_rw_multibyte_fifo_poll.o (.rodata.str1.92065487395022564271)
                  000016d6    00000004     i2c_target_rw_multibyte_fifo_poll.o (.rodata.str1.92694770494390914891)
                  000016da    00000002     ti_msp_dl_config.o (.rodata.gI2CClockConfig)
                  000016dc    00000002     libc.a : fputs.c.obj (.rodata.str1.127069605411828601681)
                  000016de    00000002     --HOLE-- [fill = 0]

.init_array 
*          0    00000000    00000000     UNINITIALIZED

.binit     0    00000000    00000000     

.sysmem    0    20200000    00000800     UNINITIALIZED
                  20200000    00000010     libc.a : memory.c.obj (.sysmem)
                  20200010    000007f0     --HOLE--

.bss       0    20200800    000001d4     UNINITIALIZED
                  20200800    00000120     libsysbm.a : trgmsg.c.obj (.bss:_CIOBUF_)
                  20200920    000000a0     libc.a : defs.c.obj (.bss.__TI_tmpnams)
                  202009c0    00000008     libsysbm.a : hostopen.c.obj (.bss.parmbuf)
                  202009c8    00000008     (.common:gRxPacket)
                  202009d0    00000004     libc.a : memory.c.obj (.bss.sys_free)

.data      0    202009d4    000001d5     UNINITIALIZED
                  202009d4    000000f0     libc.a : defs.c.obj (.data._ftable)
                  20200ac4    00000078     libsysbm.a : host_device.c.obj (.data._device)
                  20200b3c    00000050                : host_device.c.obj (.data._stream)
                  20200b8c    00000008     libc.a : exit.c.obj (.data..L_MergedGlobals)
                  20200b94    00000005     i2c_target_rw_multibyte_fifo_poll.o (.data.gTxPacket)
                  20200b99    00000003     --HOLE--
                  20200b9c    00000004     libc.a : defs.c.obj (.data.__TI_ft_end)
                  20200ba0    00000004            : _lock.c.obj (.data._lock)
                  20200ba4    00000004            : _lock.c.obj (.data._unlock)
                  20200ba8    00000001            : memory.c.obj (.data.memory_is_initialized)

.stack     0    20207e00    00000200     UNINITIALIZED
                  20207e00    00000004     libc.a : boot_cortex_m.c.obj (.stack)
                  20207e04    000001fc     --HOLE--

__llvm_prf_cnts 
*          0    20200000    00000000     UNINITIALIZED

__llvm_prf_bits 
*          0    20200000    00000000     UNINITIALIZED

MODULE SUMMARY

       Module                                code   ro data   rw data
       ------                                ----   -------   -------
    .\
       ti_msp_dl_config.o                    388    57        0      
       i2c_target_rw_multibyte_fifo_poll.o   408    18        13     
       startup_mspm0g350x_ticlang.o          6      192       0      
    +--+-------------------------------------+------+---------+---------+
       Total:                                802    267       13     
                                                                     
    C:/ti/mspm0_sdk_2_02_00_05/source/ti/driverlib/lib/ticlang/m0p/mspm0g1x0x_g3x0x/driverlib.a
       dl_i2c.o                              228    0         0      
       dl_common.o                           20     0         0      
    +--+-------------------------------------+------+---------+---------+
       Total:                                248    0         0      
                                                                     
    C:\ti\ccs1271\ccs\tools\compiler\ti-cgt-armllvm_3.2.2.LTS\lib\armv6m-ti-none-eabi/c/libc.a
       memory.c.obj                          730    0         5      
       _printfi.c.obj                        658    17        0      
       defs.c.obj                            0      0         404    
       fputs.c.obj                           296    2         0      
       setvbuf.c.obj                         220    0         0      
       fputc.c.obj                           172    0         0      
       getdevice.c.obj                       160    0         0      
       memcpy16.S.obj                        154    0         0      
       fclose.c.obj                          124    0         0      
       copy_decompress_lzss.c.obj            120    0         0      
       fseek.c.obj                           116    0         0      
       printf.c.obj                          108    0         0      
       _io_perm.c.obj                        100    0         0      
       memset16.S.obj                        98     0         0      
       fflush.c.obj                          82     0         0      
       exit.c.obj                            56     0         8      
       autoinit.c.obj                        60     0         0      
       fopen.c.obj                           52     0         0      
       boot_cortex_m.c.obj                   40     0         0      
       memccpy.c.obj                         34     0         0      
       copy_zero_init.c.obj                  22     0         0      
       copy_decompress_none.c.obj            18     0         0      
       _lock.c.obj                           2      0         8      
       pre_init.c.obj                        4      0         0      
    +--+-------------------------------------+------+---------+---------+
       Total:                                3426   19        425    
                                                                     
    C:\ti\ccs1271\ccs\tools\compiler\ti-cgt-armllvm_3.2.2.LTS\lib\armv6m-ti-none-eabi/c/libsysbm.a
       trgmsg.c.obj                          104    0         288    
       host_device.c.obj                     0      0         200    
       hostrename.c.obj                      140    0         0      
       hostlseek.c.obj                       108    0         0      
       hostopen.c.obj                        96     0         8      
       hostread.c.obj                        88     0         0      
       hostwrite.c.obj                       88     0         0      
       close.c.obj                           80     0         0      
       hostclose.c.obj                       72     0         0      
       hostunlink.c.obj                      72     0         0      
       unlink.c.obj                          44     0         0      
       lseek.c.obj                           40     0         0      
       write.c.obj                           40     0         0      
       remove.c.obj                          8      0         0      
    +--+-------------------------------------+------+---------+---------+
       Total:                                980    0         496    
                                                                     
    C:\ti\ccs1271\ccs\tools\compiler\ti-cgt-armllvm_3.2.2.LTS\lib\clang/15.0.7/lib/armv6m-ti-none-eabi/libclang_rt.builtins.a
       aeabi_uidivmod.S.obj                  64     0         0      
       aeabi_memset.S.obj                    26     0         0      
       aeabi_memcpy.S.obj                    8      0         0      
       aeabi_div0.c.obj                      2      0         0      
    +--+-------------------------------------+------+---------+---------+
       Total:                                100    0         0      
                                                                     
       Heap:                                 0      0         2048   
       Stack:                                0      0         512    
       Linker Generated:                     0      143       0      
    +--+-------------------------------------+------+---------+---------+
       Grand Total:                          5556   429       3494   


LINKER GENERATED COPY TABLES

__TI_cinit_table @ 00001760 records: 2, size/record: 8, table size: 16
	.data: load addr=000016e0, load size=0000006b bytes, run addr=202009d4, run size=000001d5 bytes, compression=lzss
	.bss: load addr=00001758, load size=00000008 bytes, run addr=20200800, run size=000001d4 bytes, compression=zero_init


LINKER GENERATED HANDLER TABLE

__TI_handler_table @ 0000174c records: 3, size/record: 4, table size: 12
	index: 0, handler: __TI_decompress_lzss
	index: 1, handler: __TI_decompress_none
	index: 2, handler: __TI_zero_init


GLOBAL SYMBOLS: SORTED ALPHABETICALLY BY Name 

address   name                          
-------   ----                          
00000ab3  ADC0_IRQHandler               
00000ab3  ADC1_IRQHandler               
00000ab3  AES_IRQHandler                
00001678  C$$EXIT                       
00001389  C$$IO$$                       
00000ab3  CANFD0_IRQHandler             
00000ab3  DAC0_IRQHandler               
00001597  DL_Common_delayCycles         
00001051  DL_I2C_fillTargetTXFIFO       
0000128d  DL_I2C_setClockConfig         
00000ab3  DMA_IRQHandler                
00000ab3  Default_Handler               
00000ab3  GROUP0_IRQHandler             
00000ab3  GROUP1_IRQHandler             
00001149  HOSTclose                     
00000ba9  HOSTlseek                     
00000ee5  HOSTopen                      
00000fa1  HOSTread                      
00000c15  HOSTrename                    
00001191  HOSTunlink                    
00000ff9  HOSTwrite                     
00000ab3  HardFault_Handler             
00000ab3  I2C0_IRQHandler               
00000ab3  I2C1_IRQHandler               
00000ab3  NMI_Handler                   
00000ab3  PendSV_Handler                
00000ab3  RTC_IRQHandler                
00001671  Reset_Handler                 
00000ab3  SPI0_IRQHandler               
00000ab3  SPI1_IRQHandler               
00000ab3  SVC_Handler                   
000008d5  SYSCFG_DL_GPIO_init           
00000d55  SYSCFG_DL_I2C_init            
000013c5  SYSCFG_DL_SYSCTL_init         
000015ab  SYSCFG_DL_init                
000012c1  SYSCFG_DL_initPower           
00000ab3  SysTick_Handler               
00000ab3  TIMA0_IRQHandler              
00000ab3  TIMA1_IRQHandler              
00000ab3  TIMG0_IRQHandler              
00000ab3  TIMG12_IRQHandler             
00000ab3  TIMG6_IRQHandler              
00000ab3  TIMG7_IRQHandler              
00000ab3  TIMG8_IRQHandler              
00000ab3  UART0_IRQHandler              
00000ab3  UART1_IRQHandler              
00000ab3  UART2_IRQHandler              
00000ab3  UART3_IRQHandler              
20200800  _CIOBUF_                      
20200800  __CIOBUF_                     
20208000  __STACK_END                   
00000200  __STACK_SIZE                  
00000800  __SYSMEM_SIZE                 
00000000  __TI_ATRegion0_region_sz      
00000000  __TI_ATRegion0_src_addr       
00000000  __TI_ATRegion0_trg_addr       
00000000  __TI_ATRegion1_region_sz      
00000000  __TI_ATRegion1_src_addr       
00000000  __TI_ATRegion1_trg_addr       
00000000  __TI_ATRegion2_region_sz      
00000000  __TI_ATRegion2_src_addr       
00000000  __TI_ATRegion2_trg_addr       
00001760  __TI_CINIT_Base               
00001770  __TI_CINIT_Limit              
00001770  __TI_CINIT_Warm               
0000174c  __TI_Handler_Table_Base       
00001758  __TI_Handler_Table_Limit      
00001219  __TI_auto_init_nobinit_nopinit
000012f5  __TI_cleanup                  
20200b8c  __TI_cleanup_ptr              
00000ab5  __TI_closefile                
00000b31  __TI_decompress_lzss          
000015d1  __TI_decompress_none          
000010a5  __TI_doflush                  
20200b90  __TI_dtors_ptr                
20200b9c  __TI_ft_end                   
ffffffff  __TI_pprof_out_hndl           
000000c1  __TI_printfi_minimal          
ffffffff  __TI_prof_data_size           
ffffffff  __TI_prof_data_start          
00001329  __TI_readmsg                  
00000000  __TI_static_base__            
20200920  __TI_tmpnams                  
0000135d  __TI_writemsg                 
00000db9  __TI_wrt_ok                   
00001581  __TI_zero_init_nomemset       
00000ee3  __aeabi_idiv0                 
00001631  __aeabi_memclr                
00001631  __aeabi_memclr4               
00001631  __aeabi_memclr8               
00001649  __aeabi_memcpy                
00001649  __aeabi_memcpy4               
00001649  __aeabi_memcpy8               
00001605  __aeabi_memset                
00001605  __aeabi_memset4               
00001605  __aeabi_memset8               
000011d9  __aeabi_uidiv                 
000011d9  __aeabi_uidivmod              
ffffffff  __binit__                     
UNDEFED   __mpu_init                    
20207e00  __stack                       
20200000  __start___llvm_prf_bits       
20200000  __start___llvm_prf_cnts       
20200000  __stop___llvm_prf_bits        
20200000  __stop___llvm_prf_cnts        
000014c1  _c_int00_noargs               
20200ac4  _device                       
202009d4  _ftable                       
20200ba0  _lock                         
000010f7  _nop                          
20200b3c  _stream                       
20200000  _sys_memory                   
UNDEFED   _system_post_cinit            
00001675  _system_pre_init              
20200ba4  _unlock                       
00001679  abort                         
000004dd  aligned_alloc                 
ffffffff  binit                         
000010f9  close                         
00001391  exit                          
00001255  finddevice                    
0000097d  fputc                         
00000609  fputs                         
0000070d  free                          
00001661  fseek                         
00000c81  fseeko                        
202009c8  gRxPacket                     
20200b94  gTxPacket                     
00000ced  getdevice                     
00000000  interruptVectors              
00001471  lseek                         
00000345  main                          
0000163d  malloc                        
000004dd  memalign                      
0000150d  memccpy                       
00000a19  memcpy                        
00000e81  memset                        
202009c0  parmbuf                       
00000f45  printf                        
000015e5  putchar                       
000014e9  puts                          
00001669  remove                        
000007f9  setvbuf                       
000013f5  unlink                        
00001499  write                         


GLOBAL SYMBOLS: SORTED BY Symbol Address 

address   name                          
-------   ----                          
00000000  __TI_ATRegion0_region_sz      
00000000  __TI_ATRegion0_src_addr       
00000000  __TI_ATRegion0_trg_addr       
00000000  __TI_ATRegion1_region_sz      
00000000  __TI_ATRegion1_src_addr       
00000000  __TI_ATRegion1_trg_addr       
00000000  __TI_ATRegion2_region_sz      
00000000  __TI_ATRegion2_src_addr       
00000000  __TI_ATRegion2_trg_addr       
00000000  __TI_static_base__            
00000000  interruptVectors              
000000c1  __TI_printfi_minimal          
00000200  __STACK_SIZE                  
00000345  main                          
000004dd  aligned_alloc                 
000004dd  memalign                      
00000609  fputs                         
0000070d  free                          
000007f9  setvbuf                       
00000800  __SYSMEM_SIZE                 
000008d5  SYSCFG_DL_GPIO_init           
0000097d  fputc                         
00000a19  memcpy                        
00000ab3  ADC0_IRQHandler               
00000ab3  ADC1_IRQHandler               
00000ab3  AES_IRQHandler                
00000ab3  CANFD0_IRQHandler             
00000ab3  DAC0_IRQHandler               
00000ab3  DMA_IRQHandler                
00000ab3  Default_Handler               
00000ab3  GROUP0_IRQHandler             
00000ab3  GROUP1_IRQHandler             
00000ab3  HardFault_Handler             
00000ab3  I2C0_IRQHandler               
00000ab3  I2C1_IRQHandler               
00000ab3  NMI_Handler                   
00000ab3  PendSV_Handler                
00000ab3  RTC_IRQHandler                
00000ab3  SPI0_IRQHandler               
00000ab3  SPI1_IRQHandler               
00000ab3  SVC_Handler                   
00000ab3  SysTick_Handler               
00000ab3  TIMA0_IRQHandler              
00000ab3  TIMA1_IRQHandler              
00000ab3  TIMG0_IRQHandler              
00000ab3  TIMG12_IRQHandler             
00000ab3  TIMG6_IRQHandler              
00000ab3  TIMG7_IRQHandler              
00000ab3  TIMG8_IRQHandler              
00000ab3  UART0_IRQHandler              
00000ab3  UART1_IRQHandler              
00000ab3  UART2_IRQHandler              
00000ab3  UART3_IRQHandler              
00000ab5  __TI_closefile                
00000b31  __TI_decompress_lzss          
00000ba9  HOSTlseek                     
00000c15  HOSTrename                    
00000c81  fseeko                        
00000ced  getdevice                     
00000d55  SYSCFG_DL_I2C_init            
00000db9  __TI_wrt_ok                   
00000e81  memset                        
00000ee3  __aeabi_idiv0                 
00000ee5  HOSTopen                      
00000f45  printf                        
00000fa1  HOSTread                      
00000ff9  HOSTwrite                     
00001051  DL_I2C_fillTargetTXFIFO       
000010a5  __TI_doflush                  
000010f7  _nop                          
000010f9  close                         
00001149  HOSTclose                     
00001191  HOSTunlink                    
000011d9  __aeabi_uidiv                 
000011d9  __aeabi_uidivmod              
00001219  __TI_auto_init_nobinit_nopinit
00001255  finddevice                    
0000128d  DL_I2C_setClockConfig         
000012c1  SYSCFG_DL_initPower           
000012f5  __TI_cleanup                  
00001329  __TI_readmsg                  
0000135d  __TI_writemsg                 
00001389  C$$IO$$                       
00001391  exit                          
000013c5  SYSCFG_DL_SYSCTL_init         
000013f5  unlink                        
00001471  lseek                         
00001499  write                         
000014c1  _c_int00_noargs               
000014e9  puts                          
0000150d  memccpy                       
00001581  __TI_zero_init_nomemset       
00001597  DL_Common_delayCycles         
000015ab  SYSCFG_DL_init                
000015d1  __TI_decompress_none          
000015e5  putchar                       
00001605  __aeabi_memset                
00001605  __aeabi_memset4               
00001605  __aeabi_memset8               
00001631  __aeabi_memclr                
00001631  __aeabi_memclr4               
00001631  __aeabi_memclr8               
0000163d  malloc                        
00001649  __aeabi_memcpy                
00001649  __aeabi_memcpy4               
00001649  __aeabi_memcpy8               
00001661  fseek                         
00001669  remove                        
00001671  Reset_Handler                 
00001675  _system_pre_init              
00001678  C$$EXIT                       
00001679  abort                         
0000174c  __TI_Handler_Table_Base       
00001758  __TI_Handler_Table_Limit      
00001760  __TI_CINIT_Base               
00001770  __TI_CINIT_Limit              
00001770  __TI_CINIT_Warm               
20200000  __start___llvm_prf_bits       
20200000  __start___llvm_prf_cnts       
20200000  __stop___llvm_prf_bits        
20200000  __stop___llvm_prf_cnts        
20200000  _sys_memory                   
20200800  _CIOBUF_                      
20200800  __CIOBUF_                     
20200920  __TI_tmpnams                  
202009c0  parmbuf                       
202009c8  gRxPacket                     
202009d4  _ftable                       
20200ac4  _device                       
20200b3c  _stream                       
20200b8c  __TI_cleanup_ptr              
20200b90  __TI_dtors_ptr                
20200b94  gTxPacket                     
20200b9c  __TI_ft_end                   
20200ba0  _lock                         
20200ba4  _unlock                       
20207e00  __stack                       
20208000  __STACK_END                   
ffffffff  __TI_pprof_out_hndl           
ffffffff  __TI_prof_data_size           
ffffffff  __TI_prof_data_start          
ffffffff  __binit__                     
ffffffff  binit                         
UNDEFED   __mpu_init                    
UNDEFED   _system_post_cinit            

[145 symbols]
