******************************************************************************
            TI ARM Clang Linker PC v3.2.2                      
******************************************************************************
>> Linked Sat Oct 19 12:26:27 2024

OUTPUT FILE NAME:   <SPI_peripheral.out>
ENTRY POINT SYMBOL: "_c_int00_noargs"  address: 00001385


MEMORY CONFIGURATION

         name            origin    length      used     unused   attr    fill
----------------------  --------  ---------  --------  --------  ----  --------
  FLASH                 00000000   00020000  00001658  0001e9a8  R  X
  SRAM                  20200000   00008000  00000dcd  00007233  RW X
  BCR_CONFIG            41c00000   00000080  00000000  00000080  R   
  BSL_CONFIG            41c00100   00000080  00000000  00000080  R   


SEGMENT ALLOCATION MAP

run origin  load origin   length   init length attrs members
----------  ----------- ---------- ----------- ----- -------
00000000    00000000    00001658   00001658    r-x
  00000000    00000000    000000c0   000000c0    r-- .intvecs
  000000c0    000000c0    000014e0   000014e0    r-x .text
  000015a0    000015a0    00000028   00000028    r-- .rodata
  000015c8    000015c8    00000090   00000090    r-- .cinit
20200000    20200000    00000bcd   00000000    rw-
  20200000    20200000    00000800   00000000    rw- .sysmem
  20200800    20200800    000001f8   00000000    rw- .bss
  202009f8    202009f8    000001d5   00000000    rw- .data
20207e00    20207e00    00000200   00000000    rw-
  20207e00    20207e00    00000200   00000000    rw- .stack


SECTION ALLOCATION MAP

 output                                  attributes/
section   page    origin      length       input sections
--------  ----  ----------  ----------   ----------------
.intvecs   0    00000000    000000c0     
                  00000000    000000c0     startup_mspm0g350x_ticlang.o (.intvecs)

.text      0    000000c0    000014e0     
                  000000c0    00000284     libc.a : _printfi.c.obj (.text:__TI_printfi_minimal)
                  00000344    0000012c            : memory.c.obj (.text.aligned_alloc)
                  00000470    00000104            : fputs.c.obj (.text.fputs)
                  00000574    000000ec            : memory.c.obj (.text.free)
                  00000660    000000dc            : setvbuf.c.obj (.text.setvbuf)
                  0000073c    0000009c            : fputc.c.obj (.text.fputc)
                  000007d8    0000009a            : memcpy16.S.obj (.text:memcpy)
                  00000872    00000002     startup_mspm0g350x_ticlang.o (.text.Default_Handler)
                  00000874    0000007c     libc.a : fclose.c.obj (.text.__TI_closefile)
                  000008f0    00000078            : copy_decompress_lzss.c.obj (.text:decompress:lzss)
                  00000968    0000006c     libsysbm.a : hostlseek.c.obj (.text.HOSTlseek)
                  000009d4    0000006c                : hostrename.c.obj (.text.HOSTrename)
                  00000a40    0000006c     libc.a : fseek.c.obj (.text.fseeko)
                  00000aac    00000068            : getdevice.c.obj (.text.getdevice)
                  00000b14    00000064     empty.o (.text.SPI1_IRQHandler)
                  00000b78    00000064     libc.a : _io_perm.c.obj (.text.__TI_wrt_ok)
                  00000bdc    00000064            : memory.c.obj (.text.split)
                  00000c40    00000062            : memset16.S.obj (.text:memset)
                  00000ca2    00000002     libclang_rt.builtins.a : aeabi_div0.c.obj (.text.__aeabi_idiv0)
                  00000ca4    00000060     libsysbm.a : hostopen.c.obj (.text.HOSTopen)
                  00000d04    0000005c     libc.a : printf.c.obj (.text.printf)
                  00000d60    00000058     libsysbm.a : hostread.c.obj (.text.HOSTread)
                  00000db8    00000058                : hostwrite.c.obj (.text.HOSTwrite)
                  00000e10    00000058     empty.o (.text.main)
                  00000e68    00000052     libc.a : fflush.c.obj (.text.__TI_doflush)
                  00000eba    00000002            : _lock.c.obj (.text._nop)
                  00000ebc    00000050     libsysbm.a : close.c.obj (.text.close)
                  00000f0c    0000004c     ti_msp_dl_config.o (.text.SYSCFG_DL_SPI_0_init)
                  00000f58    00000048     driverlib.a : dl_spi.o (.text.DL_SPI_init)
                  00000fa0    00000048     libsysbm.a : hostclose.c.obj (.text.HOSTclose)
                  00000fe8    00000048                : hostunlink.c.obj (.text.HOSTunlink)
                  00001030    00000048     ti_msp_dl_config.o (.text.SYSCFG_DL_GPIO_init)
                  00001078    00000046     driverlib.a : dl_spi.o (.text.DL_SPI_fillTXFIFO8)
                  000010be    00000002     --HOLE-- [fill = 0]
                  000010c0    00000040     ti_msp_dl_config.o (.text.SYSCFG_DL_SYSCTL_init)
                  00001100    00000040     libclang_rt.builtins.a : aeabi_uidivmod.S.obj (.text.__aeabi_uidivmod)
                  00001140    0000003c     libc.a : autoinit.c.obj (.text:__TI_auto_init_nobinit_nopinit)
                  0000117c    00000038            : getdevice.c.obj (.text.finddevice)
                  000011b4    00000034     ti_msp_dl_config.o (.text.SYSCFG_DL_initPower)
                  000011e8    00000034     libc.a : fopen.c.obj (.text.__TI_cleanup)
                  0000121c    00000034     libsysbm.a : trgmsg.c.obj (.text.__TI_readmsg)
                  00001250    00000034                : trgmsg.c.obj (.text.__TI_writemsg)
                  00001284    00000034     libc.a : exit.c.obj (.text.exit)
                  000012b8    0000002c     libsysbm.a : unlink.c.obj (.text.unlink)
                  000012e4    00000028     driverlib.a : dl_spi.o (.text.DL_Common_updateReg)
                  0000130c    00000028     libc.a : memory.c.obj (.text.free_list_insert)
                  00001334    00000028     libsysbm.a : lseek.c.obj (.text.lseek)
                  0000135c    00000028                : write.c.obj (.text.write)
                  00001384    00000028     libc.a : boot_cortex_m.c.obj (.text:_c_int00_noargs)
                  000013ac    00000024     driverlib.a : dl_spi.o (.text.DL_SPI_setClockConfig)
                  000013d0    00000022     libc.a : memccpy.c.obj (.text.memccpy)
                  000013f2    00000020     driverlib.a : dl_spi.o (.text.DL_SPI_receiveDataBlocking8)
                  00001412    00000002     --HOLE-- [fill = 0]
                  00001414    00000020     ti_msp_dl_config.o (.text.SYSCFG_DL_init)
                  00001434    0000001c     driverlib.a : dl_spi.o (.text.DL_SPI_isTXFIFOFull)
                  00001450    0000001c     empty.o (.text.GROUP1_IRQHandler)
                  0000146c    0000001c     libc.a : memory.c.obj (.text.free_list_remove)
                  00001488    00000018     driverlib.a : dl_spi.o (.text.DL_SPI_isRXFIFOEmpty)
                  000014a0    00000016                 : dl_spi.o (.text.DL_SPI_transmitData8)
                  000014b6    00000016     libc.a : copy_zero_init.c.obj (.text:decompress:ZI:__TI_zero_init_nomemset)
                  000014cc    00000014     driverlib.a : dl_common.o (.text.DL_Common_delayCycles)
                  000014e0    00000014                 : dl_spi.o (.text.DL_SPI_receiveData8)
                  000014f4    00000012     libsysbm.a : hostrename.c.obj (.text.strcpy)
                  00001506    00000012     libc.a : copy_decompress_none.c.obj (.text:decompress:none)
                  00001518    0000000e            : memory.c.obj (.text.OUTLINED_FUNCTION_0)
                  00001526    00000002     --HOLE-- [fill = 0]
                  00001528    0000000e     libclang_rt.builtins.a : aeabi_memset.S.obj (.text.__aeabi_memset)
                  00001536    0000000e     libc.a : _printfi.c.obj (.text.strlen)
                  00001544    0000000e     libsysbm.a : hostrename.c.obj (.text.strlen)
                  00001552    00000002     --HOLE-- [fill = 0]
                  00001554    0000000c     libclang_rt.builtins.a : aeabi_memset.S.obj (.text.__aeabi_memclr)
                  00001560    0000000c     libc.a : memory.c.obj (.text.malloc)
                  0000156c    00000008     libclang_rt.builtins.a : aeabi_memcpy.S.obj (.text.__aeabi_memcpy)
                  00001574    00000008     libc.a : printf.c.obj (.text._outc)
                  0000157c    00000008            : printf.c.obj (.text._outs)
                  00001584    00000008            : fseek.c.obj (.text.fseek)
                  0000158c    00000008     libsysbm.a : remove.c.obj (.text.remove)
                  00001594    00000004     startup_mspm0g350x_ticlang.o (.text.Reset_Handler)
                  00001598    00000004     libc.a : pre_init.c.obj (.text._system_pre_init)
                  0000159c    00000004            : exit.c.obj (.text:abort)

.cinit     0    000015c8    00000090     
                  000015c8    00000066     (.cinit..data.load) [load image, compression = lzss]
                  0000162e    00000002     --HOLE-- [fill = 0]
                  00001630    0000000c     (__TI_handler_table)
                  0000163c    00000008     (.cinit..bss.load) [load image, compression = zero_init]
                  00001644    00000010     (__TI_cinit_table)
                  00001654    00000004     --HOLE-- [fill = 0]

.rodata    0    000015a0    00000028     
                  000015a0    00000011     libc.a : _printfi.c.obj (.rodata.str1.44690500295887128011)
                  000015b1    00000001     --HOLE-- [fill = 0]
                  000015b2    0000000a     ti_msp_dl_config.o (.rodata.gSPI_0_config)
                  000015bc    00000005     empty.o (.rodata.str1.162906114796922795351)
                  000015c1    00000002     ti_msp_dl_config.o (.rodata.gSPI_0_clockConfig)
                  000015c3    00000005     --HOLE-- [fill = 0]

.init_array 
*          0    00000000    00000000     UNINITIALIZED

.binit     0    00000000    00000000     

.sysmem    0    20200000    00000800     UNINITIALIZED
                  20200000    00000010     libc.a : memory.c.obj (.sysmem)
                  20200010    000007f0     --HOLE--

.bss       0    20200800    000001f8     UNINITIALIZED
                  20200800    00000120     libsysbm.a : trgmsg.c.obj (.bss:_CIOBUF_)
                  20200920    000000a0     libc.a : defs.c.obj (.bss.__TI_tmpnams)
                  202009c0    00000028     (.common:gSPI_0Backup)
                  202009e8    00000008     libsysbm.a : hostopen.c.obj (.bss.parmbuf)
                  202009f0    00000004     libc.a : memory.c.obj (.bss.sys_free)
                  202009f4    00000004     (.common:gRXPacket)

.data      0    202009f8    000001d5     UNINITIALIZED
                  202009f8    000000f0     libc.a : defs.c.obj (.data._ftable)
                  20200ae8    00000078     libsysbm.a : host_device.c.obj (.data._device)
                  20200b60    00000050                : host_device.c.obj (.data._stream)
                  20200bb0    00000008     libc.a : exit.c.obj (.data..L_MergedGlobals)
                  20200bb8    00000004            : defs.c.obj (.data.__TI_ft_end)
                  20200bbc    00000004            : _lock.c.obj (.data._lock)
                  20200bc0    00000004            : _lock.c.obj (.data._unlock)
                  20200bc4    00000004     empty.o (.data.gTXPacket)
                  20200bc8    00000001     empty.o (.data.flag)
                  20200bc9    00000003     --HOLE--
                  20200bcc    00000001     libc.a : memory.c.obj (.data.memory_is_initialized)

.stack     0    20207e00    00000200     UNINITIALIZED
                  20207e00    00000004     libc.a : boot_cortex_m.c.obj (.stack)
                  20207e04    000001fc     --HOLE--

__llvm_prf_cnts 
*          0    20200000    00000000     UNINITIALIZED

__llvm_prf_bits 
*          0    20200000    00000000     UNINITIALIZED

MODULE SUMMARY

       Module                         code   ro data   rw data
       ------                         ----   -------   -------
    .\
       ti_msp_dl_config.o             296    12        40     
       empty.o                        216    5         9      
       startup_mspm0g350x_ticlang.o   6      192       0      
    +--+------------------------------+------+---------+---------+
       Total:                         518    209       49     
                                                              
    C:/ti/mspm0_sdk_2_02_00_05/source/ti/driverlib/lib/ticlang/m0p/mspm0g1x0x_g3x0x/driverlib.a
       dl_spi.o                       344    0         0      
       dl_common.o                    20     0         0      
    +--+------------------------------+------+---------+---------+
       Total:                         364    0         0      
                                                              
    C:\ti\ccs1271\ccs\tools\compiler\ti-cgt-armllvm_3.2.2.LTS\lib\armv6m-ti-none-eabi/c/libc.a
       memory.c.obj                   730    0         5      
       _printfi.c.obj                 658    17        0      
       defs.c.obj                     0      0         404    
       fputs.c.obj                    260    0         0      
       setvbuf.c.obj                  220    0         0      
       getdevice.c.obj                160    0         0      
       fputc.c.obj                    156    0         0      
       memcpy16.S.obj                 154    0         0      
       fclose.c.obj                   124    0         0      
       copy_decompress_lzss.c.obj     120    0         0      
       fseek.c.obj                    116    0         0      
       printf.c.obj                   108    0         0      
       _io_perm.c.obj                 100    0         0      
       memset16.S.obj                 98     0         0      
       fflush.c.obj                   82     0         0      
       exit.c.obj                     56     0         8      
       autoinit.c.obj                 60     0         0      
       fopen.c.obj                    52     0         0      
       boot_cortex_m.c.obj            40     0         0      
       memccpy.c.obj                  34     0         0      
       copy_zero_init.c.obj           22     0         0      
       copy_decompress_none.c.obj     18     0         0      
       _lock.c.obj                    2      0         8      
       pre_init.c.obj                 4      0         0      
    +--+------------------------------+------+---------+---------+
       Total:                         3374   17        425    
                                                              
    C:\ti\ccs1271\ccs\tools\compiler\ti-cgt-armllvm_3.2.2.LTS\lib\armv6m-ti-none-eabi/c/libsysbm.a
       trgmsg.c.obj                   104    0         288    
       host_device.c.obj              0      0         200    
       hostrename.c.obj               140    0         0      
       hostlseek.c.obj                108    0         0      
       hostopen.c.obj                 96     0         8      
       hostread.c.obj                 88     0         0      
       hostwrite.c.obj                88     0         0      
       close.c.obj                    80     0         0      
       hostclose.c.obj                72     0         0      
       hostunlink.c.obj               72     0         0      
       unlink.c.obj                   44     0         0      
       lseek.c.obj                    40     0         0      
       write.c.obj                    40     0         0      
       remove.c.obj                   8      0         0      
    +--+------------------------------+------+---------+---------+
       Total:                         980    0         496    
                                                              
    C:\ti\ccs1271\ccs\tools\compiler\ti-cgt-armllvm_3.2.2.LTS\lib\clang/15.0.7/lib/armv6m-ti-none-eabi/libclang_rt.builtins.a
       aeabi_uidivmod.S.obj           64     0         0      
       aeabi_memset.S.obj             26     0         0      
       aeabi_memcpy.S.obj             8      0         0      
       aeabi_div0.c.obj               2      0         0      
    +--+------------------------------+------+---------+---------+
       Total:                         100    0         0      
                                                              
       Heap:                          0      0         2048   
       Stack:                         0      0         512    
       Linker Generated:              0      138       0      
    +--+------------------------------+------+---------+---------+
       Grand Total:                   5336   364       3530   


LINKER GENERATED COPY TABLES

__TI_cinit_table @ 00001644 records: 2, size/record: 8, table size: 16
	.data: load addr=000015c8, load size=00000066 bytes, run addr=202009f8, run size=000001d5 bytes, compression=lzss
	.bss: load addr=0000163c, load size=00000008 bytes, run addr=20200800, run size=000001f8 bytes, compression=zero_init


LINKER GENERATED HANDLER TABLE

__TI_handler_table @ 00001630 records: 3, size/record: 4, table size: 12
	index: 0, handler: __TI_decompress_lzss
	index: 1, handler: __TI_decompress_none
	index: 2, handler: __TI_zero_init


GLOBAL SYMBOLS: SORTED ALPHABETICALLY BY Name 

address   name                          
-------   ----                          
00000873  ADC0_IRQHandler               
00000873  ADC1_IRQHandler               
00000873  AES_IRQHandler                
0000159c  C$$EXIT                       
0000127d  C$$IO$$                       
00000873  CANFD0_IRQHandler             
00000873  DAC0_IRQHandler               
000014cd  DL_Common_delayCycles         
00001079  DL_SPI_fillTXFIFO8            
00000f59  DL_SPI_init                   
000013f3  DL_SPI_receiveDataBlocking8   
000013ad  DL_SPI_setClockConfig         
00000873  DMA_IRQHandler                
00000873  Default_Handler               
00000873  GROUP0_IRQHandler             
00001451  GROUP1_IRQHandler             
00000fa1  HOSTclose                     
00000969  HOSTlseek                     
00000ca5  HOSTopen                      
00000d61  HOSTread                      
000009d5  HOSTrename                    
00000fe9  HOSTunlink                    
00000db9  HOSTwrite                     
00000873  HardFault_Handler             
00000873  I2C0_IRQHandler               
00000873  I2C1_IRQHandler               
00000873  NMI_Handler                   
00000873  PendSV_Handler                
00000873  RTC_IRQHandler                
00001595  Reset_Handler                 
00000873  SPI0_IRQHandler               
00000b15  SPI1_IRQHandler               
00000873  SVC_Handler                   
00001031  SYSCFG_DL_GPIO_init           
00000f0d  SYSCFG_DL_SPI_0_init          
000010c1  SYSCFG_DL_SYSCTL_init         
00001415  SYSCFG_DL_init                
000011b5  SYSCFG_DL_initPower           
00000873  SysTick_Handler               
00000873  TIMA0_IRQHandler              
00000873  TIMA1_IRQHandler              
00000873  TIMG0_IRQHandler              
00000873  TIMG12_IRQHandler             
00000873  TIMG6_IRQHandler              
00000873  TIMG7_IRQHandler              
00000873  TIMG8_IRQHandler              
00000873  UART0_IRQHandler              
00000873  UART1_IRQHandler              
00000873  UART2_IRQHandler              
00000873  UART3_IRQHandler              
20200800  _CIOBUF_                      
20200800  __CIOBUF_                     
20208000  __STACK_END                   
00000200  __STACK_SIZE                  
00000800  __SYSMEM_SIZE                 
00000000  __TI_ATRegion0_region_sz      
00000000  __TI_ATRegion0_src_addr       
00000000  __TI_ATRegion0_trg_addr       
00000000  __TI_ATRegion1_region_sz      
00000000  __TI_ATRegion1_src_addr       
00000000  __TI_ATRegion1_trg_addr       
00000000  __TI_ATRegion2_region_sz      
00000000  __TI_ATRegion2_src_addr       
00000000  __TI_ATRegion2_trg_addr       
00001644  __TI_CINIT_Base               
00001654  __TI_CINIT_Limit              
00001654  __TI_CINIT_Warm               
00001630  __TI_Handler_Table_Base       
0000163c  __TI_Handler_Table_Limit      
00001141  __TI_auto_init_nobinit_nopinit
000011e9  __TI_cleanup                  
20200bb0  __TI_cleanup_ptr              
00000875  __TI_closefile                
000008f1  __TI_decompress_lzss          
00001507  __TI_decompress_none          
00000e69  __TI_doflush                  
20200bb4  __TI_dtors_ptr                
20200bb8  __TI_ft_end                   
ffffffff  __TI_pprof_out_hndl           
000000c1  __TI_printfi_minimal          
ffffffff  __TI_prof_data_size           
ffffffff  __TI_prof_data_start          
0000121d  __TI_readmsg                  
00000000  __TI_static_base__            
20200920  __TI_tmpnams                  
00001251  __TI_writemsg                 
00000b79  __TI_wrt_ok                   
000014b7  __TI_zero_init_nomemset       
00000ca3  __aeabi_idiv0                 
00001555  __aeabi_memclr                
00001555  __aeabi_memclr4               
00001555  __aeabi_memclr8               
0000156d  __aeabi_memcpy                
0000156d  __aeabi_memcpy4               
0000156d  __aeabi_memcpy8               
00001529  __aeabi_memset                
00001529  __aeabi_memset4               
00001529  __aeabi_memset8               
00001101  __aeabi_uidiv                 
00001101  __aeabi_uidivmod              
ffffffff  __binit__                     
UNDEFED   __mpu_init                    
20207e00  __stack                       
20200000  __start___llvm_prf_bits       
20200000  __start___llvm_prf_cnts       
20200000  __stop___llvm_prf_bits        
20200000  __stop___llvm_prf_cnts        
00001385  _c_int00_noargs               
20200ae8  _device                       
202009f8  _ftable                       
20200bbc  _lock                         
00000ebb  _nop                          
20200b60  _stream                       
20200000  _sys_memory                   
UNDEFED   _system_post_cinit            
00001599  _system_pre_init              
20200bc0  _unlock                       
0000159d  abort                         
00000345  aligned_alloc                 
ffffffff  binit                         
00000ebd  close                         
00001285  exit                          
0000117d  finddevice                    
20200bc8  flag                          
0000073d  fputc                         
00000471  fputs                         
00000575  free                          
00001585  fseek                         
00000a41  fseeko                        
202009f4  gRXPacket                     
202009c0  gSPI_0Backup                  
20200bc4  gTXPacket                     
00000aad  getdevice                     
00000000  interruptVectors              
00001335  lseek                         
00000e11  main                          
00001561  malloc                        
00000345  memalign                      
000013d1  memccpy                       
000007d9  memcpy                        
00000c41  memset                        
202009e8  parmbuf                       
00000d05  printf                        
0000158d  remove                        
00000661  setvbuf                       
000012b9  unlink                        
0000135d  write                         


GLOBAL SYMBOLS: SORTED BY Symbol Address 

address   name                          
-------   ----                          
00000000  __TI_ATRegion0_region_sz      
00000000  __TI_ATRegion0_src_addr       
00000000  __TI_ATRegion0_trg_addr       
00000000  __TI_ATRegion1_region_sz      
00000000  __TI_ATRegion1_src_addr       
00000000  __TI_ATRegion1_trg_addr       
00000000  __TI_ATRegion2_region_sz      
00000000  __TI_ATRegion2_src_addr       
00000000  __TI_ATRegion2_trg_addr       
00000000  __TI_static_base__            
00000000  interruptVectors              
000000c1  __TI_printfi_minimal          
00000200  __STACK_SIZE                  
00000345  aligned_alloc                 
00000345  memalign                      
00000471  fputs                         
00000575  free                          
00000661  setvbuf                       
0000073d  fputc                         
000007d9  memcpy                        
00000800  __SYSMEM_SIZE                 
00000873  ADC0_IRQHandler               
00000873  ADC1_IRQHandler               
00000873  AES_IRQHandler                
00000873  CANFD0_IRQHandler             
00000873  DAC0_IRQHandler               
00000873  DMA_IRQHandler                
00000873  Default_Handler               
00000873  GROUP0_IRQHandler             
00000873  HardFault_Handler             
00000873  I2C0_IRQHandler               
00000873  I2C1_IRQHandler               
00000873  NMI_Handler                   
00000873  PendSV_Handler                
00000873  RTC_IRQHandler                
00000873  SPI0_IRQHandler               
00000873  SVC_Handler                   
00000873  SysTick_Handler               
00000873  TIMA0_IRQHandler              
00000873  TIMA1_IRQHandler              
00000873  TIMG0_IRQHandler              
00000873  TIMG12_IRQHandler             
00000873  TIMG6_IRQHandler              
00000873  TIMG7_IRQHandler              
00000873  TIMG8_IRQHandler              
00000873  UART0_IRQHandler              
00000873  UART1_IRQHandler              
00000873  UART2_IRQHandler              
00000873  UART3_IRQHandler              
00000875  __TI_closefile                
000008f1  __TI_decompress_lzss          
00000969  HOSTlseek                     
000009d5  HOSTrename                    
00000a41  fseeko                        
00000aad  getdevice                     
00000b15  SPI1_IRQHandler               
00000b79  __TI_wrt_ok                   
00000c41  memset                        
00000ca3  __aeabi_idiv0                 
00000ca5  HOSTopen                      
00000d05  printf                        
00000d61  HOSTread                      
00000db9  HOSTwrite                     
00000e11  main                          
00000e69  __TI_doflush                  
00000ebb  _nop                          
00000ebd  close                         
00000f0d  SYSCFG_DL_SPI_0_init          
00000f59  DL_SPI_init                   
00000fa1  HOSTclose                     
00000fe9  HOSTunlink                    
00001031  SYSCFG_DL_GPIO_init           
00001079  DL_SPI_fillTXFIFO8            
000010c1  SYSCFG_DL_SYSCTL_init         
00001101  __aeabi_uidiv                 
00001101  __aeabi_uidivmod              
00001141  __TI_auto_init_nobinit_nopinit
0000117d  finddevice                    
000011b5  SYSCFG_DL_initPower           
000011e9  __TI_cleanup                  
0000121d  __TI_readmsg                  
00001251  __TI_writemsg                 
0000127d  C$$IO$$                       
00001285  exit                          
000012b9  unlink                        
00001335  lseek                         
0000135d  write                         
00001385  _c_int00_noargs               
000013ad  DL_SPI_setClockConfig         
000013d1  memccpy                       
000013f3  DL_SPI_receiveDataBlocking8   
00001415  SYSCFG_DL_init                
00001451  GROUP1_IRQHandler             
000014b7  __TI_zero_init_nomemset       
000014cd  DL_Common_delayCycles         
00001507  __TI_decompress_none          
00001529  __aeabi_memset                
00001529  __aeabi_memset4               
00001529  __aeabi_memset8               
00001555  __aeabi_memclr                
00001555  __aeabi_memclr4               
00001555  __aeabi_memclr8               
00001561  malloc                        
0000156d  __aeabi_memcpy                
0000156d  __aeabi_memcpy4               
0000156d  __aeabi_memcpy8               
00001585  fseek                         
0000158d  remove                        
00001595  Reset_Handler                 
00001599  _system_pre_init              
0000159c  C$$EXIT                       
0000159d  abort                         
00001630  __TI_Handler_Table_Base       
0000163c  __TI_Handler_Table_Limit      
00001644  __TI_CINIT_Base               
00001654  __TI_CINIT_Limit              
00001654  __TI_CINIT_Warm               
20200000  __start___llvm_prf_bits       
20200000  __start___llvm_prf_cnts       
20200000  __stop___llvm_prf_bits        
20200000  __stop___llvm_prf_cnts        
20200000  _sys_memory                   
20200800  _CIOBUF_                      
20200800  __CIOBUF_                     
20200920  __TI_tmpnams                  
202009c0  gSPI_0Backup                  
202009e8  parmbuf                       
202009f4  gRXPacket                     
202009f8  _ftable                       
20200ae8  _device                       
20200b60  _stream                       
20200bb0  __TI_cleanup_ptr              
20200bb4  __TI_dtors_ptr                
20200bb8  __TI_ft_end                   
20200bbc  _lock                         
20200bc0  _unlock                       
20200bc4  gTXPacket                     
20200bc8  flag                          
20207e00  __stack                       
20208000  __STACK_END                   
ffffffff  __TI_pprof_out_hndl           
ffffffff  __TI_prof_data_size           
ffffffff  __TI_prof_data_start          
ffffffff  __binit__                     
ffffffff  binit                         
UNDEFED   __mpu_init                    
UNDEFED   _system_post_cinit            

[147 symbols]
