******************************************************************************
            TI ARM Clang Linker PC v3.2.2                      
******************************************************************************
>> Linked Mon Oct 21 15:10:01 2024

OUTPUT FILE NAME:   <UART_TXRX.out>
ENTRY POINT SYMBOL: "_c_int00_noargs"  address: 000014d5


MEMORY CONFIGURATION

         name            origin    length      used     unused   attr    fill
----------------------  --------  ---------  --------  --------  ----  --------
  FLASH                 00000000   00020000  00001780  0001e880  R  X
  SRAM                  20200000   00008000  00000fb1  0000704f  RW X
  BCR_CONFIG            41c00000   00000080  00000000  00000080  R   
  BSL_CONFIG            41c00100   00000080  00000000  00000080  R   


SEGMENT ALLOCATION MAP

run origin  load origin   length   init length attrs members
----------  ----------- ---------- ----------- ----- -------
00000000    00000000    00001780   00001780    r-x
  00000000    00000000    000000c0   000000c0    r-- .intvecs
  000000c0    000000c0    00001600   00001600    r-x .text
  000016c0    000016c0    00000038   00000038    r-- .rodata
  000016f8    000016f8    00000088   00000088    r-- .cinit
20200000    20200000    00000db1   00000000    rw-
  20200000    20200000    00000800   00000000    rw- .sysmem
  20200800    20200800    000003dc   00000000    rw- .bss
  20200bdc    20200bdc    000001d5   00000000    rw- .data
20207e00    20207e00    00000200   00000000    rw-
  20207e00    20207e00    00000200   00000000    rw- .stack


SECTION ALLOCATION MAP

 output                                  attributes/
section   page    origin      length       input sections
--------  ----  ----------  ----------   ----------------
.intvecs   0    00000000    000000c0     
                  00000000    000000c0     startup_mspm0g350x_ticlang.o (.intvecs)

.text      0    000000c0    00001600     
                  000000c0    00000284     libc.a : _printfi.c.obj (.text:__TI_printfi_minimal)
                  00000344    00000184     UART_TXRX.o (.text.main)
                  000004c8    0000012c     libc.a : memory.c.obj (.text.aligned_alloc)
                  000005f4    00000104            : fputs.c.obj (.text.fputs)
                  000006f8    000000ec            : memory.c.obj (.text.free)
                  000007e4    000000dc            : setvbuf.c.obj (.text.setvbuf)
                  000008c0    0000009c            : fputc.c.obj (.text.fputc)
                  0000095c    0000009a            : memcpy16.S.obj (.text:memcpy)
                  000009f6    00000002     startup_mspm0g350x_ticlang.o (.text.Default_Handler)
                  000009f8    00000094     ti_msp_dl_config.o (.text.SYSCFG_DL_UART_0_init)
                  00000a8c    0000007c     libc.a : fclose.c.obj (.text.__TI_closefile)
                  00000b08    00000078            : copy_decompress_lzss.c.obj (.text:decompress:lzss)
                  00000b80    0000006c     libsysbm.a : hostlseek.c.obj (.text.HOSTlseek)
                  00000bec    0000006c                : hostrename.c.obj (.text.HOSTrename)
                  00000c58    0000006c     libc.a : fseek.c.obj (.text.fseeko)
                  00000cc4    00000068            : getdevice.c.obj (.text.getdevice)
                  00000d2c    00000064            : _io_perm.c.obj (.text.__TI_wrt_ok)
                  00000d90    00000064            : memory.c.obj (.text.split)
                  00000df4    00000062            : memset16.S.obj (.text:memset)
                  00000e56    00000002     libclang_rt.builtins.a : aeabi_div0.c.obj (.text.__aeabi_idiv0)
                  00000e58    00000060     libsysbm.a : hostopen.c.obj (.text.HOSTopen)
                  00000eb8    0000005c     libc.a : printf.c.obj (.text.printf)
                  00000f14    00000058     libsysbm.a : hostread.c.obj (.text.HOSTread)
                  00000f6c    00000058                : hostwrite.c.obj (.text.HOSTwrite)
                  00000fc4    00000052     libc.a : fflush.c.obj (.text.__TI_doflush)
                  00001016    00000002            : _lock.c.obj (.text._nop)
                  00001018    00000050     libsysbm.a : close.c.obj (.text.close)
                  00001068    0000004c     driverlib.a : dl_uart.o (.text.DL_UART_init)
                  000010b4    00000048     libsysbm.a : hostclose.c.obj (.text.HOSTclose)
                  000010fc    00000048                : hostunlink.c.obj (.text.HOSTunlink)
                  00001144    00000046     driverlib.a : dl_uart.o (.text.DL_UART_fillTXFIFO)
                  0000118a    00000002     --HOLE-- [fill = 0]
                  0000118c    00000044     UART_TXRX.o (.text.UART0_IRQHandler)
                  000011d0    00000040     ti_msp_dl_config.o (.text.SYSCFG_DL_GPIO_init)
                  00001210    00000040     ti_msp_dl_config.o (.text.SYSCFG_DL_SYSCTL_init)
                  00001250    00000040     libclang_rt.builtins.a : aeabi_uidivmod.S.obj (.text.__aeabi_uidivmod)
                  00001290    0000003c     libc.a : autoinit.c.obj (.text:__TI_auto_init_nobinit_nopinit)
                  000012cc    00000038            : getdevice.c.obj (.text.finddevice)
                  00001304    00000034     ti_msp_dl_config.o (.text.SYSCFG_DL_initPower)
                  00001338    00000034     libc.a : fopen.c.obj (.text.__TI_cleanup)
                  0000136c    00000034     libsysbm.a : trgmsg.c.obj (.text.__TI_readmsg)
                  000013a0    00000034                : trgmsg.c.obj (.text.__TI_writemsg)
                  000013d4    00000034     libc.a : exit.c.obj (.text.exit)
                  00001408    0000002c     libsysbm.a : unlink.c.obj (.text.unlink)
                  00001434    00000028     driverlib.a : dl_uart.o (.text.DL_Common_updateReg)
                  0000145c    00000028     libc.a : memory.c.obj (.text.free_list_insert)
                  00001484    00000028     libsysbm.a : lseek.c.obj (.text.lseek)
                  000014ac    00000028                : write.c.obj (.text.write)
                  000014d4    00000028     libc.a : boot_cortex_m.c.obj (.text:_c_int00_noargs)
                  000014fc    00000024     driverlib.a : dl_uart.o (.text.DL_UART_setClockConfig)
                  00001520    00000022     libc.a : memccpy.c.obj (.text.memccpy)
                  00001542    00000002     --HOLE-- [fill = 0]
                  00001544    0000001c     UART_TXRX.o (.text.GROUP1_IRQHandler)
                  00001560    0000001c     libc.a : memory.c.obj (.text.free_list_remove)
                  0000157c    00000018     driverlib.a : dl_uart.o (.text.DL_UART_isTXFIFOFull)
                  00001594    00000016                 : dl_uart.o (.text.DL_UART_disable)
                  000015aa    00000016                 : dl_uart.o (.text.DL_UART_transmitData)
                  000015c0    00000016     libc.a : copy_zero_init.c.obj (.text:decompress:ZI:__TI_zero_init_nomemset)
                  000015d6    00000014     driverlib.a : dl_common.o (.text.DL_Common_delayCycles)
                  000015ea    00000014     ti_msp_dl_config.o (.text.SYSCFG_DL_init)
                  000015fe    00000012     libsysbm.a : hostrename.c.obj (.text.strcpy)
                  00001610    00000012     libc.a : copy_decompress_none.c.obj (.text:decompress:none)
                  00001622    00000002     --HOLE-- [fill = 0]
                  00001624    00000010            : fputc.c.obj (.text.putchar)
                  00001634    0000000e            : memory.c.obj (.text.OUTLINED_FUNCTION_0)
                  00001642    00000002     --HOLE-- [fill = 0]
                  00001644    0000000e     libclang_rt.builtins.a : aeabi_memset.S.obj (.text.__aeabi_memset)
                  00001652    0000000e     libc.a : _printfi.c.obj (.text.strlen)
                  00001660    0000000e     libsysbm.a : hostrename.c.obj (.text.strlen)
                  0000166e    00000002     --HOLE-- [fill = 0]
                  00001670    0000000c     libclang_rt.builtins.a : aeabi_memset.S.obj (.text.__aeabi_memclr)
                  0000167c    0000000c     libc.a : memory.c.obj (.text.malloc)
                  00001688    00000008     libclang_rt.builtins.a : aeabi_memcpy.S.obj (.text.__aeabi_memcpy)
                  00001690    00000008     libc.a : printf.c.obj (.text._outc)
                  00001698    00000008            : printf.c.obj (.text._outs)
                  000016a0    00000008            : fseek.c.obj (.text.fseek)
                  000016a8    00000008     libsysbm.a : remove.c.obj (.text.remove)
                  000016b0    00000004     startup_mspm0g350x_ticlang.o (.text.Reset_Handler)
                  000016b4    00000004     libc.a : pre_init.c.obj (.text._system_pre_init)
                  000016b8    00000004            : exit.c.obj (.text:abort)
                  000016bc    00000004     --HOLE-- [fill = 0]

.cinit     0    000016f8    00000088     
                  000016f8    00000063     (.cinit..data.load) [load image, compression = lzss]
                  0000175b    00000001     --HOLE-- [fill = 0]
                  0000175c    0000000c     (__TI_handler_table)
                  00001768    00000008     (.cinit..bss.load) [load image, compression = zero_init]
                  00001770    00000010     (__TI_cinit_table)

.rodata    0    000016c0    00000038     
                  000016c0    00000011     UART_TXRX.o (.rodata.str1.168977431827749348874)
                  000016d1    00000011     libc.a : _printfi.c.obj (.rodata.str1.44690500295887128011)
                  000016e2    0000000a     ti_msp_dl_config.o (.rodata.gUART_0Config)
                  000016ec    00000004     UART_TXRX.o (.rodata.str1.146304208380745506331)
                  000016f0    00000002     ti_msp_dl_config.o (.rodata.gUART_0ClockConfig)
                  000016f2    00000006     --HOLE-- [fill = 0]

.init_array 
*          0    00000000    00000000     UNINITIALIZED

.binit     0    00000000    00000000     

.sysmem    0    20200000    00000800     UNINITIALIZED
                  20200000    00000010     libc.a : memory.c.obj (.sysmem)
                  20200010    000007f0     --HOLE--

.bss       0    20200800    000003dc     UNINITIALIZED
                  20200800    00000120     libsysbm.a : trgmsg.c.obj (.bss:_CIOBUF_)
                  20200920    00000108     (.common:RXBuffer)
                  20200a28    00000108     (.common:TXBuffer)
                  20200b30    000000a0     libc.a : defs.c.obj (.bss.__TI_tmpnams)
                  20200bd0    00000008     libsysbm.a : hostopen.c.obj (.bss.parmbuf)
                  20200bd8    00000004     libc.a : memory.c.obj (.bss.sys_free)

.data      0    20200bdc    000001d5     UNINITIALIZED
                  20200bdc    000000f0     libc.a : defs.c.obj (.data._ftable)
                  20200ccc    00000078     libsysbm.a : host_device.c.obj (.data._device)
                  20200d44    00000050                : host_device.c.obj (.data._stream)
                  20200d94    00000008     libc.a : exit.c.obj (.data..L_MergedGlobals)
                  20200d9c    00000004            : defs.c.obj (.data.__TI_ft_end)
                  20200da0    00000004            : _lock.c.obj (.data._lock)
                  20200da4    00000004            : _lock.c.obj (.data._unlock)
                  20200da8    00000002     UART_TXRX.o (.data.RXIndex)
                  20200daa    00000002     UART_TXRX.o (.data.bytesRemaining)
                  20200dac    00000002     UART_TXRX.o (.data.flag)
                  20200dae    00000001     UART_TXRX.o (.data.TXIndex)
                  20200daf    00000001     --HOLE--
                  20200db0    00000001     libc.a : memory.c.obj (.data.memory_is_initialized)

.stack     0    20207e00    00000200     UNINITIALIZED
                  20207e00    00000004     libc.a : boot_cortex_m.c.obj (.stack)
                  20207e04    000001fc     --HOLE--

__llvm_prf_cnts 
*          0    20200000    00000000     UNINITIALIZED

__llvm_prf_bits 
*          0    20200000    00000000     UNINITIALIZED

MODULE SUMMARY

       Module                         code   ro data   rw data
       ------                         ----   -------   -------
    .\
       UART_TXRX.o                    484    21        535    
       ti_msp_dl_config.o             348    12        0      
       startup_mspm0g350x_ticlang.o   6      192       0      
    +--+------------------------------+------+---------+---------+
       Total:                         838    225       535    
                                                              
    C:/ti/mspm0_sdk_2_02_00_05/source/ti/driverlib/lib/ticlang/m0p/mspm0g1x0x_g3x0x/driverlib.a
       dl_uart.o                      290    0         0      
       dl_common.o                    20     0         0      
    +--+------------------------------+------+---------+---------+
       Total:                         310    0         0      
                                                              
    C:\ti\ccs1271\ccs\tools\compiler\ti-cgt-armllvm_3.2.2.LTS\lib\armv6m-ti-none-eabi/c/libc.a
       memory.c.obj                   730    0         5      
       _printfi.c.obj                 658    17        0      
       defs.c.obj                     0      0         404    
       fputs.c.obj                    260    0         0      
       setvbuf.c.obj                  220    0         0      
       fputc.c.obj                    172    0         0      
       getdevice.c.obj                160    0         0      
       memcpy16.S.obj                 154    0         0      
       fclose.c.obj                   124    0         0      
       copy_decompress_lzss.c.obj     120    0         0      
       fseek.c.obj                    116    0         0      
       printf.c.obj                   108    0         0      
       _io_perm.c.obj                 100    0         0      
       memset16.S.obj                 98     0         0      
       fflush.c.obj                   82     0         0      
       exit.c.obj                     56     0         8      
       autoinit.c.obj                 60     0         0      
       fopen.c.obj                    52     0         0      
       boot_cortex_m.c.obj            40     0         0      
       memccpy.c.obj                  34     0         0      
       copy_zero_init.c.obj           22     0         0      
       copy_decompress_none.c.obj     18     0         0      
       _lock.c.obj                    2      0         8      
       pre_init.c.obj                 4      0         0      
    +--+------------------------------+------+---------+---------+
       Total:                         3390   17        425    
                                                              
    C:\ti\ccs1271\ccs\tools\compiler\ti-cgt-armllvm_3.2.2.LTS\lib\armv6m-ti-none-eabi/c/libsysbm.a
       trgmsg.c.obj                   104    0         288    
       host_device.c.obj              0      0         200    
       hostrename.c.obj               140    0         0      
       hostlseek.c.obj                108    0         0      
       hostopen.c.obj                 96     0         8      
       hostread.c.obj                 88     0         0      
       hostwrite.c.obj                88     0         0      
       close.c.obj                    80     0         0      
       hostclose.c.obj                72     0         0      
       hostunlink.c.obj               72     0         0      
       unlink.c.obj                   44     0         0      
       lseek.c.obj                    40     0         0      
       write.c.obj                    40     0         0      
       remove.c.obj                   8      0         0      
    +--+------------------------------+------+---------+---------+
       Total:                         980    0         496    
                                                              
    C:\ti\ccs1271\ccs\tools\compiler\ti-cgt-armllvm_3.2.2.LTS\lib\clang/15.0.7/lib/armv6m-ti-none-eabi/libclang_rt.builtins.a
       aeabi_uidivmod.S.obj           64     0         0      
       aeabi_memset.S.obj             26     0         0      
       aeabi_memcpy.S.obj             8      0         0      
       aeabi_div0.c.obj               2      0         0      
    +--+------------------------------+------+---------+---------+
       Total:                         100    0         0      
                                                              
       Heap:                          0      0         2048   
       Stack:                         0      0         512    
       Linker Generated:              0      135       0      
    +--+------------------------------+------+---------+---------+
       Grand Total:                   5618   377       4016   


LINKER GENERATED COPY TABLES

__TI_cinit_table @ 00001770 records: 2, size/record: 8, table size: 16
	.data: load addr=000016f8, load size=00000063 bytes, run addr=20200bdc, run size=000001d5 bytes, compression=lzss
	.bss: load addr=00001768, load size=00000008 bytes, run addr=20200800, run size=000003dc bytes, compression=zero_init


LINKER GENERATED HANDLER TABLE

__TI_handler_table @ 0000175c records: 3, size/record: 4, table size: 12
	index: 0, handler: __TI_decompress_lzss
	index: 1, handler: __TI_decompress_none
	index: 2, handler: __TI_zero_init


GLOBAL SYMBOLS: SORTED ALPHABETICALLY BY Name 

address   name                          
-------   ----                          
000009f7  ADC0_IRQHandler               
000009f7  ADC1_IRQHandler               
000009f7  AES_IRQHandler                
000016b8  C$$EXIT                       
000013cd  C$$IO$$                       
000009f7  CANFD0_IRQHandler             
000009f7  DAC0_IRQHandler               
000015d7  DL_Common_delayCycles         
00001145  DL_UART_fillTXFIFO            
00001069  DL_UART_init                  
000014fd  DL_UART_setClockConfig        
000009f7  DMA_IRQHandler                
000009f7  Default_Handler               
000009f7  GROUP0_IRQHandler             
00001545  GROUP1_IRQHandler             
000010b5  HOSTclose                     
00000b81  HOSTlseek                     
00000e59  HOSTopen                      
00000f15  HOSTread                      
00000bed  HOSTrename                    
000010fd  HOSTunlink                    
00000f6d  HOSTwrite                     
000009f7  HardFault_Handler             
000009f7  I2C0_IRQHandler               
000009f7  I2C1_IRQHandler               
000009f7  NMI_Handler                   
000009f7  PendSV_Handler                
000009f7  RTC_IRQHandler                
20200920  RXBuffer                      
20200da8  RXIndex                       
000016b1  Reset_Handler                 
000009f7  SPI0_IRQHandler               
000009f7  SPI1_IRQHandler               
000009f7  SVC_Handler                   
000011d1  SYSCFG_DL_GPIO_init           
00001211  SYSCFG_DL_SYSCTL_init         
000009f9  SYSCFG_DL_UART_0_init         
000015eb  SYSCFG_DL_init                
00001305  SYSCFG_DL_initPower           
000009f7  SysTick_Handler               
000009f7  TIMA0_IRQHandler              
000009f7  TIMA1_IRQHandler              
000009f7  TIMG0_IRQHandler              
000009f7  TIMG12_IRQHandler             
000009f7  TIMG6_IRQHandler              
000009f7  TIMG7_IRQHandler              
000009f7  TIMG8_IRQHandler              
20200a28  TXBuffer                      
20200dae  TXIndex                       
0000118d  UART0_IRQHandler              
000009f7  UART1_IRQHandler              
000009f7  UART2_IRQHandler              
000009f7  UART3_IRQHandler              
20200800  _CIOBUF_                      
20200800  __CIOBUF_                     
20208000  __STACK_END                   
00000200  __STACK_SIZE                  
00000800  __SYSMEM_SIZE                 
00000000  __TI_ATRegion0_region_sz      
00000000  __TI_ATRegion0_src_addr       
00000000  __TI_ATRegion0_trg_addr       
00000000  __TI_ATRegion1_region_sz      
00000000  __TI_ATRegion1_src_addr       
00000000  __TI_ATRegion1_trg_addr       
00000000  __TI_ATRegion2_region_sz      
00000000  __TI_ATRegion2_src_addr       
00000000  __TI_ATRegion2_trg_addr       
00001770  __TI_CINIT_Base               
00001780  __TI_CINIT_Limit              
00001780  __TI_CINIT_Warm               
0000175c  __TI_Handler_Table_Base       
00001768  __TI_Handler_Table_Limit      
00001291  __TI_auto_init_nobinit_nopinit
00001339  __TI_cleanup                  
20200d94  __TI_cleanup_ptr              
00000a8d  __TI_closefile                
00000b09  __TI_decompress_lzss          
00001611  __TI_decompress_none          
00000fc5  __TI_doflush                  
20200d98  __TI_dtors_ptr                
20200d9c  __TI_ft_end                   
ffffffff  __TI_pprof_out_hndl           
000000c1  __TI_printfi_minimal          
ffffffff  __TI_prof_data_size           
ffffffff  __TI_prof_data_start          
0000136d  __TI_readmsg                  
00000000  __TI_static_base__            
20200b30  __TI_tmpnams                  
000013a1  __TI_writemsg                 
00000d2d  __TI_wrt_ok                   
000015c1  __TI_zero_init_nomemset       
00000e57  __aeabi_idiv0                 
00001671  __aeabi_memclr                
00001671  __aeabi_memclr4               
00001671  __aeabi_memclr8               
00001689  __aeabi_memcpy                
00001689  __aeabi_memcpy4               
00001689  __aeabi_memcpy8               
00001645  __aeabi_memset                
00001645  __aeabi_memset4               
00001645  __aeabi_memset8               
00001251  __aeabi_uidiv                 
00001251  __aeabi_uidivmod              
ffffffff  __binit__                     
UNDEFED   __mpu_init                    
20207e00  __stack                       
20200000  __start___llvm_prf_bits       
20200000  __start___llvm_prf_cnts       
20200000  __stop___llvm_prf_bits        
20200000  __stop___llvm_prf_cnts        
000014d5  _c_int00_noargs               
20200ccc  _device                       
20200bdc  _ftable                       
20200da0  _lock                         
00001017  _nop                          
20200d44  _stream                       
20200000  _sys_memory                   
UNDEFED   _system_post_cinit            
000016b5  _system_pre_init              
20200da4  _unlock                       
000016b9  abort                         
000004c9  aligned_alloc                 
ffffffff  binit                         
20200daa  bytesRemaining                
00001019  close                         
000013d5  exit                          
000012cd  finddevice                    
20200dac  flag                          
000008c1  fputc                         
000005f5  fputs                         
000006f9  free                          
000016a1  fseek                         
00000c59  fseeko                        
00000cc5  getdevice                     
00000000  interruptVectors              
00001485  lseek                         
00000345  main                          
0000167d  malloc                        
000004c9  memalign                      
00001521  memccpy                       
0000095d  memcpy                        
00000df5  memset                        
20200bd0  parmbuf                       
00000eb9  printf                        
00001625  putchar                       
000016a9  remove                        
000007e5  setvbuf                       
00001409  unlink                        
000014ad  write                         


GLOBAL SYMBOLS: SORTED BY Symbol Address 

address   name                          
-------   ----                          
00000000  __TI_ATRegion0_region_sz      
00000000  __TI_ATRegion0_src_addr       
00000000  __TI_ATRegion0_trg_addr       
00000000  __TI_ATRegion1_region_sz      
00000000  __TI_ATRegion1_src_addr       
00000000  __TI_ATRegion1_trg_addr       
00000000  __TI_ATRegion2_region_sz      
00000000  __TI_ATRegion2_src_addr       
00000000  __TI_ATRegion2_trg_addr       
00000000  __TI_static_base__            
00000000  interruptVectors              
000000c1  __TI_printfi_minimal          
00000200  __STACK_SIZE                  
00000345  main                          
000004c9  aligned_alloc                 
000004c9  memalign                      
000005f5  fputs                         
000006f9  free                          
000007e5  setvbuf                       
00000800  __SYSMEM_SIZE                 
000008c1  fputc                         
0000095d  memcpy                        
000009f7  ADC0_IRQHandler               
000009f7  ADC1_IRQHandler               
000009f7  AES_IRQHandler                
000009f7  CANFD0_IRQHandler             
000009f7  DAC0_IRQHandler               
000009f7  DMA_IRQHandler                
000009f7  Default_Handler               
000009f7  GROUP0_IRQHandler             
000009f7  HardFault_Handler             
000009f7  I2C0_IRQHandler               
000009f7  I2C1_IRQHandler               
000009f7  NMI_Handler                   
000009f7  PendSV_Handler                
000009f7  RTC_IRQHandler                
000009f7  SPI0_IRQHandler               
000009f7  SPI1_IRQHandler               
000009f7  SVC_Handler                   
000009f7  SysTick_Handler               
000009f7  TIMA0_IRQHandler              
000009f7  TIMA1_IRQHandler              
000009f7  TIMG0_IRQHandler              
000009f7  TIMG12_IRQHandler             
000009f7  TIMG6_IRQHandler              
000009f7  TIMG7_IRQHandler              
000009f7  TIMG8_IRQHandler              
000009f7  UART1_IRQHandler              
000009f7  UART2_IRQHandler              
000009f7  UART3_IRQHandler              
000009f9  SYSCFG_DL_UART_0_init         
00000a8d  __TI_closefile                
00000b09  __TI_decompress_lzss          
00000b81  HOSTlseek                     
00000bed  HOSTrename                    
00000c59  fseeko                        
00000cc5  getdevice                     
00000d2d  __TI_wrt_ok                   
00000df5  memset                        
00000e57  __aeabi_idiv0                 
00000e59  HOSTopen                      
00000eb9  printf                        
00000f15  HOSTread                      
00000f6d  HOSTwrite                     
00000fc5  __TI_doflush                  
00001017  _nop                          
00001019  close                         
00001069  DL_UART_init                  
000010b5  HOSTclose                     
000010fd  HOSTunlink                    
00001145  DL_UART_fillTXFIFO            
0000118d  UART0_IRQHandler              
000011d1  SYSCFG_DL_GPIO_init           
00001211  SYSCFG_DL_SYSCTL_init         
00001251  __aeabi_uidiv                 
00001251  __aeabi_uidivmod              
00001291  __TI_auto_init_nobinit_nopinit
000012cd  finddevice                    
00001305  SYSCFG_DL_initPower           
00001339  __TI_cleanup                  
0000136d  __TI_readmsg                  
000013a1  __TI_writemsg                 
000013cd  C$$IO$$                       
000013d5  exit                          
00001409  unlink                        
00001485  lseek                         
000014ad  write                         
000014d5  _c_int00_noargs               
000014fd  DL_UART_setClockConfig        
00001521  memccpy                       
00001545  GROUP1_IRQHandler             
000015c1  __TI_zero_init_nomemset       
000015d7  DL_Common_delayCycles         
000015eb  SYSCFG_DL_init                
00001611  __TI_decompress_none          
00001625  putchar                       
00001645  __aeabi_memset                
00001645  __aeabi_memset4               
00001645  __aeabi_memset8               
00001671  __aeabi_memclr                
00001671  __aeabi_memclr4               
00001671  __aeabi_memclr8               
0000167d  malloc                        
00001689  __aeabi_memcpy                
00001689  __aeabi_memcpy4               
00001689  __aeabi_memcpy8               
000016a1  fseek                         
000016a9  remove                        
000016b1  Reset_Handler                 
000016b5  _system_pre_init              
000016b8  C$$EXIT                       
000016b9  abort                         
0000175c  __TI_Handler_Table_Base       
00001768  __TI_Handler_Table_Limit      
00001770  __TI_CINIT_Base               
00001780  __TI_CINIT_Limit              
00001780  __TI_CINIT_Warm               
20200000  __start___llvm_prf_bits       
20200000  __start___llvm_prf_cnts       
20200000  __stop___llvm_prf_bits        
20200000  __stop___llvm_prf_cnts        
20200000  _sys_memory                   
20200800  _CIOBUF_                      
20200800  __CIOBUF_                     
20200920  RXBuffer                      
20200a28  TXBuffer                      
20200b30  __TI_tmpnams                  
20200bd0  parmbuf                       
20200bdc  _ftable                       
20200ccc  _device                       
20200d44  _stream                       
20200d94  __TI_cleanup_ptr              
20200d98  __TI_dtors_ptr                
20200d9c  __TI_ft_end                   
20200da0  _lock                         
20200da4  _unlock                       
20200da8  RXIndex                       
20200daa  bytesRemaining                
20200dac  flag                          
20200dae  TXIndex                       
20207e00  __stack                       
20208000  __STACK_END                   
ffffffff  __TI_pprof_out_hndl           
ffffffff  __TI_prof_data_size           
ffffffff  __TI_prof_data_start          
ffffffff  __binit__                     
ffffffff  binit                         
UNDEFED   __mpu_init                    
UNDEFED   _system_post_cinit            

[149 symbols]
