******************************************************************************
            TI ARM Clang Linker PC v3.2.2                      
******************************************************************************
>> Linked Mon Oct  7 13:57:27 2024

OUTPUT FILE NAME:   <i2c_controller_rw_multibyte_fifo_poll_LP_MSPM0G3507_nortos_ticlang.out>
ENTRY POINT SYMBOL: "_c_int00_noargs"  address: 00001451


MEMORY CONFIGURATION

         name            origin    length      used     unused   attr    fill
----------------------  --------  ---------  --------  --------  ----  --------
  FLASH                 00000000   00020000  000016a8  0001e958  R  X
  SRAM                  20200000   00008000  00000da9  00007257  RW X
  BCR_CONFIG            41c00000   00000080  00000000  00000080  R   
  BSL_CONFIG            41c00100   00000080  00000000  00000080  R   


SEGMENT ALLOCATION MAP

run origin  load origin   length   init length attrs members
----------  ----------- ---------- ----------- ----- -------
00000000    00000000    000016a8   000016a8    r-x
  00000000    00000000    000000c0   000000c0    r-- .intvecs
  000000c0    000000c0    00001528   00001528    r-x .text
  000015e8    000015e8    00000030   00000030    r-- .rodata
  00001618    00001618    00000090   00000090    r-- .cinit
20200000    20200000    00000bac   00000000    rw-
  20200000    20200000    00000800   00000000    rw- .sysmem
  20200800    20200800    000001d5   00000000    rw- .data
  202009d8    202009d8    000001d4   00000000    rw- .bss
20207e00    20207e00    00000200   00000000    rw-
  20207e00    20207e00    00000200   00000000    rw- .stack


SECTION ALLOCATION MAP

 output                                  attributes/
section   page    origin      length       input sections
--------  ----  ----------  ----------   ----------------
.intvecs   0    00000000    000000c0     
                  00000000    000000c0     startup_mspm0g350x_ticlang.o (.intvecs)

.text      0    000000c0    00001528     
                  000000c0    00000284     libc.a : _printfi.c.obj (.text:__TI_printfi_minimal)
                  00000344    000001a0     i2c_controller_rw_multibyte_fifo_poll.o (.text.main)
                  000004e4    0000012c     libc.a : memory.c.obj (.text.aligned_alloc)
                  00000610    00000104            : fputs.c.obj (.text.fputs)
                  00000714    000000ec            : memory.c.obj (.text.free)
                  00000800    000000dc            : setvbuf.c.obj (.text.setvbuf)
                  000008dc    0000009c            : fputc.c.obj (.text.fputc)
                  00000978    0000009a            : memcpy16.S.obj (.text:memcpy)
                  00000a12    00000002     startup_mspm0g350x_ticlang.o (.text.Default_Handler)
                  00000a14    0000007c     libc.a : fclose.c.obj (.text.__TI_closefile)
                  00000a90    00000078            : copy_decompress_lzss.c.obj (.text:decompress:lzss)
                  00000b08    0000006c     libsysbm.a : hostlseek.c.obj (.text.HOSTlseek)
                  00000b74    0000006c                : hostrename.c.obj (.text.HOSTrename)
                  00000be0    0000006c     libc.a : fseek.c.obj (.text.fseeko)
                  00000c4c    00000068            : getdevice.c.obj (.text.getdevice)
                  00000cb4    00000064            : _io_perm.c.obj (.text.__TI_wrt_ok)
                  00000d18    00000064            : memory.c.obj (.text.split)
                  00000d7c    00000062            : memset16.S.obj (.text:memset)
                  00000dde    00000002     libclang_rt.builtins.a : aeabi_div0.c.obj (.text.__aeabi_idiv0)
                  00000de0    00000060     libsysbm.a : hostopen.c.obj (.text.HOSTopen)
                  00000e40    0000005c     libc.a : printf.c.obj (.text.printf)
                  00000e9c    00000058     libsysbm.a : hostread.c.obj (.text.HOSTread)
                  00000ef4    00000058                : hostwrite.c.obj (.text.HOSTwrite)
                  00000f4c    00000054     driverlib.a : dl_i2c.o (.text.DL_I2C_fillControllerTXFIFO)
                  00000fa0    00000054     ti_msp_dl_config.o (.text.SYSCFG_DL_I2C_init)
                  00000ff4    00000052     libc.a : fflush.c.obj (.text.__TI_doflush)
                  00001046    00000002            : _lock.c.obj (.text._nop)
                  00001048    00000050     libsysbm.a : close.c.obj (.text.close)
                  00001098    00000048                : hostclose.c.obj (.text.HOSTclose)
                  000010e0    00000048                : hostunlink.c.obj (.text.HOSTunlink)
                  00001128    00000040     ti_msp_dl_config.o (.text.SYSCFG_DL_GPIO_init)
                  00001168    00000040     libclang_rt.builtins.a : aeabi_uidivmod.S.obj (.text.__aeabi_uidivmod)
                  000011a8    0000003c     libc.a : autoinit.c.obj (.text:__TI_auto_init_nobinit_nopinit)
                  000011e4    00000038            : getdevice.c.obj (.text.finddevice)
                  0000121c    00000034     driverlib.a : dl_i2c.o (.text.DL_I2C_setClockConfig)
                  00001250    00000034     ti_msp_dl_config.o (.text.SYSCFG_DL_initPower)
                  00001284    00000034     libc.a : fopen.c.obj (.text.__TI_cleanup)
                  000012b8    00000034     libsysbm.a : trgmsg.c.obj (.text.__TI_readmsg)
                  000012ec    00000034                : trgmsg.c.obj (.text.__TI_writemsg)
                  00001320    00000034     libc.a : exit.c.obj (.text.exit)
                  00001354    00000030     ti_msp_dl_config.o (.text.SYSCFG_DL_SYSCTL_init)
                  00001384    0000002c     libsysbm.a : unlink.c.obj (.text.unlink)
                  000013b0    00000028     driverlib.a : dl_i2c.o (.text.DL_Common_updateReg)
                  000013d8    00000028     libc.a : memory.c.obj (.text.free_list_insert)
                  00001400    00000028     libsysbm.a : lseek.c.obj (.text.lseek)
                  00001428    00000028                : write.c.obj (.text.write)
                  00001450    00000028     libc.a : boot_cortex_m.c.obj (.text:_c_int00_noargs)
                  00001478    00000022            : memccpy.c.obj (.text.memccpy)
                  0000149a    00000002     --HOLE-- [fill = 0]
                  0000149c    0000001c     driverlib.a : dl_i2c.o (.text.DL_I2C_isControllerTXFIFOFull)
                  000014b8    0000001c     libc.a : memory.c.obj (.text.free_list_remove)
                  000014d4    00000016     driverlib.a : dl_i2c.o (.text.DL_I2C_transmitControllerData)
                  000014ea    00000016     libc.a : copy_zero_init.c.obj (.text:decompress:ZI:__TI_zero_init_nomemset)
                  00001500    00000014     driverlib.a : dl_common.o (.text.DL_Common_delayCycles)
                  00001514    00000014     ti_msp_dl_config.o (.text.SYSCFG_DL_init)
                  00001528    00000012     libsysbm.a : hostrename.c.obj (.text.strcpy)
                  0000153a    00000012     libc.a : copy_decompress_none.c.obj (.text:decompress:none)
                  0000154c    00000010            : fputc.c.obj (.text.putchar)
                  0000155c    0000000e            : memory.c.obj (.text.OUTLINED_FUNCTION_0)
                  0000156a    00000002     --HOLE-- [fill = 0]
                  0000156c    0000000e     libclang_rt.builtins.a : aeabi_memset.S.obj (.text.__aeabi_memset)
                  0000157a    0000000e     libc.a : _printfi.c.obj (.text.strlen)
                  00001588    0000000e     libsysbm.a : hostrename.c.obj (.text.strlen)
                  00001596    00000002     --HOLE-- [fill = 0]
                  00001598    0000000c     libclang_rt.builtins.a : aeabi_memset.S.obj (.text.__aeabi_memclr)
                  000015a4    0000000c     libc.a : memory.c.obj (.text.malloc)
                  000015b0    00000008     libclang_rt.builtins.a : aeabi_memcpy.S.obj (.text.__aeabi_memcpy)
                  000015b8    00000008     libc.a : printf.c.obj (.text._outc)
                  000015c0    00000008            : printf.c.obj (.text._outs)
                  000015c8    00000008            : fseek.c.obj (.text.fseek)
                  000015d0    00000008     libsysbm.a : remove.c.obj (.text.remove)
                  000015d8    00000004     startup_mspm0g350x_ticlang.o (.text.Reset_Handler)
                  000015dc    00000004     libc.a : pre_init.c.obj (.text._system_pre_init)
                  000015e0    00000004            : exit.c.obj (.text:abort)
                  000015e4    00000004     --HOLE-- [fill = 0]

.cinit     0    00001618    00000090     
                  00001618    0000006b     (.cinit..data.load) [load image, compression = lzss]
                  00001683    00000001     --HOLE-- [fill = 0]
                  00001684    0000000c     (__TI_handler_table)
                  00001690    00000008     (.cinit..bss.load) [load image, compression = zero_init]
                  00001698    00000010     (__TI_cinit_table)

.rodata    0    000015e8    00000030     
                  000015e8    00000016     i2c_controller_rw_multibyte_fifo_poll.o (.rodata.str1.22746396042973679491)
                  000015fe    00000011     libc.a : _printfi.c.obj (.rodata.str1.44690500295887128011)
                  0000160f    00000004     i2c_controller_rw_multibyte_fifo_poll.o (.rodata.str1.166714030737360357051)
                  00001613    00000002     ti_msp_dl_config.o (.rodata.gI2CClockConfig)
                  00001615    00000003     --HOLE-- [fill = 0]

.init_array 
*          0    00000000    00000000     UNINITIALIZED

.binit     0    00000000    00000000     

.sysmem    0    20200000    00000800     UNINITIALIZED
                  20200000    00000010     libc.a : memory.c.obj (.sysmem)
                  20200010    000007f0     --HOLE--

.data      0    20200800    000001d5     UNINITIALIZED
                  20200800    000000f0     libc.a : defs.c.obj (.data._ftable)
                  202008f0    00000078     libsysbm.a : host_device.c.obj (.data._device)
                  20200968    00000050                : host_device.c.obj (.data._stream)
                  202009b8    00000008     libc.a : exit.c.obj (.data..L_MergedGlobals)
                  202009c0    00000008     i2c_controller_rw_multibyte_fifo_poll.o (.data.gTxPacket)
                  202009c8    00000004     libc.a : defs.c.obj (.data.__TI_ft_end)
                  202009cc    00000004            : _lock.c.obj (.data._lock)
                  202009d0    00000004            : _lock.c.obj (.data._unlock)
                  202009d4    00000001            : memory.c.obj (.data.memory_is_initialized)

.bss       0    202009d8    000001d4     UNINITIALIZED
                  202009d8    00000120     libsysbm.a : trgmsg.c.obj (.bss:_CIOBUF_)
                  20200af8    000000a0     libc.a : defs.c.obj (.bss.__TI_tmpnams)
                  20200b98    00000008     libsysbm.a : hostopen.c.obj (.bss.parmbuf)
                  20200ba0    00000005     (.common:gRxPacket)
                  20200ba5    00000003     --HOLE--
                  20200ba8    00000004     libc.a : memory.c.obj (.bss.sys_free)

.stack     0    20207e00    00000200     UNINITIALIZED
                  20207e00    00000004     libc.a : boot_cortex_m.c.obj (.stack)
                  20207e04    000001fc     --HOLE--

__llvm_prf_cnts 
*          0    20200000    00000000     UNINITIALIZED

__llvm_prf_bits 
*          0    20200000    00000000     UNINITIALIZED

MODULE SUMMARY

       Module                                    code   ro data   rw data
       ------                                    ----   -------   -------
    .\
       i2c_controller_rw_multibyte_fifo_poll.o   416    26        13     
       ti_msp_dl_config.o                        268    2         0      
       startup_mspm0g350x_ticlang.o              6      192       0      
    +--+-----------------------------------------+------+---------+---------+
       Total:                                    690    220       13     
                                                                         
    C:/ti/mspm0_sdk_2_02_00_05/source/ti/driverlib/lib/ticlang/m0p/mspm0g1x0x_g3x0x/driverlib.a
       dl_i2c.o                                  226    0         0      
       dl_common.o                               20     0         0      
    +--+-----------------------------------------+------+---------+---------+
       Total:                                    246    0         0      
                                                                         
    C:\ti\ccs1271\ccs\tools\compiler\ti-cgt-armllvm_3.2.2.LTS\lib\armv6m-ti-none-eabi/c/libc.a
       memory.c.obj                              730    0         5      
       _printfi.c.obj                            658    17        0      
       defs.c.obj                                0      0         404    
       fputs.c.obj                               260    0         0      
       setvbuf.c.obj                             220    0         0      
       fputc.c.obj                               172    0         0      
       getdevice.c.obj                           160    0         0      
       memcpy16.S.obj                            154    0         0      
       fclose.c.obj                              124    0         0      
       copy_decompress_lzss.c.obj                120    0         0      
       fseek.c.obj                               116    0         0      
       printf.c.obj                              108    0         0      
       _io_perm.c.obj                            100    0         0      
       memset16.S.obj                            98     0         0      
       fflush.c.obj                              82     0         0      
       exit.c.obj                                56     0         8      
       autoinit.c.obj                            60     0         0      
       fopen.c.obj                               52     0         0      
       boot_cortex_m.c.obj                       40     0         0      
       memccpy.c.obj                             34     0         0      
       copy_zero_init.c.obj                      22     0         0      
       copy_decompress_none.c.obj                18     0         0      
       _lock.c.obj                               2      0         8      
       pre_init.c.obj                            4      0         0      
    +--+-----------------------------------------+------+---------+---------+
       Total:                                    3390   17        425    
                                                                         
    C:\ti\ccs1271\ccs\tools\compiler\ti-cgt-armllvm_3.2.2.LTS\lib\armv6m-ti-none-eabi/c/libsysbm.a
       trgmsg.c.obj                              104    0         288    
       host_device.c.obj                         0      0         200    
       hostrename.c.obj                          140    0         0      
       hostlseek.c.obj                           108    0         0      
       hostopen.c.obj                            96     0         8      
       hostread.c.obj                            88     0         0      
       hostwrite.c.obj                           88     0         0      
       close.c.obj                               80     0         0      
       hostclose.c.obj                           72     0         0      
       hostunlink.c.obj                          72     0         0      
       unlink.c.obj                              44     0         0      
       lseek.c.obj                               40     0         0      
       write.c.obj                               40     0         0      
       remove.c.obj                              8      0         0      
    +--+-----------------------------------------+------+---------+---------+
       Total:                                    980    0         496    
                                                                         
    C:\ti\ccs1271\ccs\tools\compiler\ti-cgt-armllvm_3.2.2.LTS\lib\clang/15.0.7/lib/armv6m-ti-none-eabi/libclang_rt.builtins.a
       aeabi_uidivmod.S.obj                      64     0         0      
       aeabi_memset.S.obj                        26     0         0      
       aeabi_memcpy.S.obj                        8      0         0      
       aeabi_div0.c.obj                          2      0         0      
    +--+-----------------------------------------+------+---------+---------+
       Total:                                    100    0         0      
                                                                         
       Heap:                                     0      0         2048   
       Stack:                                    0      0         512    
       Linker Generated:                         0      143       0      
    +--+-----------------------------------------+------+---------+---------+
       Grand Total:                              5406   380       3494   


LINKER GENERATED COPY TABLES

__TI_cinit_table @ 00001698 records: 2, size/record: 8, table size: 16
	.data: load addr=00001618, load size=0000006b bytes, run addr=20200800, run size=000001d5 bytes, compression=lzss
	.bss: load addr=00001690, load size=00000008 bytes, run addr=202009d8, run size=000001d4 bytes, compression=zero_init


LINKER GENERATED HANDLER TABLE

__TI_handler_table @ 00001684 records: 3, size/record: 4, table size: 12
	index: 0, handler: __TI_decompress_lzss
	index: 1, handler: __TI_decompress_none
	index: 2, handler: __TI_zero_init


GLOBAL SYMBOLS: SORTED ALPHABETICALLY BY Name 

address   name                          
-------   ----                          
00000a13  ADC0_IRQHandler               
00000a13  ADC1_IRQHandler               
00000a13  AES_IRQHandler                
000015e0  C$$EXIT                       
00001319  C$$IO$$                       
00000a13  CANFD0_IRQHandler             
00000a13  DAC0_IRQHandler               
00001501  DL_Common_delayCycles         
00000f4d  DL_I2C_fillControllerTXFIFO   
0000121d  DL_I2C_setClockConfig         
00000a13  DMA_IRQHandler                
00000a13  Default_Handler               
00000a13  GROUP0_IRQHandler             
00000a13  GROUP1_IRQHandler             
00001099  HOSTclose                     
00000b09  HOSTlseek                     
00000de1  HOSTopen                      
00000e9d  HOSTread                      
00000b75  HOSTrename                    
000010e1  HOSTunlink                    
00000ef5  HOSTwrite                     
00000a13  HardFault_Handler             
00000a13  I2C0_IRQHandler               
00000a13  I2C1_IRQHandler               
00000a13  NMI_Handler                   
00000a13  PendSV_Handler                
00000a13  RTC_IRQHandler                
000015d9  Reset_Handler                 
00000a13  SPI0_IRQHandler               
00000a13  SPI1_IRQHandler               
00000a13  SVC_Handler                   
00001129  SYSCFG_DL_GPIO_init           
00000fa1  SYSCFG_DL_I2C_init            
00001355  SYSCFG_DL_SYSCTL_init         
00001515  SYSCFG_DL_init                
00001251  SYSCFG_DL_initPower           
00000a13  SysTick_Handler               
00000a13  TIMA0_IRQHandler              
00000a13  TIMA1_IRQHandler              
00000a13  TIMG0_IRQHandler              
00000a13  TIMG12_IRQHandler             
00000a13  TIMG6_IRQHandler              
00000a13  TIMG7_IRQHandler              
00000a13  TIMG8_IRQHandler              
00000a13  UART0_IRQHandler              
00000a13  UART1_IRQHandler              
00000a13  UART2_IRQHandler              
00000a13  UART3_IRQHandler              
202009d8  _CIOBUF_                      
202009d8  __CIOBUF_                     
20208000  __STACK_END                   
00000200  __STACK_SIZE                  
00000800  __SYSMEM_SIZE                 
00000000  __TI_ATRegion0_region_sz      
00000000  __TI_ATRegion0_src_addr       
00000000  __TI_ATRegion0_trg_addr       
00000000  __TI_ATRegion1_region_sz      
00000000  __TI_ATRegion1_src_addr       
00000000  __TI_ATRegion1_trg_addr       
00000000  __TI_ATRegion2_region_sz      
00000000  __TI_ATRegion2_src_addr       
00000000  __TI_ATRegion2_trg_addr       
00001698  __TI_CINIT_Base               
000016a8  __TI_CINIT_Limit              
000016a8  __TI_CINIT_Warm               
00001684  __TI_Handler_Table_Base       
00001690  __TI_Handler_Table_Limit      
000011a9  __TI_auto_init_nobinit_nopinit
00001285  __TI_cleanup                  
202009b8  __TI_cleanup_ptr              
00000a15  __TI_closefile                
00000a91  __TI_decompress_lzss          
0000153b  __TI_decompress_none          
00000ff5  __TI_doflush                  
202009bc  __TI_dtors_ptr                
202009c8  __TI_ft_end                   
ffffffff  __TI_pprof_out_hndl           
000000c1  __TI_printfi_minimal          
ffffffff  __TI_prof_data_size           
ffffffff  __TI_prof_data_start          
000012b9  __TI_readmsg                  
00000000  __TI_static_base__            
20200af8  __TI_tmpnams                  
000012ed  __TI_writemsg                 
00000cb5  __TI_wrt_ok                   
000014eb  __TI_zero_init_nomemset       
00000ddf  __aeabi_idiv0                 
00001599  __aeabi_memclr                
00001599  __aeabi_memclr4               
00001599  __aeabi_memclr8               
000015b1  __aeabi_memcpy                
000015b1  __aeabi_memcpy4               
000015b1  __aeabi_memcpy8               
0000156d  __aeabi_memset                
0000156d  __aeabi_memset4               
0000156d  __aeabi_memset8               
00001169  __aeabi_uidiv                 
00001169  __aeabi_uidivmod              
ffffffff  __binit__                     
UNDEFED   __mpu_init                    
20207e00  __stack                       
20200000  __start___llvm_prf_bits       
20200000  __start___llvm_prf_cnts       
20200000  __stop___llvm_prf_bits        
20200000  __stop___llvm_prf_cnts        
00001451  _c_int00_noargs               
202008f0  _device                       
20200800  _ftable                       
202009cc  _lock                         
00001047  _nop                          
20200968  _stream                       
20200000  _sys_memory                   
UNDEFED   _system_post_cinit            
000015dd  _system_pre_init              
202009d0  _unlock                       
000015e1  abort                         
000004e5  aligned_alloc                 
ffffffff  binit                         
00001049  close                         
00001321  exit                          
000011e5  finddevice                    
000008dd  fputc                         
00000611  fputs                         
00000715  free                          
000015c9  fseek                         
00000be1  fseeko                        
20200ba0  gRxPacket                     
202009c0  gTxPacket                     
00000c4d  getdevice                     
00000000  interruptVectors              
00001401  lseek                         
00000345  main                          
000015a5  malloc                        
000004e5  memalign                      
00001479  memccpy                       
00000979  memcpy                        
00000d7d  memset                        
20200b98  parmbuf                       
00000e41  printf                        
0000154d  putchar                       
000015d1  remove                        
00000801  setvbuf                       
00001385  unlink                        
00001429  write                         


GLOBAL SYMBOLS: SORTED BY Symbol Address 

address   name                          
-------   ----                          
00000000  __TI_ATRegion0_region_sz      
00000000  __TI_ATRegion0_src_addr       
00000000  __TI_ATRegion0_trg_addr       
00000000  __TI_ATRegion1_region_sz      
00000000  __TI_ATRegion1_src_addr       
00000000  __TI_ATRegion1_trg_addr       
00000000  __TI_ATRegion2_region_sz      
00000000  __TI_ATRegion2_src_addr       
00000000  __TI_ATRegion2_trg_addr       
00000000  __TI_static_base__            
00000000  interruptVectors              
000000c1  __TI_printfi_minimal          
00000200  __STACK_SIZE                  
00000345  main                          
000004e5  aligned_alloc                 
000004e5  memalign                      
00000611  fputs                         
00000715  free                          
00000800  __SYSMEM_SIZE                 
00000801  setvbuf                       
000008dd  fputc                         
00000979  memcpy                        
00000a13  ADC0_IRQHandler               
00000a13  ADC1_IRQHandler               
00000a13  AES_IRQHandler                
00000a13  CANFD0_IRQHandler             
00000a13  DAC0_IRQHandler               
00000a13  DMA_IRQHandler                
00000a13  Default_Handler               
00000a13  GROUP0_IRQHandler             
00000a13  GROUP1_IRQHandler             
00000a13  HardFault_Handler             
00000a13  I2C0_IRQHandler               
00000a13  I2C1_IRQHandler               
00000a13  NMI_Handler                   
00000a13  PendSV_Handler                
00000a13  RTC_IRQHandler                
00000a13  SPI0_IRQHandler               
00000a13  SPI1_IRQHandler               
00000a13  SVC_Handler                   
00000a13  SysTick_Handler               
00000a13  TIMA0_IRQHandler              
00000a13  TIMA1_IRQHandler              
00000a13  TIMG0_IRQHandler              
00000a13  TIMG12_IRQHandler             
00000a13  TIMG6_IRQHandler              
00000a13  TIMG7_IRQHandler              
00000a13  TIMG8_IRQHandler              
00000a13  UART0_IRQHandler              
00000a13  UART1_IRQHandler              
00000a13  UART2_IRQHandler              
00000a13  UART3_IRQHandler              
00000a15  __TI_closefile                
00000a91  __TI_decompress_lzss          
00000b09  HOSTlseek                     
00000b75  HOSTrename                    
00000be1  fseeko                        
00000c4d  getdevice                     
00000cb5  __TI_wrt_ok                   
00000d7d  memset                        
00000ddf  __aeabi_idiv0                 
00000de1  HOSTopen                      
00000e41  printf                        
00000e9d  HOSTread                      
00000ef5  HOSTwrite                     
00000f4d  DL_I2C_fillControllerTXFIFO   
00000fa1  SYSCFG_DL_I2C_init            
00000ff5  __TI_doflush                  
00001047  _nop                          
00001049  close                         
00001099  HOSTclose                     
000010e1  HOSTunlink                    
00001129  SYSCFG_DL_GPIO_init           
00001169  __aeabi_uidiv                 
00001169  __aeabi_uidivmod              
000011a9  __TI_auto_init_nobinit_nopinit
000011e5  finddevice                    
0000121d  DL_I2C_setClockConfig         
00001251  SYSCFG_DL_initPower           
00001285  __TI_cleanup                  
000012b9  __TI_readmsg                  
000012ed  __TI_writemsg                 
00001319  C$$IO$$                       
00001321  exit                          
00001355  SYSCFG_DL_SYSCTL_init         
00001385  unlink                        
00001401  lseek                         
00001429  write                         
00001451  _c_int00_noargs               
00001479  memccpy                       
000014eb  __TI_zero_init_nomemset       
00001501  DL_Common_delayCycles         
00001515  SYSCFG_DL_init                
0000153b  __TI_decompress_none          
0000154d  putchar                       
0000156d  __aeabi_memset                
0000156d  __aeabi_memset4               
0000156d  __aeabi_memset8               
00001599  __aeabi_memclr                
00001599  __aeabi_memclr4               
00001599  __aeabi_memclr8               
000015a5  malloc                        
000015b1  __aeabi_memcpy                
000015b1  __aeabi_memcpy4               
000015b1  __aeabi_memcpy8               
000015c9  fseek                         
000015d1  remove                        
000015d9  Reset_Handler                 
000015dd  _system_pre_init              
000015e0  C$$EXIT                       
000015e1  abort                         
00001684  __TI_Handler_Table_Base       
00001690  __TI_Handler_Table_Limit      
00001698  __TI_CINIT_Base               
000016a8  __TI_CINIT_Limit              
000016a8  __TI_CINIT_Warm               
20200000  __start___llvm_prf_bits       
20200000  __start___llvm_prf_cnts       
20200000  __stop___llvm_prf_bits        
20200000  __stop___llvm_prf_cnts        
20200000  _sys_memory                   
20200800  _ftable                       
202008f0  _device                       
20200968  _stream                       
202009b8  __TI_cleanup_ptr              
202009bc  __TI_dtors_ptr                
202009c0  gTxPacket                     
202009c8  __TI_ft_end                   
202009cc  _lock                         
202009d0  _unlock                       
202009d8  _CIOBUF_                      
202009d8  __CIOBUF_                     
20200af8  __TI_tmpnams                  
20200b98  parmbuf                       
20200ba0  gRxPacket                     
20207e00  __stack                       
20208000  __STACK_END                   
ffffffff  __TI_pprof_out_hndl           
ffffffff  __TI_prof_data_size           
ffffffff  __TI_prof_data_start          
ffffffff  __binit__                     
ffffffff  binit                         
UNDEFED   __mpu_init                    
UNDEFED   _system_post_cinit            

[144 symbols]
