******************************************************************************
            TI ARM Clang Linker PC v3.2.2                      
******************************************************************************
>> Linked Mon Oct 21 12:41:37 2024

OUTPUT FILE NAME:   <UART_TXRX2.out>
ENTRY POINT SYMBOL: "_c_int00_noargs"  address: 00000681


MEMORY CONFIGURATION

         name            origin    length      used     unused   attr    fill
----------------------  --------  ---------  --------  --------  ----  --------
  FLASH                 00000000   00020000  000007f8  0001f808  R  X
  SRAM                  20200000   00008000  0000030b  00007cf5  RW X
  BCR_CONFIG            41c00000   00000080  00000000  00000080  R   
  BSL_CONFIG            41c00100   00000080  00000000  00000080  R   


SEGMENT ALLOCATION MAP

run origin  load origin   length   init length attrs members
----------  ----------- ---------- ----------- ----- -------
00000000    00000000    000007f8   000007f8    r-x
  00000000    00000000    000000c0   000000c0    r-- .intvecs
  000000c0    000000c0    000006b8   000006b8    r-x .text
  00000778    00000778    00000050   00000050    r-- .rodata
  000007c8    000007c8    00000030   00000030    r-- .cinit
20200000    20200000    0000010b   00000000    rw-
  20200000    20200000    00000108   00000000    rw- .bss
  20200108    20200108    00000003   00000000    rw- .data
20207e00    20207e00    00000200   00000000    rw-
  20207e00    20207e00    00000200   00000000    rw- .stack


SECTION ALLOCATION MAP

 output                                  attributes/
section   page    origin      length       input sections
--------  ----  ----------  ----------   ----------------
.intvecs   0    00000000    000000c0     
                  00000000    000000c0     startup_mspm0g350x_ticlang.o (.intvecs)

.text      0    000000c0    000006b8     
                  000000c0    00000228     UART_TXRX.o (.text.main)
                  000002e8    0000009a     libc.a : memcpy16.S.obj (.text:memcpy)
                  00000382    00000002     startup_mspm0g350x_ticlang.o (.text.Default_Handler)
                  00000384    00000094     ti_msp_dl_config.o (.text.SYSCFG_DL_UART_0_init)
                  00000418    00000084     ti_msp_dl_config.o (.text.SYSCFG_DL_GPIO_init)
                  0000049c    00000078     libc.a : copy_decompress_lzss.c.obj (.text:decompress:lzss)
                  00000514    0000004c     driverlib.a : dl_uart.o (.text.DL_UART_init)
                  00000560    00000046                 : dl_uart.o (.text.DL_UART_fillTXFIFO)
                  000005a6    00000002     --HOLE-- [fill = 0]
                  000005a8    00000040     ti_msp_dl_config.o (.text.SYSCFG_DL_SYSCTL_init)
                  000005e8    0000003c     libc.a : autoinit.c.obj (.text:__TI_auto_init_nobinit_nopinit)
                  00000624    00000034     ti_msp_dl_config.o (.text.SYSCFG_DL_initPower)
                  00000658    00000028     driverlib.a : dl_uart.o (.text.DL_Common_updateReg)
                  00000680    00000028     libc.a : boot_cortex_m.c.obj (.text:_c_int00_noargs)
                  000006a8    00000024     driverlib.a : dl_uart.o (.text.DL_UART_setClockConfig)
                  000006cc    00000018                 : dl_uart.o (.text.DL_UART_isTXFIFOFull)
                  000006e4    00000016                 : dl_uart.o (.text.DL_UART_disable)
                  000006fa    00000016                 : dl_uart.o (.text.DL_UART_transmitData)
                  00000710    00000016     libc.a : copy_zero_init.c.obj (.text:decompress:ZI:__TI_zero_init_nomemset)
                  00000726    00000014     driverlib.a : dl_common.o (.text.DL_Common_delayCycles)
                  0000073a    00000014     ti_msp_dl_config.o (.text.SYSCFG_DL_init)
                  0000074e    00000012     libc.a : copy_decompress_none.c.obj (.text:decompress:none)
                  00000760    00000008     libclang_rt.builtins.a : aeabi_memcpy.S.obj (.text.__aeabi_memcpy)
                  00000768    00000004     startup_mspm0g350x_ticlang.o (.text.Reset_Handler)
                  0000076c    00000004     libc.a : pre_init.c.obj (.text._system_pre_init)
                  00000770    00000004            : exit.c.obj (.text:abort)
                  00000774    00000004     --HOLE-- [fill = 0]

.cinit     0    000007c8    00000030     
                  000007c8    0000000c     (__TI_handler_table)
                  000007d4    00000008     (.cinit..bss.load) [load image, compression = zero_init]
                  000007dc    00000007     (.cinit..data.load) [load image, compression = lzss]
                  000007e3    00000001     --HOLE-- [fill = 0]
                  000007e4    00000010     (__TI_cinit_table)
                  000007f4    00000004     --HOLE-- [fill = 0]

.rodata    0    00000778    00000050     
                  00000778    00000016     UART_TXRX.o (.rodata.str1.118763633929053217894)
                  0000078e    00000002     ti_msp_dl_config.o (.rodata.gUART_0ClockConfig)
                  00000790    00000016     UART_TXRX.o (.rodata.str1.145884969225202903424)
                  000007a6    00000002     --HOLE-- [fill = 0]
                  000007a8    00000013     UART_TXRX.o (.rodata.str1.143040980093585349754)
                  000007bb    00000001     --HOLE-- [fill = 0]
                  000007bc    0000000a     ti_msp_dl_config.o (.rodata.gUART_0Config)
                  000007c6    00000002     --HOLE-- [fill = 0]

.init_array 
*          0    00000000    00000000     UNINITIALIZED

.binit     0    00000000    00000000     

.bss       0    20200000    00000108     UNINITIALIZED
                  20200000    00000108     (.common:TXBuffer)

.data      0    20200108    00000003     UNINITIALIZED
                  20200108    00000002     UART_TXRX.o (.data.bytesRemaining)
                  2020010a    00000001     UART_TXRX.o (.data.TXIndex)

.stack     0    20207e00    00000200     UNINITIALIZED
                  20207e00    00000004     libc.a : boot_cortex_m.c.obj (.stack)
                  20207e04    000001fc     --HOLE--

__llvm_prf_cnts 
*          0    20200000    00000000     UNINITIALIZED

__llvm_prf_bits 
*          0    20200000    00000000     UNINITIALIZED

MODULE SUMMARY

       Module                         code   ro data   rw data
       ------                         ----   -------   -------
    .\
       UART_TXRX.o                    552    63        267    
       ti_msp_dl_config.o             416    12        0      
       startup_mspm0g350x_ticlang.o   6      192       0      
    +--+------------------------------+------+---------+---------+
       Total:                         974    267       267    
                                                              
    C:/ti/mspm0_sdk_2_02_00_05/source/ti/driverlib/lib/ticlang/m0p/mspm0g1x0x_g3x0x/driverlib.a
       dl_uart.o                      290    0         0      
       dl_common.o                    20     0         0      
    +--+------------------------------+------+---------+---------+
       Total:                         310    0         0      
                                                              
    C:\ti\ccs1271\ccs\tools\compiler\ti-cgt-armllvm_3.2.2.LTS\lib\armv6m-ti-none-eabi/c/libc.a
       memcpy16.S.obj                 154    0         0      
       copy_decompress_lzss.c.obj     120    0         0      
       autoinit.c.obj                 60     0         0      
       boot_cortex_m.c.obj            40     0         0      
       copy_zero_init.c.obj           22     0         0      
       copy_decompress_none.c.obj     18     0         0      
       exit.c.obj                     4      0         0      
       pre_init.c.obj                 4      0         0      
    +--+------------------------------+------+---------+---------+
       Total:                         422    0         0      
                                                              
    C:\ti\ccs1271\ccs\tools\compiler\ti-cgt-armllvm_3.2.2.LTS\lib\clang/15.0.7/lib/armv6m-ti-none-eabi/libclang_rt.builtins.a
       aeabi_memcpy.S.obj             8      0         0      
    +--+------------------------------+------+---------+---------+
       Total:                         8      0         0      
                                                              
       Stack:                         0      0         512    
       Linker Generated:              0      43        0      
    +--+------------------------------+------+---------+---------+
       Grand Total:                   1714   310       779    


LINKER GENERATED COPY TABLES

__TI_cinit_table @ 000007e4 records: 2, size/record: 8, table size: 16
	.bss: load addr=000007d4, load size=00000008 bytes, run addr=20200000, run size=00000108 bytes, compression=zero_init
	.data: load addr=000007dc, load size=00000007 bytes, run addr=20200108, run size=00000003 bytes, compression=lzss


LINKER GENERATED HANDLER TABLE

__TI_handler_table @ 000007c8 records: 3, size/record: 4, table size: 12
	index: 0, handler: __TI_decompress_lzss
	index: 1, handler: __TI_decompress_none
	index: 2, handler: __TI_zero_init


GLOBAL SYMBOLS: SORTED ALPHABETICALLY BY Name 

address   name                          
-------   ----                          
00000383  ADC0_IRQHandler               
00000383  ADC1_IRQHandler               
00000383  AES_IRQHandler                
00000770  C$$EXIT                       
00000383  CANFD0_IRQHandler             
00000383  DAC0_IRQHandler               
00000727  DL_Common_delayCycles         
00000561  DL_UART_fillTXFIFO            
00000515  DL_UART_init                  
000006a9  DL_UART_setClockConfig        
00000383  DMA_IRQHandler                
00000383  Default_Handler               
00000383  GROUP0_IRQHandler             
00000383  GROUP1_IRQHandler             
00000383  HardFault_Handler             
00000383  I2C0_IRQHandler               
00000383  I2C1_IRQHandler               
00000383  NMI_Handler                   
00000383  PendSV_Handler                
00000383  RTC_IRQHandler                
00000769  Reset_Handler                 
00000383  SPI0_IRQHandler               
00000383  SPI1_IRQHandler               
00000383  SVC_Handler                   
00000419  SYSCFG_DL_GPIO_init           
000005a9  SYSCFG_DL_SYSCTL_init         
00000385  SYSCFG_DL_UART_0_init         
0000073b  SYSCFG_DL_init                
00000625  SYSCFG_DL_initPower           
00000383  SysTick_Handler               
00000383  TIMA0_IRQHandler              
00000383  TIMA1_IRQHandler              
00000383  TIMG0_IRQHandler              
00000383  TIMG12_IRQHandler             
00000383  TIMG6_IRQHandler              
00000383  TIMG7_IRQHandler              
00000383  TIMG8_IRQHandler              
20200000  TXBuffer                      
2020010a  TXIndex                       
00000383  UART0_IRQHandler              
00000383  UART1_IRQHandler              
00000383  UART2_IRQHandler              
00000383  UART3_IRQHandler              
20208000  __STACK_END                   
00000200  __STACK_SIZE                  
00000000  __TI_ATRegion0_region_sz      
00000000  __TI_ATRegion0_src_addr       
00000000  __TI_ATRegion0_trg_addr       
00000000  __TI_ATRegion1_region_sz      
00000000  __TI_ATRegion1_src_addr       
00000000  __TI_ATRegion1_trg_addr       
00000000  __TI_ATRegion2_region_sz      
00000000  __TI_ATRegion2_src_addr       
00000000  __TI_ATRegion2_trg_addr       
000007e4  __TI_CINIT_Base               
000007f4  __TI_CINIT_Limit              
000007f4  __TI_CINIT_Warm               
000007c8  __TI_Handler_Table_Base       
000007d4  __TI_Handler_Table_Limit      
000005e9  __TI_auto_init_nobinit_nopinit
0000049d  __TI_decompress_lzss          
0000074f  __TI_decompress_none          
ffffffff  __TI_pprof_out_hndl           
ffffffff  __TI_prof_data_size           
ffffffff  __TI_prof_data_start          
00000000  __TI_static_base__            
00000711  __TI_zero_init_nomemset       
00000761  __aeabi_memcpy                
00000761  __aeabi_memcpy4               
00000761  __aeabi_memcpy8               
ffffffff  __binit__                     
UNDEFED   __mpu_init                    
20207e00  __stack                       
20200000  __start___llvm_prf_bits       
20200000  __start___llvm_prf_cnts       
20200000  __stop___llvm_prf_bits        
20200000  __stop___llvm_prf_cnts        
00000681  _c_int00_noargs               
UNDEFED   _system_post_cinit            
0000076d  _system_pre_init              
00000771  abort                         
ffffffff  binit                         
20200108  bytesRemaining                
00000000  interruptVectors              
000000c1  main                          
000002e9  memcpy                        


GLOBAL SYMBOLS: SORTED BY Symbol Address 

address   name                          
-------   ----                          
00000000  __TI_ATRegion0_region_sz      
00000000  __TI_ATRegion0_src_addr       
00000000  __TI_ATRegion0_trg_addr       
00000000  __TI_ATRegion1_region_sz      
00000000  __TI_ATRegion1_src_addr       
00000000  __TI_ATRegion1_trg_addr       
00000000  __TI_ATRegion2_region_sz      
00000000  __TI_ATRegion2_src_addr       
00000000  __TI_ATRegion2_trg_addr       
00000000  __TI_static_base__            
00000000  interruptVectors              
000000c1  main                          
00000200  __STACK_SIZE                  
000002e9  memcpy                        
00000383  ADC0_IRQHandler               
00000383  ADC1_IRQHandler               
00000383  AES_IRQHandler                
00000383  CANFD0_IRQHandler             
00000383  DAC0_IRQHandler               
00000383  DMA_IRQHandler                
00000383  Default_Handler               
00000383  GROUP0_IRQHandler             
00000383  GROUP1_IRQHandler             
00000383  HardFault_Handler             
00000383  I2C0_IRQHandler               
00000383  I2C1_IRQHandler               
00000383  NMI_Handler                   
00000383  PendSV_Handler                
00000383  RTC_IRQHandler                
00000383  SPI0_IRQHandler               
00000383  SPI1_IRQHandler               
00000383  SVC_Handler                   
00000383  SysTick_Handler               
00000383  TIMA0_IRQHandler              
00000383  TIMA1_IRQHandler              
00000383  TIMG0_IRQHandler              
00000383  TIMG12_IRQHandler             
00000383  TIMG6_IRQHandler              
00000383  TIMG7_IRQHandler              
00000383  TIMG8_IRQHandler              
00000383  UART0_IRQHandler              
00000383  UART1_IRQHandler              
00000383  UART2_IRQHandler              
00000383  UART3_IRQHandler              
00000385  SYSCFG_DL_UART_0_init         
00000419  SYSCFG_DL_GPIO_init           
0000049d  __TI_decompress_lzss          
00000515  DL_UART_init                  
00000561  DL_UART_fillTXFIFO            
000005a9  SYSCFG_DL_SYSCTL_init         
000005e9  __TI_auto_init_nobinit_nopinit
00000625  SYSCFG_DL_initPower           
00000681  _c_int00_noargs               
000006a9  DL_UART_setClockConfig        
00000711  __TI_zero_init_nomemset       
00000727  DL_Common_delayCycles         
0000073b  SYSCFG_DL_init                
0000074f  __TI_decompress_none          
00000761  __aeabi_memcpy                
00000761  __aeabi_memcpy4               
00000761  __aeabi_memcpy8               
00000769  Reset_Handler                 
0000076d  _system_pre_init              
00000770  C$$EXIT                       
00000771  abort                         
000007c8  __TI_Handler_Table_Base       
000007d4  __TI_Handler_Table_Limit      
000007e4  __TI_CINIT_Base               
000007f4  __TI_CINIT_Limit              
000007f4  __TI_CINIT_Warm               
20200000  TXBuffer                      
20200000  __start___llvm_prf_bits       
20200000  __start___llvm_prf_cnts       
20200000  __stop___llvm_prf_bits        
20200000  __stop___llvm_prf_cnts        
20200108  bytesRemaining                
2020010a  TXIndex                       
20207e00  __stack                       
20208000  __STACK_END                   
ffffffff  __TI_pprof_out_hndl           
ffffffff  __TI_prof_data_size           
ffffffff  __TI_prof_data_start          
ffffffff  __binit__                     
ffffffff  binit                         
UNDEFED   __mpu_init                    
UNDEFED   _system_post_cinit            

[86 symbols]
