******************************************************************************
            TI ARM Clang Linker PC v3.2.2                      
******************************************************************************
>> Linked Mon Oct 21 17:01:05 2024

OUTPUT FILE NAME:   <mcan_single_message_tx_LP_MSPM0G3507_nortos_ticlang.out>
ENTRY POINT SYMBOL: "_c_int00_noargs"  address: 00000e91


MEMORY CONFIGURATION

         name            origin    length      used     unused   attr    fill
----------------------  --------  ---------  --------  --------  ----  --------
  FLASH                 00000000   00020000  000011e8  0001ee18  R  X
  SRAM                  20200000   00008000  00000201  00007dff  RW X
  BCR_CONFIG            41c00000   00000080  00000000  00000080  R   
  BSL_CONFIG            41c00100   00000080  00000000  00000080  R   


SEGMENT ALLOCATION MAP

run origin  load origin   length   init length attrs members
----------  ----------- ---------- ----------- ----- -------
00000000    00000000    000011e8   000011e8    r-x
  00000000    00000000    000000c0   000000c0    r-- .intvecs
  000000c0    000000c0    00000fc8   00000fc8    r-x .text
  00001088    00001088    00000148   00000148    r-- .rodata
  000011d0    000011d0    00000018   00000018    r-- .cinit
20200000    20200000    00000001   00000000    rw-
  20200000    20200000    00000001   00000000    rw- .bss
20207e00    20207e00    00000200   00000000    rw-
  20207e00    20207e00    00000200   00000000    rw- .stack


SECTION ALLOCATION MAP

 output                                  attributes/
section   page    origin      length       input sections
--------  ----  ----------  ----------   ----------------
.intvecs   0    00000000    000000c0     
                  00000000    000000c0     startup_mspm0g350x_ticlang.o (.intvecs)

.text      0    000000c0    00000fc8     
                  000000c0    000002a8     driverlib.a : dl_mcan.o (.text.DL_MCAN_msgRAMConfig)
                  00000368    00000184                 : dl_mcan.o (.text.DL_MCAN_init)
                  000004ec    00000144                 : dl_mcan.o (.text.DL_MCAN_setBitTime)
                  00000630    00000140                 : dl_mcan.o (.text.DL_MCAN_writeMsg)
                  00000770    0000012c                 : dl_mcan.o (.text.DL_MCAN_config)
                  0000089c    000000d4     ti_msp_dl_config.o (.text.SYSCFG_DL_MCAN0_init)
                  00000970    000000b4     driverlib.a : dl_mcan.o (.text.DL_MCAN_writeMsgRam)
                  00000a24    00000098     mcan_single_message_tx.o (.text.main)
                  00000abc    00000094     driverlib.a : dl_mcan.o (.text.DL_MCAN_getRevisionId)
                  00000b50    00000064                 : dl_sysctl_mspm0g1x0x_g3x0x.o (.text.DL_SYSCTL_setHFCLKSourceHFXTParams)
                  00000bb4    00000054                 : dl_mcan.o (.text.DL_MCAN_TXBufAddReq)
                  00000c08    00000050     ti_msp_dl_config.o (.text.SYSCFG_DL_GPIO_init)
                  00000c58    0000004c     driverlib.a : dl_mcan.o (.text.DL_MCAN_setExtIDAndMask)
                  00000ca4    00000040                 : dl_mcan.o (.text.DL_MCAN_isMemInitDone)
                  00000ce4    0000003c     libc.a : autoinit.c.obj (.text:__TI_auto_init_nobinit_nopinit)
                  00000d20    00000038     ti_msp_dl_config.o (.text.SYSCFG_DL_SYSCTL_init)
                  00000d58    00000034     ti_msp_dl_config.o (.text.SYSCFG_DL_initPower)
                  00000d8c    00000032     driverlib.a : dl_mcan.o (.text.HW_WR_FIELD32_RAW)
                  00000dbe    00000002     startup_mspm0g350x_ticlang.o (.text.Default_Handler)
                  00000dc0    0000002c     driverlib.a : dl_mcan.o (.text.DL_MCAN_getDataSize)
                  00000dec    0000002c                 : dl_mcan.o (.text.DL_MCAN_setClockConfig)
                  00000e18    00000028                 : dl_mcan.o (.text.DL_Common_updateReg)
                  00000e40    00000028                 : dl_sysctl_mspm0g1x0x_g3x0x.o (.text.DL_Common_updateReg)
                  00000e68    00000028     mcan_single_message_tx.o (.text.GROUP1_IRQHandler)
                  00000e90    00000028     libc.a : boot_cortex_m.c.obj (.text:_c_int00_noargs)
                  00000eb8    00000024     driverlib.a : dl_mcan.o (.text.DL_MCAN_getMsgObjSize)
                  00000edc    00000024     ti_msp_dl_config.o (.text.SYSCFG_DL_SYSCTL_CLK_init)
                  00000f00    00000020     driverlib.a : dl_mcan.o (.text.DL_MCAN_setOpMode)
                  00000f20    00000020                 : dl_mcan.o (.text.DL_MCAN_writeProtectedRegAccessLock)
                  00000f40    00000020                 : dl_mcan.o (.text.DL_MCAN_writeProtectedRegAccessUnlock)
                  00000f60    00000020                 : dl_sysctl_mspm0g1x0x_g3x0x.o (.text.DL_SYSCTL_setHFXTFrequencyRange)
                  00000f80    00000020                 : dl_mcan.o (.text.HW_RD_FIELD32_RAW)
                  00000fa0    0000001c                 : dl_mcan.o (.text.DL_MCAN_getOpMode)
                  00000fbc    00000018                 : dl_sysctl_mspm0g1x0x_g3x0x.o (.text.DL_SYSCTL_setHFXTStartupTime)
                  00000fd4    00000018     ti_msp_dl_config.o (.text.SYSCFG_DL_init)
                  00000fec    00000016     libc.a : copy_zero_init.c.obj (.text:decompress:ZI:__TI_zero_init_nomemset)
                  00001002    00000014     driverlib.a : dl_common.o (.text.DL_Common_delayCycles)
                  00001016    00000002     --HOLE-- [fill = 0]
                  00001018    00000014                 : dl_sysctl_mspm0g1x0x_g3x0x.o (.text.DL_SYSCTL_disableHFCLKStartupMonitor)
                  0000102c    00000014                 : dl_sysctl_mspm0g1x0x_g3x0x.o (.text.DL_SYSCTL_enableHFCLKStartupMonitor)
                  00001040    00000010                 : dl_sysctl_mspm0g1x0x_g3x0x.o (.text.DL_SYSCTL_disableHFXT)
                  00001050    00000010                 : dl_mcan.o (.text.HW_RD_REG32_RAW)
                  00001060    00000010                 : dl_mcan.o (.text.HW_WR_REG32_RAW)
                  00001070    0000000c                 : dl_sysctl_mspm0g1x0x_g3x0x.o (.text.DL_SYSCTL_getClockStatus)
                  0000107c    00000004     startup_mspm0g350x_ticlang.o (.text.Reset_Handler)
                  00001080    00000004     libc.a : pre_init.c.obj (.text._system_pre_init)
                  00001084    00000004            : exit.c.obj (.text:abort)

.cinit     0    000011d0    00000018     
                  000011d0    00000008     (.cinit..bss.load) [load image, compression = zero_init]
                  000011d8    00000004     (__TI_handler_table)
                  000011dc    00000008     (__TI_cinit_table)
                  000011e4    00000004     --HOLE-- [fill = 0]

.rodata    0    00001088    00000148     
                  00001088    00000060     ti_msp_dl_config.o (.rodata.gMCAN0MsgRAMConfigParams)
                  000010e8    00000040     driverlib.a : dl_mcan.o (.rodata..L__const.DL_MCAN_getDataSize.dataSize)
                  00001128    00000034     ti_msp_dl_config.o (.rodata.gMCAN0InitParams)
                  0000115c    0000002c     ti_msp_dl_config.o (.rodata.gMCAN0ConfigParams)
                  00001188    00000020     driverlib.a : dl_mcan.o (.rodata.cst32)
                  000011a8    00000020     ti_msp_dl_config.o (.rodata.gMCAN0BitTimes)
                  000011c8    00000004     ti_msp_dl_config.o (.rodata.gMCAN0ClockConf)
                  000011cc    00000004     --HOLE-- [fill = 0]

.init_array 
*          0    00000000    00000000     UNINITIALIZED

.binit     0    00000000    00000000     

.bss       0    20200000    00000001     UNINITIALIZED
                  20200000    00000001     (.common:gTXMsg)

.stack     0    20207e00    00000200     UNINITIALIZED
                  20207e00    00000004     libc.a : boot_cortex_m.c.obj (.stack)
                  20207e04    000001fc     --HOLE--

__llvm_prf_cnts 
*          0    20200000    00000000     UNINITIALIZED

__llvm_prf_bits 
*          0    20200000    00000000     UNINITIALIZED

MODULE SUMMARY

       Module                         code   ro data   rw data
       ------                         ----   -------   -------
    .\
       ti_msp_dl_config.o             460    228       0      
       startup_mspm0g350x_ticlang.o   6      192       0      
       mcan_single_message_tx.o       192    0         1      
    +--+------------------------------+------+---------+---------+
       Total:                         658    420       1      
                                                              
    C:/ti/mspm0_sdk_2_02_00_05/source/ti/driverlib/lib/ticlang/m0p/mspm0g1x0x_g3x0x/driverlib.a
       dl_mcan.o                      2966   96        0      
       dl_sysctl_mspm0g1x0x_g3x0x.o   264    0         0      
       dl_common.o                    20     0         0      
    +--+------------------------------+------+---------+---------+
       Total:                         3250   96        0      
                                                              
    C:\ti\ccs1271\ccs\tools\compiler\ti-cgt-armllvm_3.2.2.LTS\lib\armv6m-ti-none-eabi/c/libc.a
       autoinit.c.obj                 60     0         0      
       boot_cortex_m.c.obj            40     0         0      
       copy_zero_init.c.obj           22     0         0      
       exit.c.obj                     4      0         0      
       pre_init.c.obj                 4      0         0      
    +--+------------------------------+------+---------+---------+
       Total:                         130    0         0      
                                                              
       Stack:                         0      0         512    
       Linker Generated:              0      20        0      
    +--+------------------------------+------+---------+---------+
       Grand Total:                   4038   536       513    


LINKER GENERATED COPY TABLES

__TI_cinit_table @ 000011dc records: 1, size/record: 8, table size: 8
	.bss: load addr=000011d0, load size=00000008 bytes, run addr=20200000, run size=00000001 bytes, compression=zero_init


LINKER GENERATED HANDLER TABLE

__TI_handler_table @ 000011d8 records: 1, size/record: 4, table size: 4
	index: 0, handler: __TI_zero_init


GLOBAL SYMBOLS: SORTED ALPHABETICALLY BY Name 

address   name                              
-------   ----                              
00000dbf  ADC0_IRQHandler                   
00000dbf  ADC1_IRQHandler                   
00000dbf  AES_IRQHandler                    
00001084  C$$EXIT                           
00000dbf  CANFD0_IRQHandler                 
00000dbf  DAC0_IRQHandler                   
00001003  DL_Common_delayCycles             
00000bb5  DL_MCAN_TXBufAddReq               
00000771  DL_MCAN_config                    
00000fa1  DL_MCAN_getOpMode                 
00000abd  DL_MCAN_getRevisionId             
00000369  DL_MCAN_init                      
00000ca5  DL_MCAN_isMemInitDone             
000000c1  DL_MCAN_msgRAMConfig              
000004ed  DL_MCAN_setBitTime                
00000ded  DL_MCAN_setClockConfig            
00000c59  DL_MCAN_setExtIDAndMask           
00000f01  DL_MCAN_setOpMode                 
00000971  DL_MCAN_writeMsgRam               
00000b51  DL_SYSCTL_setHFCLKSourceHFXTParams
00000dbf  DMA_IRQHandler                    
00000dbf  Default_Handler                   
00000dbf  GROUP0_IRQHandler                 
00000e69  GROUP1_IRQHandler                 
00000dbf  HardFault_Handler                 
00000dbf  I2C0_IRQHandler                   
00000dbf  I2C1_IRQHandler                   
00000dbf  NMI_Handler                       
00000dbf  PendSV_Handler                    
00000dbf  RTC_IRQHandler                    
0000107d  Reset_Handler                     
00000dbf  SPI0_IRQHandler                   
00000dbf  SPI1_IRQHandler                   
00000dbf  SVC_Handler                       
00000c09  SYSCFG_DL_GPIO_init               
0000089d  SYSCFG_DL_MCAN0_init              
00000edd  SYSCFG_DL_SYSCTL_CLK_init         
00000d21  SYSCFG_DL_SYSCTL_init             
00000fd5  SYSCFG_DL_init                    
00000d59  SYSCFG_DL_initPower               
00000dbf  SysTick_Handler                   
00000dbf  TIMA0_IRQHandler                  
00000dbf  TIMA1_IRQHandler                  
00000dbf  TIMG0_IRQHandler                  
00000dbf  TIMG12_IRQHandler                 
00000dbf  TIMG6_IRQHandler                  
00000dbf  TIMG7_IRQHandler                  
00000dbf  TIMG8_IRQHandler                  
00000dbf  UART0_IRQHandler                  
00000dbf  UART1_IRQHandler                  
00000dbf  UART2_IRQHandler                  
00000dbf  UART3_IRQHandler                  
20208000  __STACK_END                       
00000200  __STACK_SIZE                      
00000000  __TI_ATRegion0_region_sz          
00000000  __TI_ATRegion0_src_addr           
00000000  __TI_ATRegion0_trg_addr           
00000000  __TI_ATRegion1_region_sz          
00000000  __TI_ATRegion1_src_addr           
00000000  __TI_ATRegion1_trg_addr           
00000000  __TI_ATRegion2_region_sz          
00000000  __TI_ATRegion2_src_addr           
00000000  __TI_ATRegion2_trg_addr           
000011dc  __TI_CINIT_Base                   
000011e4  __TI_CINIT_Limit                  
000011e4  __TI_CINIT_Warm                   
000011d8  __TI_Handler_Table_Base           
000011dc  __TI_Handler_Table_Limit          
00000ce5  __TI_auto_init_nobinit_nopinit    
ffffffff  __TI_pprof_out_hndl               
ffffffff  __TI_prof_data_size               
ffffffff  __TI_prof_data_start              
00000000  __TI_static_base__                
00000fed  __TI_zero_init_nomemset           
ffffffff  __binit__                         
UNDEFED   __mpu_init                        
20207e00  __stack                           
20200000  __start___llvm_prf_bits           
20200000  __start___llvm_prf_cnts           
20200000  __stop___llvm_prf_bits            
20200000  __stop___llvm_prf_cnts            
00000e91  _c_int00_noargs                   
UNDEFED   _system_post_cinit                
00001081  _system_pre_init                  
00001085  abort                             
ffffffff  binit                             
20200000  gTXMsg                            
00000000  interruptVectors                  
00000a25  main                              


GLOBAL SYMBOLS: SORTED BY Symbol Address 

address   name                              
-------   ----                              
00000000  __TI_ATRegion0_region_sz          
00000000  __TI_ATRegion0_src_addr           
00000000  __TI_ATRegion0_trg_addr           
00000000  __TI_ATRegion1_region_sz          
00000000  __TI_ATRegion1_src_addr           
00000000  __TI_ATRegion1_trg_addr           
00000000  __TI_ATRegion2_region_sz          
00000000  __TI_ATRegion2_src_addr           
00000000  __TI_ATRegion2_trg_addr           
00000000  __TI_static_base__                
00000000  interruptVectors                  
000000c1  DL_MCAN_msgRAMConfig              
00000200  __STACK_SIZE                      
00000369  DL_MCAN_init                      
000004ed  DL_MCAN_setBitTime                
00000771  DL_MCAN_config                    
0000089d  SYSCFG_DL_MCAN0_init              
00000971  DL_MCAN_writeMsgRam               
00000a25  main                              
00000abd  DL_MCAN_getRevisionId             
00000b51  DL_SYSCTL_setHFCLKSourceHFXTParams
00000bb5  DL_MCAN_TXBufAddReq               
00000c09  SYSCFG_DL_GPIO_init               
00000c59  DL_MCAN_setExtIDAndMask           
00000ca5  DL_MCAN_isMemInitDone             
00000ce5  __TI_auto_init_nobinit_nopinit    
00000d21  SYSCFG_DL_SYSCTL_init             
00000d59  SYSCFG_DL_initPower               
00000dbf  ADC0_IRQHandler                   
00000dbf  ADC1_IRQHandler                   
00000dbf  AES_IRQHandler                    
00000dbf  CANFD0_IRQHandler                 
00000dbf  DAC0_IRQHandler                   
00000dbf  DMA_IRQHandler                    
00000dbf  Default_Handler                   
00000dbf  GROUP0_IRQHandler                 
00000dbf  HardFault_Handler                 
00000dbf  I2C0_IRQHandler                   
00000dbf  I2C1_IRQHandler                   
00000dbf  NMI_Handler                       
00000dbf  PendSV_Handler                    
00000dbf  RTC_IRQHandler                    
00000dbf  SPI0_IRQHandler                   
00000dbf  SPI1_IRQHandler                   
00000dbf  SVC_Handler                       
00000dbf  SysTick_Handler                   
00000dbf  TIMA0_IRQHandler                  
00000dbf  TIMA1_IRQHandler                  
00000dbf  TIMG0_IRQHandler                  
00000dbf  TIMG12_IRQHandler                 
00000dbf  TIMG6_IRQHandler                  
00000dbf  TIMG7_IRQHandler                  
00000dbf  TIMG8_IRQHandler                  
00000dbf  UART0_IRQHandler                  
00000dbf  UART1_IRQHandler                  
00000dbf  UART2_IRQHandler                  
00000dbf  UART3_IRQHandler                  
00000ded  DL_MCAN_setClockConfig            
00000e69  GROUP1_IRQHandler                 
00000e91  _c_int00_noargs                   
00000edd  SYSCFG_DL_SYSCTL_CLK_init         
00000f01  DL_MCAN_setOpMode                 
00000fa1  DL_MCAN_getOpMode                 
00000fd5  SYSCFG_DL_init                    
00000fed  __TI_zero_init_nomemset           
00001003  DL_Common_delayCycles             
0000107d  Reset_Handler                     
00001081  _system_pre_init                  
00001084  C$$EXIT                           
00001085  abort                             
000011d8  __TI_Handler_Table_Base           
000011dc  __TI_CINIT_Base                   
000011dc  __TI_Handler_Table_Limit          
000011e4  __TI_CINIT_Limit                  
000011e4  __TI_CINIT_Warm                   
20200000  __start___llvm_prf_bits           
20200000  __start___llvm_prf_cnts           
20200000  __stop___llvm_prf_bits            
20200000  __stop___llvm_prf_cnts            
20200000  gTXMsg                            
20207e00  __stack                           
20208000  __STACK_END                       
ffffffff  __TI_pprof_out_hndl               
ffffffff  __TI_prof_data_size               
ffffffff  __TI_prof_data_start              
ffffffff  __binit__                         
ffffffff  binit                             
UNDEFED   __mpu_init                        
UNDEFED   _system_post_cinit                

[89 symbols]
