******************************************************************************
            TI ARM Clang Linker PC v3.2.2                      
******************************************************************************
>> Linked Mon Oct 21 12:51:25 2024

OUTPUT FILE NAME:   <UART_TXRX2.out>
ENTRY POINT SYMBOL: "_c_int00_noargs"  address: 000005e1


MEMORY CONFIGURATION

         name            origin    length      used     unused   attr    fill
----------------------  --------  ---------  --------  --------  ----  --------
  FLASH                 00000000   00020000  00000778  0001f888  R  X
  SRAM                  20200000   00008000  0000030e  00007cf2  RW X
  BCR_CONFIG            41c00000   00000080  00000000  00000080  R   
  BSL_CONFIG            41c00100   00000080  00000000  00000080  R   


SEGMENT ALLOCATION MAP

run origin  load origin   length   init length attrs members
----------  ----------- ---------- ----------- ----- -------
00000000    00000000    00000778   00000778    r-x
  00000000    00000000    000000c0   000000c0    r-- .intvecs
  000000c0    000000c0    00000618   00000618    r-x .text
  000006d8    000006d8    00000070   00000070    r-- .rodata
  00000748    00000748    00000030   00000030    r-- .cinit
20200000    20200000    0000010e   00000000    rw-
  20200000    20200000    00000108   00000000    rw- .bss
  20200108    20200108    00000006   00000000    rw- .data
20207e00    20207e00    00000200   00000000    rw-
  20207e00    20207e00    00000200   00000000    rw- .stack


SECTION ALLOCATION MAP

 output                                  attributes/
section   page    origin      length       input sections
--------  ----  ----------  ----------   ----------------
.intvecs   0    00000000    000000c0     
                  00000000    000000c0     startup_mspm0g350x_ticlang.o (.intvecs)

.text      0    000000c0    00000618     
                  000000c0    0000017c     UART_TXRX.o (.text.main)
                  0000023c    0000009a     libc.a : memcpy16.S.obj (.text:memcpy)
                  000002d6    00000002     startup_mspm0g350x_ticlang.o (.text.Default_Handler)
                  000002d8    00000094     ti_msp_dl_config.o (.text.SYSCFG_DL_UART_0_init)
                  0000036c    00000078     libc.a : copy_decompress_lzss.c.obj (.text:decompress:lzss)
                  000003e4    00000050     UART_TXRX.o (.text.UART0_IRQHandler)
                  00000434    0000004c     driverlib.a : dl_uart.o (.text.DL_UART_init)
                  00000480    00000046                 : dl_uart.o (.text.DL_UART_fillTXFIFO)
                  000004c6    00000002     --HOLE-- [fill = 0]
                  000004c8    00000040     ti_msp_dl_config.o (.text.SYSCFG_DL_GPIO_init)
                  00000508    00000040     ti_msp_dl_config.o (.text.SYSCFG_DL_SYSCTL_init)
                  00000548    0000003c     libc.a : autoinit.c.obj (.text:__TI_auto_init_nobinit_nopinit)
                  00000584    00000034     ti_msp_dl_config.o (.text.SYSCFG_DL_initPower)
                  000005b8    00000028     driverlib.a : dl_uart.o (.text.DL_Common_updateReg)
                  000005e0    00000028     libc.a : boot_cortex_m.c.obj (.text:_c_int00_noargs)
                  00000608    00000024     driverlib.a : dl_uart.o (.text.DL_UART_setClockConfig)
                  0000062c    00000018                 : dl_uart.o (.text.DL_UART_isTXFIFOFull)
                  00000644    00000016                 : dl_uart.o (.text.DL_UART_disable)
                  0000065a    00000016                 : dl_uart.o (.text.DL_UART_transmitData)
                  00000670    00000016     libc.a : copy_zero_init.c.obj (.text:decompress:ZI:__TI_zero_init_nomemset)
                  00000686    00000014     driverlib.a : dl_common.o (.text.DL_Common_delayCycles)
                  0000069a    00000014     ti_msp_dl_config.o (.text.SYSCFG_DL_init)
                  000006ae    00000012     libc.a : copy_decompress_none.c.obj (.text:decompress:none)
                  000006c0    00000008     libclang_rt.builtins.a : aeabi_memcpy.S.obj (.text.__aeabi_memcpy)
                  000006c8    00000004     startup_mspm0g350x_ticlang.o (.text.Reset_Handler)
                  000006cc    00000004     libc.a : pre_init.c.obj (.text._system_pre_init)
                  000006d0    00000004            : exit.c.obj (.text:abort)
                  000006d4    00000004     --HOLE-- [fill = 0]

.cinit     0    00000748    00000030     
                  00000748    0000000c     (__TI_handler_table)
                  00000754    00000008     (.cinit..bss.load) [load image, compression = zero_init]
                  0000075c    00000007     (.cinit..data.load) [load image, compression = lzss]
                  00000763    00000001     --HOLE-- [fill = 0]
                  00000764    00000010     (__TI_cinit_table)
                  00000774    00000004     --HOLE-- [fill = 0]

.rodata    0    000006d8    00000070     
                  000006d8    00000021     UART_TXRX.o (.rodata.str1.35919114070123133324)
                  000006f9    00000002     ti_msp_dl_config.o (.rodata.gUART_0ClockConfig)
                  000006fb    00000001     --HOLE-- [fill = 0]
                  000006fc    0000001f     UART_TXRX.o (.rodata.str1.61589286528622282194)
                  0000071b    00000001     --HOLE-- [fill = 0]
                  0000071c    0000001e     UART_TXRX.o (.rodata.str1.168977431827749348874)
                  0000073a    0000000a     ti_msp_dl_config.o (.rodata.gUART_0Config)
                  00000744    00000004     --HOLE-- [fill = 0]

.init_array 
*          0    00000000    00000000     UNINITIALIZED

.binit     0    00000000    00000000     

.bss       0    20200000    00000108     UNINITIALIZED
                  20200000    00000108     (.common:TXBuffer)

.data      0    20200108    00000006     UNINITIALIZED
                  20200108    00000002     UART_TXRX.o (.data.bytesRemaining)
                  2020010a    00000002     UART_TXRX.o (.data.flag)
                  2020010c    00000001     UART_TXRX.o (.data.TXIndex)
                  2020010d    00000001     UART_TXRX.o (.data.receivedChar)

.stack     0    20207e00    00000200     UNINITIALIZED
                  20207e00    00000004     libc.a : boot_cortex_m.c.obj (.stack)
                  20207e04    000001fc     --HOLE--

__llvm_prf_cnts 
*          0    20200000    00000000     UNINITIALIZED

__llvm_prf_bits 
*          0    20200000    00000000     UNINITIALIZED

MODULE SUMMARY

       Module                         code   ro data   rw data
       ------                         ----   -------   -------
    .\
       UART_TXRX.o                    460    94        270    
       ti_msp_dl_config.o             348    12        0      
       startup_mspm0g350x_ticlang.o   6      192       0      
    +--+------------------------------+------+---------+---------+
       Total:                         814    298       270    
                                                              
    C:/ti/mspm0_sdk_2_02_00_05/source/ti/driverlib/lib/ticlang/m0p/mspm0g1x0x_g3x0x/driverlib.a
       dl_uart.o                      290    0         0      
       dl_common.o                    20     0         0      
    +--+------------------------------+------+---------+---------+
       Total:                         310    0         0      
                                                              
    C:\ti\ccs1271\ccs\tools\compiler\ti-cgt-armllvm_3.2.2.LTS\lib\armv6m-ti-none-eabi/c/libc.a
       memcpy16.S.obj                 154    0         0      
       copy_decompress_lzss.c.obj     120    0         0      
       autoinit.c.obj                 60     0         0      
       boot_cortex_m.c.obj            40     0         0      
       copy_zero_init.c.obj           22     0         0      
       copy_decompress_none.c.obj     18     0         0      
       exit.c.obj                     4      0         0      
       pre_init.c.obj                 4      0         0      
    +--+------------------------------+------+---------+---------+
       Total:                         422    0         0      
                                                              
    C:\ti\ccs1271\ccs\tools\compiler\ti-cgt-armllvm_3.2.2.LTS\lib\clang/15.0.7/lib/armv6m-ti-none-eabi/libclang_rt.builtins.a
       aeabi_memcpy.S.obj             8      0         0      
    +--+------------------------------+------+---------+---------+
       Total:                         8      0         0      
                                                              
       Stack:                         0      0         512    
       Linker Generated:              0      43        0      
    +--+------------------------------+------+---------+---------+
       Grand Total:                   1554   341       782    


LINKER GENERATED COPY TABLES

__TI_cinit_table @ 00000764 records: 2, size/record: 8, table size: 16
	.bss: load addr=00000754, load size=00000008 bytes, run addr=20200000, run size=00000108 bytes, compression=zero_init
	.data: load addr=0000075c, load size=00000007 bytes, run addr=20200108, run size=00000006 bytes, compression=lzss


LINKER GENERATED HANDLER TABLE

__TI_handler_table @ 00000748 records: 3, size/record: 4, table size: 12
	index: 0, handler: __TI_decompress_lzss
	index: 1, handler: __TI_decompress_none
	index: 2, handler: __TI_zero_init


GLOBAL SYMBOLS: SORTED ALPHABETICALLY BY Name 

address   name                          
-------   ----                          
000002d7  ADC0_IRQHandler               
000002d7  ADC1_IRQHandler               
000002d7  AES_IRQHandler                
000006d0  C$$EXIT                       
000002d7  CANFD0_IRQHandler             
000002d7  DAC0_IRQHandler               
00000687  DL_Common_delayCycles         
00000481  DL_UART_fillTXFIFO            
00000435  DL_UART_init                  
00000609  DL_UART_setClockConfig        
000002d7  DMA_IRQHandler                
000002d7  Default_Handler               
000002d7  GROUP0_IRQHandler             
000002d7  GROUP1_IRQHandler             
000002d7  HardFault_Handler             
000002d7  I2C0_IRQHandler               
000002d7  I2C1_IRQHandler               
000002d7  NMI_Handler                   
000002d7  PendSV_Handler                
000002d7  RTC_IRQHandler                
000006c9  Reset_Handler                 
000002d7  SPI0_IRQHandler               
000002d7  SPI1_IRQHandler               
000002d7  SVC_Handler                   
000004c9  SYSCFG_DL_GPIO_init           
00000509  SYSCFG_DL_SYSCTL_init         
000002d9  SYSCFG_DL_UART_0_init         
0000069b  SYSCFG_DL_init                
00000585  SYSCFG_DL_initPower           
000002d7  SysTick_Handler               
000002d7  TIMA0_IRQHandler              
000002d7  TIMA1_IRQHandler              
000002d7  TIMG0_IRQHandler              
000002d7  TIMG12_IRQHandler             
000002d7  TIMG6_IRQHandler              
000002d7  TIMG7_IRQHandler              
000002d7  TIMG8_IRQHandler              
20200000  TXBuffer                      
2020010c  TXIndex                       
000003e5  UART0_IRQHandler              
000002d7  UART1_IRQHandler              
000002d7  UART2_IRQHandler              
000002d7  UART3_IRQHandler              
20208000  __STACK_END                   
00000200  __STACK_SIZE                  
00000000  __TI_ATRegion0_region_sz      
00000000  __TI_ATRegion0_src_addr       
00000000  __TI_ATRegion0_trg_addr       
00000000  __TI_ATRegion1_region_sz      
00000000  __TI_ATRegion1_src_addr       
00000000  __TI_ATRegion1_trg_addr       
00000000  __TI_ATRegion2_region_sz      
00000000  __TI_ATRegion2_src_addr       
00000000  __TI_ATRegion2_trg_addr       
00000764  __TI_CINIT_Base               
00000774  __TI_CINIT_Limit              
00000774  __TI_CINIT_Warm               
00000748  __TI_Handler_Table_Base       
00000754  __TI_Handler_Table_Limit      
00000549  __TI_auto_init_nobinit_nopinit
0000036d  __TI_decompress_lzss          
000006af  __TI_decompress_none          
ffffffff  __TI_pprof_out_hndl           
ffffffff  __TI_prof_data_size           
ffffffff  __TI_prof_data_start          
00000000  __TI_static_base__            
00000671  __TI_zero_init_nomemset       
000006c1  __aeabi_memcpy                
000006c1  __aeabi_memcpy4               
000006c1  __aeabi_memcpy8               
ffffffff  __binit__                     
UNDEFED   __mpu_init                    
20207e00  __stack                       
20200000  __start___llvm_prf_bits       
20200000  __start___llvm_prf_cnts       
20200000  __stop___llvm_prf_bits        
20200000  __stop___llvm_prf_cnts        
000005e1  _c_int00_noargs               
UNDEFED   _system_post_cinit            
000006cd  _system_pre_init              
000006d1  abort                         
ffffffff  binit                         
20200108  bytesRemaining                
2020010a  flag                          
00000000  interruptVectors              
000000c1  main                          
0000023d  memcpy                        
2020010d  receivedChar                  


GLOBAL SYMBOLS: SORTED BY Symbol Address 

address   name                          
-------   ----                          
00000000  __TI_ATRegion0_region_sz      
00000000  __TI_ATRegion0_src_addr       
00000000  __TI_ATRegion0_trg_addr       
00000000  __TI_ATRegion1_region_sz      
00000000  __TI_ATRegion1_src_addr       
00000000  __TI_ATRegion1_trg_addr       
00000000  __TI_ATRegion2_region_sz      
00000000  __TI_ATRegion2_src_addr       
00000000  __TI_ATRegion2_trg_addr       
00000000  __TI_static_base__            
00000000  interruptVectors              
000000c1  main                          
00000200  __STACK_SIZE                  
0000023d  memcpy                        
000002d7  ADC0_IRQHandler               
000002d7  ADC1_IRQHandler               
000002d7  AES_IRQHandler                
000002d7  CANFD0_IRQHandler             
000002d7  DAC0_IRQHandler               
000002d7  DMA_IRQHandler                
000002d7  Default_Handler               
000002d7  GROUP0_IRQHandler             
000002d7  GROUP1_IRQHandler             
000002d7  HardFault_Handler             
000002d7  I2C0_IRQHandler               
000002d7  I2C1_IRQHandler               
000002d7  NMI_Handler                   
000002d7  PendSV_Handler                
000002d7  RTC_IRQHandler                
000002d7  SPI0_IRQHandler               
000002d7  SPI1_IRQHandler               
000002d7  SVC_Handler                   
000002d7  SysTick_Handler               
000002d7  TIMA0_IRQHandler              
000002d7  TIMA1_IRQHandler              
000002d7  TIMG0_IRQHandler              
000002d7  TIMG12_IRQHandler             
000002d7  TIMG6_IRQHandler              
000002d7  TIMG7_IRQHandler              
000002d7  TIMG8_IRQHandler              
000002d7  UART1_IRQHandler              
000002d7  UART2_IRQHandler              
000002d7  UART3_IRQHandler              
000002d9  SYSCFG_DL_UART_0_init         
0000036d  __TI_decompress_lzss          
000003e5  UART0_IRQHandler              
00000435  DL_UART_init                  
00000481  DL_UART_fillTXFIFO            
000004c9  SYSCFG_DL_GPIO_init           
00000509  SYSCFG_DL_SYSCTL_init         
00000549  __TI_auto_init_nobinit_nopinit
00000585  SYSCFG_DL_initPower           
000005e1  _c_int00_noargs               
00000609  DL_UART_setClockConfig        
00000671  __TI_zero_init_nomemset       
00000687  DL_Common_delayCycles         
0000069b  SYSCFG_DL_init                
000006af  __TI_decompress_none          
000006c1  __aeabi_memcpy                
000006c1  __aeabi_memcpy4               
000006c1  __aeabi_memcpy8               
000006c9  Reset_Handler                 
000006cd  _system_pre_init              
000006d0  C$$EXIT                       
000006d1  abort                         
00000748  __TI_Handler_Table_Base       
00000754  __TI_Handler_Table_Limit      
00000764  __TI_CINIT_Base               
00000774  __TI_CINIT_Limit              
00000774  __TI_CINIT_Warm               
20200000  TXBuffer                      
20200000  __start___llvm_prf_bits       
20200000  __start___llvm_prf_cnts       
20200000  __stop___llvm_prf_bits        
20200000  __stop___llvm_prf_cnts        
20200108  bytesRemaining                
2020010a  flag                          
2020010c  TXIndex                       
2020010d  receivedChar                  
20207e00  __stack                       
20208000  __STACK_END                   
ffffffff  __TI_pprof_out_hndl           
ffffffff  __TI_prof_data_size           
ffffffff  __TI_prof_data_start          
ffffffff  __binit__                     
ffffffff  binit                         
UNDEFED   __mpu_init                    
UNDEFED   _system_post_cinit            

[88 symbols]
