******************************************************************************
            TI ARM Clang Linker PC v3.2.2                      
******************************************************************************
>> Linked Fri Oct 18 20:05:22 2024

OUTPUT FILE NAME:   <uart_rs485_send_packet_LP_MSPM0G3507_nortos_ticlang.out>
ENTRY POINT SYMBOL: "_c_int00_noargs"  address: 00000469


MEMORY CONFIGURATION

         name            origin    length      used     unused   attr    fill
----------------------  --------  ---------  --------  --------  ----  --------
  FLASH                 00000000   00020000  00000570  0001fa90  R  X
  SRAM                  20200000   00008000  00000204  00007dfc  RW X
  BCR_CONFIG            41c00000   00000080  00000000  00000080  R   
  BSL_CONFIG            41c00100   00000080  00000000  00000080  R   


SEGMENT ALLOCATION MAP

run origin  load origin   length   init length attrs members
----------  ----------- ---------- ----------- ----- -------
00000000    00000000    00000570   00000570    r-x
  00000000    00000000    000000c0   000000c0    r-- .intvecs
  000000c0    000000c0    00000488   00000488    r-x .text
  00000548    00000548    00000010   00000010    r-- .rodata
  00000558    00000558    00000018   00000018    r-- .cinit
20200000    20200000    00000004   00000000    rw-
  20200000    20200000    00000004   00000000    rw- .data
20207e00    20207e00    00000200   00000000    rw-
  20207e00    20207e00    00000200   00000000    rw- .stack


SECTION ALLOCATION MAP

 output                                  attributes/
section   page    origin      length       input sections
--------  ----  ----------  ----------   ----------------
.intvecs   0    00000000    000000c0     
                  00000000    000000c0     startup_mspm0g350x_ticlang.o (.intvecs)

.text      0    000000c0    00000488     
                  000000c0    0000009a     libc.a : memcpy16.S.obj (.text:memcpy)
                  0000015a    00000002     startup_mspm0g350x_ticlang.o (.text.Default_Handler)
                  0000015c    00000094     ti_msp_dl_config.o (.text.SYSCFG_DL_UART_0_init)
                  000001f0    00000078     libc.a : copy_decompress_lzss.c.obj (.text:decompress:lzss)
                  00000268    0000006c     uart_rs485_send_packet.o (.text.main)
                  000002d4    0000004c     driverlib.a : dl_uart.o (.text.DL_UART_init)
                  00000320    00000046                 : dl_uart.o (.text.DL_UART_fillTXFIFO)
                  00000366    00000002     --HOLE-- [fill = 0]
                  00000368    0000003c     libc.a : autoinit.c.obj (.text:__TI_auto_init_nobinit_nopinit)
                  000003a4    00000038     ti_msp_dl_config.o (.text.SYSCFG_DL_GPIO_init)
                  000003dc    00000034     ti_msp_dl_config.o (.text.SYSCFG_DL_initPower)
                  00000410    00000030     ti_msp_dl_config.o (.text.SYSCFG_DL_SYSCTL_init)
                  00000440    00000028     driverlib.a : dl_uart.o (.text.DL_Common_updateReg)
                  00000468    00000028     libc.a : boot_cortex_m.c.obj (.text:_c_int00_noargs)
                  00000490    00000024     driverlib.a : dl_uart.o (.text.DL_UART_setClockConfig)
                  000004b4    00000018                 : dl_uart.o (.text.DL_UART_isTXFIFOFull)
                  000004cc    00000016                 : dl_uart.o (.text.DL_UART_disable)
                  000004e2    00000016                 : dl_uart.o (.text.DL_UART_transmitData)
                  000004f8    00000014                 : dl_common.o (.text.DL_Common_delayCycles)
                  0000050c    00000014     ti_msp_dl_config.o (.text.SYSCFG_DL_init)
                  00000520    00000012     libc.a : copy_decompress_none.c.obj (.text:decompress:none)
                  00000532    00000002     --HOLE-- [fill = 0]
                  00000534    00000008     libclang_rt.builtins.a : aeabi_memcpy.S.obj (.text.__aeabi_memcpy)
                  0000053c    00000004     startup_mspm0g350x_ticlang.o (.text.Reset_Handler)
                  00000540    00000004     libc.a : pre_init.c.obj (.text._system_pre_init)
                  00000544    00000004            : exit.c.obj (.text:abort)

.cinit     0    00000558    00000018     
                  00000558    00000008     (.cinit..data.load) [load image, compression = lzss]
                  00000560    00000008     (__TI_handler_table)
                  00000568    00000008     (__TI_cinit_table)

.rodata    0    00000548    00000010     
                  00000548    0000000a     ti_msp_dl_config.o (.rodata.gUART_0Config)
                  00000552    00000002     ti_msp_dl_config.o (.rodata.gUART_0ClockConfig)
                  00000554    00000004     --HOLE-- [fill = 0]

.init_array 
*          0    00000000    00000000     UNINITIALIZED

.binit     0    00000000    00000000     

.data      0    20200000    00000004     UNINITIALIZED
                  20200000    00000004     uart_rs485_send_packet.o (.data.gTxPacket)

.stack     0    20207e00    00000200     UNINITIALIZED
                  20207e00    00000004     libc.a : boot_cortex_m.c.obj (.stack)
                  20207e04    000001fc     --HOLE--

__llvm_prf_cnts 
*          0    20200000    00000000     UNINITIALIZED

__llvm_prf_bits 
*          0    20200000    00000000     UNINITIALIZED

MODULE SUMMARY

       Module                         code   ro data   rw data
       ------                         ----   -------   -------
    .\
       ti_msp_dl_config.o             324    12        0      
       startup_mspm0g350x_ticlang.o   6      192       0      
       uart_rs485_send_packet.o       108    0         4      
    +--+------------------------------+------+---------+---------+
       Total:                         438    204       4      
                                                              
    C:/ti/mspm0_sdk_2_01_00_03/source/ti/driverlib/lib/ticlang/m0p/mspm0g1x0x_g3x0x/driverlib.a
       dl_uart.o                      290    0         0      
       dl_common.o                    20     0         0      
    +--+------------------------------+------+---------+---------+
       Total:                         310    0         0      
                                                              
    C:\ti\ccs1271\ccs\tools\compiler\ti-cgt-armllvm_3.2.2.LTS\lib\armv6m-ti-none-eabi/c/libc.a
       memcpy16.S.obj                 154    0         0      
       copy_decompress_lzss.c.obj     120    0         0      
       autoinit.c.obj                 60     0         0      
       boot_cortex_m.c.obj            40     0         0      
       copy_decompress_none.c.obj     18     0         0      
       exit.c.obj                     4      0         0      
       pre_init.c.obj                 4      0         0      
    +--+------------------------------+------+---------+---------+
       Total:                         400    0         0      
                                                              
    C:\ti\ccs1271\ccs\tools\compiler\ti-cgt-armllvm_3.2.2.LTS\lib\clang/15.0.7/lib/armv6m-ti-none-eabi/libclang_rt.builtins.a
       aeabi_memcpy.S.obj             8      0         0      
    +--+------------------------------+------+---------+---------+
       Total:                         8      0         0      
                                                              
       Stack:                         0      0         512    
       Linker Generated:              0      24        0      
    +--+------------------------------+------+---------+---------+
       Grand Total:                   1156   228       516    


LINKER GENERATED COPY TABLES

__TI_cinit_table @ 00000568 records: 1, size/record: 8, table size: 8
	.data: load addr=00000558, load size=00000008 bytes, run addr=20200000, run size=00000004 bytes, compression=lzss


LINKER GENERATED HANDLER TABLE

__TI_handler_table @ 00000560 records: 2, size/record: 4, table size: 8
	index: 0, handler: __TI_decompress_lzss
	index: 1, handler: __TI_decompress_none


GLOBAL SYMBOLS: SORTED ALPHABETICALLY BY Name 

address   name                          
-------   ----                          
0000015b  ADC0_IRQHandler               
0000015b  ADC1_IRQHandler               
0000015b  AES_IRQHandler                
00000544  C$$EXIT                       
0000015b  CANFD0_IRQHandler             
0000015b  DAC0_IRQHandler               
000004f9  DL_Common_delayCycles         
00000321  DL_UART_fillTXFIFO            
000002d5  DL_UART_init                  
00000491  DL_UART_setClockConfig        
0000015b  DMA_IRQHandler                
0000015b  Default_Handler               
0000015b  GROUP0_IRQHandler             
0000015b  GROUP1_IRQHandler             
0000015b  HardFault_Handler             
0000015b  I2C0_IRQHandler               
0000015b  I2C1_IRQHandler               
0000015b  NMI_Handler                   
0000015b  PendSV_Handler                
0000015b  RTC_IRQHandler                
0000053d  Reset_Handler                 
0000015b  SPI0_IRQHandler               
0000015b  SPI1_IRQHandler               
0000015b  SVC_Handler                   
000003a5  SYSCFG_DL_GPIO_init           
00000411  SYSCFG_DL_SYSCTL_init         
0000015d  SYSCFG_DL_UART_0_init         
0000050d  SYSCFG_DL_init                
000003dd  SYSCFG_DL_initPower           
0000015b  SysTick_Handler               
0000015b  TIMA0_IRQHandler              
0000015b  TIMA1_IRQHandler              
0000015b  TIMG0_IRQHandler              
0000015b  TIMG12_IRQHandler             
0000015b  TIMG6_IRQHandler              
0000015b  TIMG7_IRQHandler              
0000015b  TIMG8_IRQHandler              
0000015b  UART0_IRQHandler              
0000015b  UART1_IRQHandler              
0000015b  UART2_IRQHandler              
0000015b  UART3_IRQHandler              
20208000  __STACK_END                   
00000200  __STACK_SIZE                  
00000000  __TI_ATRegion0_region_sz      
00000000  __TI_ATRegion0_src_addr       
00000000  __TI_ATRegion0_trg_addr       
00000000  __TI_ATRegion1_region_sz      
00000000  __TI_ATRegion1_src_addr       
00000000  __TI_ATRegion1_trg_addr       
00000000  __TI_ATRegion2_region_sz      
00000000  __TI_ATRegion2_src_addr       
00000000  __TI_ATRegion2_trg_addr       
00000568  __TI_CINIT_Base               
00000570  __TI_CINIT_Limit              
00000570  __TI_CINIT_Warm               
00000560  __TI_Handler_Table_Base       
00000568  __TI_Handler_Table_Limit      
00000369  __TI_auto_init_nobinit_nopinit
000001f1  __TI_decompress_lzss          
00000521  __TI_decompress_none          
ffffffff  __TI_pprof_out_hndl           
ffffffff  __TI_prof_data_size           
ffffffff  __TI_prof_data_start          
00000000  __TI_static_base__            
00000535  __aeabi_memcpy                
00000535  __aeabi_memcpy4               
00000535  __aeabi_memcpy8               
ffffffff  __binit__                     
UNDEFED   __mpu_init                    
20207e00  __stack                       
20200000  __start___llvm_prf_bits       
20200000  __start___llvm_prf_cnts       
20200000  __stop___llvm_prf_bits        
20200000  __stop___llvm_prf_cnts        
00000469  _c_int00_noargs               
UNDEFED   _system_post_cinit            
00000541  _system_pre_init              
00000545  abort                         
ffffffff  binit                         
20200000  gTxPacket                     
00000000  interruptVectors              
00000269  main                          
000000c1  memcpy                        


GLOBAL SYMBOLS: SORTED BY Symbol Address 

address   name                          
-------   ----                          
00000000  __TI_ATRegion0_region_sz      
00000000  __TI_ATRegion0_src_addr       
00000000  __TI_ATRegion0_trg_addr       
00000000  __TI_ATRegion1_region_sz      
00000000  __TI_ATRegion1_src_addr       
00000000  __TI_ATRegion1_trg_addr       
00000000  __TI_ATRegion2_region_sz      
00000000  __TI_ATRegion2_src_addr       
00000000  __TI_ATRegion2_trg_addr       
00000000  __TI_static_base__            
00000000  interruptVectors              
000000c1  memcpy                        
0000015b  ADC0_IRQHandler               
0000015b  ADC1_IRQHandler               
0000015b  AES_IRQHandler                
0000015b  CANFD0_IRQHandler             
0000015b  DAC0_IRQHandler               
0000015b  DMA_IRQHandler                
0000015b  Default_Handler               
0000015b  GROUP0_IRQHandler             
0000015b  GROUP1_IRQHandler             
0000015b  HardFault_Handler             
0000015b  I2C0_IRQHandler               
0000015b  I2C1_IRQHandler               
0000015b  NMI_Handler                   
0000015b  PendSV_Handler                
0000015b  RTC_IRQHandler                
0000015b  SPI0_IRQHandler               
0000015b  SPI1_IRQHandler               
0000015b  SVC_Handler                   
0000015b  SysTick_Handler               
0000015b  TIMA0_IRQHandler              
0000015b  TIMA1_IRQHandler              
0000015b  TIMG0_IRQHandler              
0000015b  TIMG12_IRQHandler             
0000015b  TIMG6_IRQHandler              
0000015b  TIMG7_IRQHandler              
0000015b  TIMG8_IRQHandler              
0000015b  UART0_IRQHandler              
0000015b  UART1_IRQHandler              
0000015b  UART2_IRQHandler              
0000015b  UART3_IRQHandler              
0000015d  SYSCFG_DL_UART_0_init         
000001f1  __TI_decompress_lzss          
00000200  __STACK_SIZE                  
00000269  main                          
000002d5  DL_UART_init                  
00000321  DL_UART_fillTXFIFO            
00000369  __TI_auto_init_nobinit_nopinit
000003a5  SYSCFG_DL_GPIO_init           
000003dd  SYSCFG_DL_initPower           
00000411  SYSCFG_DL_SYSCTL_init         
00000469  _c_int00_noargs               
00000491  DL_UART_setClockConfig        
000004f9  DL_Common_delayCycles         
0000050d  SYSCFG_DL_init                
00000521  __TI_decompress_none          
00000535  __aeabi_memcpy                
00000535  __aeabi_memcpy4               
00000535  __aeabi_memcpy8               
0000053d  Reset_Handler                 
00000541  _system_pre_init              
00000544  C$$EXIT                       
00000545  abort                         
00000560  __TI_Handler_Table_Base       
00000568  __TI_CINIT_Base               
00000568  __TI_Handler_Table_Limit      
00000570  __TI_CINIT_Limit              
00000570  __TI_CINIT_Warm               
20200000  __start___llvm_prf_bits       
20200000  __start___llvm_prf_cnts       
20200000  __stop___llvm_prf_bits        
20200000  __stop___llvm_prf_cnts        
20200000  gTxPacket                     
20207e00  __stack                       
20208000  __STACK_END                   
ffffffff  __TI_pprof_out_hndl           
ffffffff  __TI_prof_data_size           
ffffffff  __TI_prof_data_start          
ffffffff  __binit__                     
ffffffff  binit                         
UNDEFED   __mpu_init                    
UNDEFED   _system_post_cinit            

[83 symbols]
