******************************************************************************
            TI ARM Clang Linker PC v3.2.2                      
******************************************************************************
>> Linked Thu Oct 10 15:43:25 2024

OUTPUT FILE NAME:   <empty_LP_MSPM0G3507_nortos_ticlang3.out>
ENTRY POINT SYMBOL: "_c_int00_noargs"  address: 00000d95


MEMORY CONFIGURATION

         name            origin    length      used     unused   attr    fill
----------------------  --------  ---------  --------  --------  ----  --------
  FLASH                 00000000   00020000  00000f68  0001f098  R  X
  SRAM                  20200000   00008000  00000d99  00007267  RW X
  BCR_CONFIG            41c00000   00000080  00000000  00000080  R   
  BSL_CONFIG            41c00100   00000080  00000000  00000080  R   


SEGMENT ALLOCATION MAP

run origin  load origin   length   init length attrs members
----------  ----------- ---------- ----------- ----- -------
00000000    00000000    00000f68   00000f68    r-x
  00000000    00000000    000000c0   000000c0    r-- .intvecs
  000000c0    000000c0    00000e20   00000e20    r-x .text
  00000ee0    00000ee0    00000088   00000088    r-- .cinit
20200000    20200000    00000b9c   00000000    rw-
  20200000    20200000    00000800   00000000    rw- .sysmem
  20200800    20200800    000001cd   00000000    rw- .data
  202009d0    202009d0    000001cc   00000000    rw- .bss
20207e00    20207e00    00000200   00000000    rw-
  20207e00    20207e00    00000200   00000000    rw- .stack


SECTION ALLOCATION MAP

 output                                  attributes/
section   page    origin      length       input sections
--------  ----  ----------  ----------   ----------------
.intvecs   0    00000000    000000c0     
                  00000000    000000c0     startup_mspm0g350x_ticlang.o (.intvecs)

.text      0    000000c0    00000e20     
                  000000c0    0000012c     libc.a : memory.c.obj (.text.aligned_alloc)
                  000001ec    000000ec            : memory.c.obj (.text.free)
                  000002d8    000000dc            : setvbuf.c.obj (.text.setvbuf)
                  000003b4    0000009c            : fputc.c.obj (.text.fputc)
                  00000450    0000009a            : memcpy16.S.obj (.text:memcpy)
                  000004ea    00000002     startup_mspm0g350x_ticlang.o (.text.Default_Handler)
                  000004ec    0000007c     libc.a : fclose.c.obj (.text.__TI_closefile)
                  00000568    00000078            : copy_decompress_lzss.c.obj (.text:decompress:lzss)
                  000005e0    0000006c     libsysbm.a : hostlseek.c.obj (.text.HOSTlseek)
                  0000064c    0000006c                : hostrename.c.obj (.text.HOSTrename)
                  000006b8    0000006c     libc.a : fseek.c.obj (.text.fseeko)
                  00000724    00000068            : getdevice.c.obj (.text.getdevice)
                  0000078c    00000064            : _io_perm.c.obj (.text.__TI_wrt_ok)
                  000007f0    00000064            : memory.c.obj (.text.split)
                  00000854    00000062            : memset16.S.obj (.text:memset)
                  000008b6    00000002            : _lock.c.obj (.text._nop)
                  000008b8    00000060     libsysbm.a : hostopen.c.obj (.text.HOSTopen)
                  00000918    00000058                : hostread.c.obj (.text.HOSTread)
                  00000970    00000058                : hostwrite.c.obj (.text.HOSTwrite)
                  000009c8    00000052     libc.a : fflush.c.obj (.text.__TI_doflush)
                  00000a1a    00000002     --HOLE-- [fill = 0]
                  00000a1c    00000050     libsysbm.a : close.c.obj (.text.close)
                  00000a6c    00000048                : hostclose.c.obj (.text.HOSTclose)
                  00000ab4    00000048                : hostunlink.c.obj (.text.HOSTunlink)
                  00000afc    00000044     ti_msp_dl_config.o (.text.SYSCFG_DL_GPIO_init)
                  00000b40    00000040     ti_msp_dl_config.o (.text.SYSCFG_DL_SYSCTL_init)
                  00000b80    0000003c     libc.a : autoinit.c.obj (.text:__TI_auto_init_nobinit_nopinit)
                  00000bbc    00000038            : getdevice.c.obj (.text.finddevice)
                  00000bf4    00000034            : fopen.c.obj (.text.__TI_cleanup)
                  00000c28    00000034     libsysbm.a : trgmsg.c.obj (.text.__TI_readmsg)
                  00000c5c    00000034                : trgmsg.c.obj (.text.__TI_writemsg)
                  00000c90    00000034     libc.a : exit.c.obj (.text.exit)
                  00000cc4    0000002c     ti_msp_dl_config.o (.text.SYSCFG_DL_initPower)
                  00000cf0    0000002c     libsysbm.a : unlink.c.obj (.text.unlink)
                  00000d1c    00000028     libc.a : memory.c.obj (.text.free_list_insert)
                  00000d44    00000028     libsysbm.a : lseek.c.obj (.text.lseek)
                  00000d6c    00000028                : write.c.obj (.text.write)
                  00000d94    00000028     libc.a : boot_cortex_m.c.obj (.text:_c_int00_noargs)
                  00000dbc    00000024     empty.o (.text.GROUP1_IRQHandler)
                  00000de0    0000001c     libc.a : memory.c.obj (.text.free_list_remove)
                  00000dfc    00000018     empty.o (.text.main)
                  00000e14    00000016     libc.a : copy_zero_init.c.obj (.text:decompress:ZI:__TI_zero_init_nomemset)
                  00000e2a    00000014     driverlib.a : dl_common.o (.text.DL_Common_delayCycles)
                  00000e3e    00000012     libsysbm.a : hostrename.c.obj (.text.strcpy)
                  00000e50    00000012     libc.a : copy_decompress_none.c.obj (.text:decompress:none)
                  00000e62    00000010     ti_msp_dl_config.o (.text.SYSCFG_DL_init)
                  00000e72    00000002     --HOLE-- [fill = 0]
                  00000e74    00000010     libc.a : fputc.c.obj (.text.putchar)
                  00000e84    0000000e            : memory.c.obj (.text.OUTLINED_FUNCTION_0)
                  00000e92    0000000e     libsysbm.a : hostrename.c.obj (.text.strlen)
                  00000ea0    0000000c     libclang_rt.builtins.a : aeabi_memset.S.obj (.text.__aeabi_memclr)
                  00000eac    0000000c     libc.a : memory.c.obj (.text.malloc)
                  00000eb8    00000008     libclang_rt.builtins.a : aeabi_memcpy.S.obj (.text.__aeabi_memcpy)
                  00000ec0    00000008     libc.a : fseek.c.obj (.text.fseek)
                  00000ec8    00000008     libsysbm.a : remove.c.obj (.text.remove)
                  00000ed0    00000004     startup_mspm0g350x_ticlang.o (.text.Reset_Handler)
                  00000ed4    00000004     libc.a : pre_init.c.obj (.text._system_pre_init)
                  00000ed8    00000004            : exit.c.obj (.text:abort)
                  00000edc    00000004     --HOLE-- [fill = 0]

.cinit     0    00000ee0    00000088     
                  00000ee0    00000064     (.cinit..data.load) [load image, compression = lzss]
                  00000f44    0000000c     (__TI_handler_table)
                  00000f50    00000008     (.cinit..bss.load) [load image, compression = zero_init]
                  00000f58    00000010     (__TI_cinit_table)

.init_array 
*          0    00000000    00000000     UNINITIALIZED

.binit     0    00000000    00000000     

.sysmem    0    20200000    00000800     UNINITIALIZED
                  20200000    00000010     libc.a : memory.c.obj (.sysmem)
                  20200010    000007f0     --HOLE--

.data      0    20200800    000001cd     UNINITIALIZED
                  20200800    000000f0     libc.a : defs.c.obj (.data._ftable)
                  202008f0    00000078     libsysbm.a : host_device.c.obj (.data._device)
                  20200968    00000050                : host_device.c.obj (.data._stream)
                  202009b8    00000008     libc.a : exit.c.obj (.data..L_MergedGlobals)
                  202009c0    00000004            : defs.c.obj (.data.__TI_ft_end)
                  202009c4    00000004            : _lock.c.obj (.data._lock)
                  202009c8    00000004            : _lock.c.obj (.data._unlock)
                  202009cc    00000001            : memory.c.obj (.data.memory_is_initialized)

.bss       0    202009d0    000001cc     UNINITIALIZED
                  202009d0    00000120     libsysbm.a : trgmsg.c.obj (.bss:_CIOBUF_)
                  20200af0    000000a0     libc.a : defs.c.obj (.bss.__TI_tmpnams)
                  20200b90    00000008     libsysbm.a : hostopen.c.obj (.bss.parmbuf)
                  20200b98    00000004     libc.a : memory.c.obj (.bss.sys_free)

.stack     0    20207e00    00000200     UNINITIALIZED
                  20207e00    00000004     libc.a : boot_cortex_m.c.obj (.stack)
                  20207e04    000001fc     --HOLE--

__llvm_prf_cnts 
*          0    20200000    00000000     UNINITIALIZED

__llvm_prf_bits 
*          0    20200000    00000000     UNINITIALIZED

MODULE SUMMARY

       Module                         code   ro data   rw data
       ------                         ----   -------   -------
    .\
       startup_mspm0g350x_ticlang.o   6      192       0      
       ti_msp_dl_config.o             192    0         0      
       empty.o                        60     0         0      
    +--+------------------------------+------+---------+---------+
       Total:                         258    192       0      
                                                              
    C:/ti/mspm0_sdk_2_02_00_05/source/ti/driverlib/lib/ticlang/m0p/mspm0g1x0x_g3x0x/driverlib.a
       dl_common.o                    20     0         0      
    +--+------------------------------+------+---------+---------+
       Total:                         20     0         0      
                                                              
    C:\ti\ccs1271\ccs\tools\compiler\ti-cgt-armllvm_3.2.2.LTS\lib\armv6m-ti-none-eabi/c/libc.a
       memory.c.obj                   730    0         5      
       defs.c.obj                     0      0         404    
       setvbuf.c.obj                  220    0         0      
       fputc.c.obj                    172    0         0      
       getdevice.c.obj                160    0         0      
       memcpy16.S.obj                 154    0         0      
       fclose.c.obj                   124    0         0      
       copy_decompress_lzss.c.obj     120    0         0      
       fseek.c.obj                    116    0         0      
       _io_perm.c.obj                 100    0         0      
       memset16.S.obj                 98     0         0      
       fflush.c.obj                   82     0         0      
       exit.c.obj                     56     0         8      
       autoinit.c.obj                 60     0         0      
       fopen.c.obj                    52     0         0      
       boot_cortex_m.c.obj            40     0         0      
       copy_zero_init.c.obj           22     0         0      
       copy_decompress_none.c.obj     18     0         0      
       _lock.c.obj                    2      0         8      
       pre_init.c.obj                 4      0         0      
    +--+------------------------------+------+---------+---------+
       Total:                         2330   0         425    
                                                              
    C:\ti\ccs1271\ccs\tools\compiler\ti-cgt-armllvm_3.2.2.LTS\lib\armv6m-ti-none-eabi/c/libsysbm.a
       trgmsg.c.obj                   104    0         288    
       host_device.c.obj              0      0         200    
       hostrename.c.obj               140    0         0      
       hostlseek.c.obj                108    0         0      
       hostopen.c.obj                 96     0         8      
       hostread.c.obj                 88     0         0      
       hostwrite.c.obj                88     0         0      
       close.c.obj                    80     0         0      
       hostclose.c.obj                72     0         0      
       hostunlink.c.obj               72     0         0      
       unlink.c.obj                   44     0         0      
       lseek.c.obj                    40     0         0      
       write.c.obj                    40     0         0      
       remove.c.obj                   8      0         0      
    +--+------------------------------+------+---------+---------+
       Total:                         980    0         496    
                                                              
    C:\ti\ccs1271\ccs\tools\compiler\ti-cgt-armllvm_3.2.2.LTS\lib\clang/15.0.7/lib/armv6m-ti-none-eabi/libclang_rt.builtins.a
       aeabi_memset.S.obj             12     0         0      
       aeabi_memcpy.S.obj             8      0         0      
    +--+------------------------------+------+---------+---------+
       Total:                         20     0         0      
                                                              
       Heap:                          0      0         2048   
       Stack:                         0      0         512    
       Linker Generated:              0      136       0      
    +--+------------------------------+------+---------+---------+
       Grand Total:                   3608   328       3481   


LINKER GENERATED COPY TABLES

__TI_cinit_table @ 00000f58 records: 2, size/record: 8, table size: 16
	.data: load addr=00000ee0, load size=00000064 bytes, run addr=20200800, run size=000001cd bytes, compression=lzss
	.bss: load addr=00000f50, load size=00000008 bytes, run addr=202009d0, run size=000001cc bytes, compression=zero_init


LINKER GENERATED HANDLER TABLE

__TI_handler_table @ 00000f44 records: 3, size/record: 4, table size: 12
	index: 0, handler: __TI_decompress_lzss
	index: 1, handler: __TI_decompress_none
	index: 2, handler: __TI_zero_init


GLOBAL SYMBOLS: SORTED ALPHABETICALLY BY Name 

address   name                          
-------   ----                          
000004eb  ADC0_IRQHandler               
000004eb  ADC1_IRQHandler               
000004eb  AES_IRQHandler                
00000ed8  C$$EXIT                       
00000c89  C$$IO$$                       
000004eb  CANFD0_IRQHandler             
000004eb  DAC0_IRQHandler               
00000e2b  DL_Common_delayCycles         
000004eb  DMA_IRQHandler                
000004eb  Default_Handler               
000004eb  GROUP0_IRQHandler             
00000dbd  GROUP1_IRQHandler             
00000a6d  HOSTclose                     
000005e1  HOSTlseek                     
000008b9  HOSTopen                      
00000919  HOSTread                      
0000064d  HOSTrename                    
00000ab5  HOSTunlink                    
00000971  HOSTwrite                     
000004eb  HardFault_Handler             
000004eb  I2C0_IRQHandler               
000004eb  I2C1_IRQHandler               
000004eb  NMI_Handler                   
000004eb  PendSV_Handler                
000004eb  RTC_IRQHandler                
00000ed1  Reset_Handler                 
000004eb  SPI0_IRQHandler               
000004eb  SPI1_IRQHandler               
000004eb  SVC_Handler                   
00000afd  SYSCFG_DL_GPIO_init           
00000b41  SYSCFG_DL_SYSCTL_init         
00000e63  SYSCFG_DL_init                
00000cc5  SYSCFG_DL_initPower           
000004eb  SysTick_Handler               
000004eb  TIMA0_IRQHandler              
000004eb  TIMA1_IRQHandler              
000004eb  TIMG0_IRQHandler              
000004eb  TIMG12_IRQHandler             
000004eb  TIMG6_IRQHandler              
000004eb  TIMG7_IRQHandler              
000004eb  TIMG8_IRQHandler              
000004eb  UART0_IRQHandler              
000004eb  UART1_IRQHandler              
000004eb  UART2_IRQHandler              
000004eb  UART3_IRQHandler              
202009d0  _CIOBUF_                      
202009d0  __CIOBUF_                     
20208000  __STACK_END                   
00000200  __STACK_SIZE                  
00000800  __SYSMEM_SIZE                 
00000000  __TI_ATRegion0_region_sz      
00000000  __TI_ATRegion0_src_addr       
00000000  __TI_ATRegion0_trg_addr       
00000000  __TI_ATRegion1_region_sz      
00000000  __TI_ATRegion1_src_addr       
00000000  __TI_ATRegion1_trg_addr       
00000000  __TI_ATRegion2_region_sz      
00000000  __TI_ATRegion2_src_addr       
00000000  __TI_ATRegion2_trg_addr       
00000f58  __TI_CINIT_Base               
00000f68  __TI_CINIT_Limit              
00000f68  __TI_CINIT_Warm               
00000f44  __TI_Handler_Table_Base       
00000f50  __TI_Handler_Table_Limit      
00000b81  __TI_auto_init_nobinit_nopinit
00000bf5  __TI_cleanup                  
202009b8  __TI_cleanup_ptr              
000004ed  __TI_closefile                
00000569  __TI_decompress_lzss          
00000e51  __TI_decompress_none          
000009c9  __TI_doflush                  
202009bc  __TI_dtors_ptr                
202009c0  __TI_ft_end                   
ffffffff  __TI_pprof_out_hndl           
ffffffff  __TI_prof_data_size           
ffffffff  __TI_prof_data_start          
00000c29  __TI_readmsg                  
00000000  __TI_static_base__            
20200af0  __TI_tmpnams                  
00000c5d  __TI_writemsg                 
0000078d  __TI_wrt_ok                   
00000e15  __TI_zero_init_nomemset       
00000ea1  __aeabi_memclr                
00000ea1  __aeabi_memclr4               
00000ea1  __aeabi_memclr8               
00000eb9  __aeabi_memcpy                
00000eb9  __aeabi_memcpy4               
00000eb9  __aeabi_memcpy8               
ffffffff  __binit__                     
UNDEFED   __mpu_init                    
20207e00  __stack                       
20200000  __start___llvm_prf_bits       
20200000  __start___llvm_prf_cnts       
20200000  __stop___llvm_prf_bits        
20200000  __stop___llvm_prf_cnts        
00000d95  _c_int00_noargs               
202008f0  _device                       
20200800  _ftable                       
202009c4  _lock                         
000008b7  _nop                          
20200968  _stream                       
20200000  _sys_memory                   
UNDEFED   _system_post_cinit            
00000ed5  _system_pre_init              
202009c8  _unlock                       
00000ed9  abort                         
000000c1  aligned_alloc                 
ffffffff  binit                         
00000a1d  close                         
00000c91  exit                          
00000bbd  finddevice                    
000003b5  fputc                         
000001ed  free                          
00000ec1  fseek                         
000006b9  fseeko                        
00000725  getdevice                     
00000000  interruptVectors              
00000d45  lseek                         
00000dfd  main                          
00000ead  malloc                        
000000c1  memalign                      
00000451  memcpy                        
00000855  memset                        
20200b90  parmbuf                       
00000e75  putchar                       
00000ec9  remove                        
000002d9  setvbuf                       
00000cf1  unlink                        
00000d6d  write                         


GLOBAL SYMBOLS: SORTED BY Symbol Address 

address   name                          
-------   ----                          
00000000  __TI_ATRegion0_region_sz      
00000000  __TI_ATRegion0_src_addr       
00000000  __TI_ATRegion0_trg_addr       
00000000  __TI_ATRegion1_region_sz      
00000000  __TI_ATRegion1_src_addr       
00000000  __TI_ATRegion1_trg_addr       
00000000  __TI_ATRegion2_region_sz      
00000000  __TI_ATRegion2_src_addr       
00000000  __TI_ATRegion2_trg_addr       
00000000  __TI_static_base__            
00000000  interruptVectors              
000000c1  aligned_alloc                 
000000c1  memalign                      
000001ed  free                          
00000200  __STACK_SIZE                  
000002d9  setvbuf                       
000003b5  fputc                         
00000451  memcpy                        
000004eb  ADC0_IRQHandler               
000004eb  ADC1_IRQHandler               
000004eb  AES_IRQHandler                
000004eb  CANFD0_IRQHandler             
000004eb  DAC0_IRQHandler               
000004eb  DMA_IRQHandler                
000004eb  Default_Handler               
000004eb  GROUP0_IRQHandler             
000004eb  HardFault_Handler             
000004eb  I2C0_IRQHandler               
000004eb  I2C1_IRQHandler               
000004eb  NMI_Handler                   
000004eb  PendSV_Handler                
000004eb  RTC_IRQHandler                
000004eb  SPI0_IRQHandler               
000004eb  SPI1_IRQHandler               
000004eb  SVC_Handler                   
000004eb  SysTick_Handler               
000004eb  TIMA0_IRQHandler              
000004eb  TIMA1_IRQHandler              
000004eb  TIMG0_IRQHandler              
000004eb  TIMG12_IRQHandler             
000004eb  TIMG6_IRQHandler              
000004eb  TIMG7_IRQHandler              
000004eb  TIMG8_IRQHandler              
000004eb  UART0_IRQHandler              
000004eb  UART1_IRQHandler              
000004eb  UART2_IRQHandler              
000004eb  UART3_IRQHandler              
000004ed  __TI_closefile                
00000569  __TI_decompress_lzss          
000005e1  HOSTlseek                     
0000064d  HOSTrename                    
000006b9  fseeko                        
00000725  getdevice                     
0000078d  __TI_wrt_ok                   
00000800  __SYSMEM_SIZE                 
00000855  memset                        
000008b7  _nop                          
000008b9  HOSTopen                      
00000919  HOSTread                      
00000971  HOSTwrite                     
000009c9  __TI_doflush                  
00000a1d  close                         
00000a6d  HOSTclose                     
00000ab5  HOSTunlink                    
00000afd  SYSCFG_DL_GPIO_init           
00000b41  SYSCFG_DL_SYSCTL_init         
00000b81  __TI_auto_init_nobinit_nopinit
00000bbd  finddevice                    
00000bf5  __TI_cleanup                  
00000c29  __TI_readmsg                  
00000c5d  __TI_writemsg                 
00000c89  C$$IO$$                       
00000c91  exit                          
00000cc5  SYSCFG_DL_initPower           
00000cf1  unlink                        
00000d45  lseek                         
00000d6d  write                         
00000d95  _c_int00_noargs               
00000dbd  GROUP1_IRQHandler             
00000dfd  main                          
00000e15  __TI_zero_init_nomemset       
00000e2b  DL_Common_delayCycles         
00000e51  __TI_decompress_none          
00000e63  SYSCFG_DL_init                
00000e75  putchar                       
00000ea1  __aeabi_memclr                
00000ea1  __aeabi_memclr4               
00000ea1  __aeabi_memclr8               
00000ead  malloc                        
00000eb9  __aeabi_memcpy                
00000eb9  __aeabi_memcpy4               
00000eb9  __aeabi_memcpy8               
00000ec1  fseek                         
00000ec9  remove                        
00000ed1  Reset_Handler                 
00000ed5  _system_pre_init              
00000ed8  C$$EXIT                       
00000ed9  abort                         
00000f44  __TI_Handler_Table_Base       
00000f50  __TI_Handler_Table_Limit      
00000f58  __TI_CINIT_Base               
00000f68  __TI_CINIT_Limit              
00000f68  __TI_CINIT_Warm               
20200000  __start___llvm_prf_bits       
20200000  __start___llvm_prf_cnts       
20200000  __stop___llvm_prf_bits        
20200000  __stop___llvm_prf_cnts        
20200000  _sys_memory                   
20200800  _ftable                       
202008f0  _device                       
20200968  _stream                       
202009b8  __TI_cleanup_ptr              
202009bc  __TI_dtors_ptr                
202009c0  __TI_ft_end                   
202009c4  _lock                         
202009c8  _unlock                       
202009d0  _CIOBUF_                      
202009d0  __CIOBUF_                     
20200af0  __TI_tmpnams                  
20200b90  parmbuf                       
20207e00  __stack                       
20208000  __STACK_END                   
ffffffff  __TI_pprof_out_hndl           
ffffffff  __TI_prof_data_size           
ffffffff  __TI_prof_data_start          
ffffffff  __binit__                     
ffffffff  binit                         
UNDEFED   __mpu_init                    
UNDEFED   _system_post_cinit            

[129 symbols]
