******************************************************************************
            TI ARM Clang Linker PC v3.2.2                      
******************************************************************************
>> Linked Mon Oct 14 12:35:49 2024

OUTPUT FILE NAME:   <UART.out>
ENTRY POINT SYMBOL: "_c_int00_noargs"  address: 00000ef5


MEMORY CONFIGURATION

         name            origin    length      used     unused   attr    fill
----------------------  --------  ---------  --------  --------  ----  --------
  FLASH                 00000000   00020000  00001128  0001eed8  R  X
  SRAM                  20200000   00008000  00000d9a  00007266  RW X
  BCR_CONFIG            41c00000   00000080  00000000  00000080  R   
  BSL_CONFIG            41c00100   00000080  00000000  00000080  R   


SEGMENT ALLOCATION MAP

run origin  load origin   length   init length attrs members
----------  ----------- ---------- ----------- ----- -------
00000000    00000000    00001128   00001128    r-x
  00000000    00000000    000000c0   000000c0    r-- .intvecs
  000000c0    000000c0    00000fc0   00000fc0    r-x .text
  00001080    00001080    00000018   00000018    r-- .rodata
  00001098    00001098    00000090   00000090    r-- .cinit
20200000    20200000    00000b9c   00000000    rw-
  20200000    20200000    00000800   00000000    rw- .sysmem
  20200800    20200800    000001ce   00000000    rw- .data
  202009d0    202009d0    000001cc   00000000    rw- .bss
20207e00    20207e00    00000200   00000000    rw-
  20207e00    20207e00    00000200   00000000    rw- .stack


SECTION ALLOCATION MAP

 output                                  attributes/
section   page    origin      length       input sections
--------  ----  ----------  ----------   ----------------
.intvecs   0    00000000    000000c0     
                  00000000    000000c0     startup_mspm0g350x_ticlang.o (.intvecs)

.text      0    000000c0    00000fc0     
                  000000c0    0000012c     libc.a : memory.c.obj (.text.aligned_alloc)
                  000001ec    00000104            : fputs.c.obj (.text.fputs)
                  000002f0    000000ec            : memory.c.obj (.text.free)
                  000003dc    000000dc            : setvbuf.c.obj (.text.setvbuf)
                  000004b8    0000009a            : memcpy16.S.obj (.text:memcpy)
                  00000552    00000002     startup_mspm0g350x_ticlang.o (.text.Default_Handler)
                  00000554    00000090     ti_msp_dl_config.o (.text.SYSCFG_DL_UART_0_init)
                  000005e4    0000007c     libc.a : fclose.c.obj (.text.__TI_closefile)
                  00000660    00000078            : copy_decompress_lzss.c.obj (.text:decompress:lzss)
                  000006d8    0000006c     libsysbm.a : hostlseek.c.obj (.text.HOSTlseek)
                  00000744    0000006c                : hostrename.c.obj (.text.HOSTrename)
                  000007b0    0000006c     libc.a : fseek.c.obj (.text.fseeko)
                  0000081c    00000068            : getdevice.c.obj (.text.getdevice)
                  00000884    00000064            : _io_perm.c.obj (.text.__TI_wrt_ok)
                  000008e8    00000064            : memory.c.obj (.text.split)
                  0000094c    00000062            : memset16.S.obj (.text:memset)
                  000009ae    00000002            : _lock.c.obj (.text._nop)
                  000009b0    00000060     libsysbm.a : hostopen.c.obj (.text.HOSTopen)
                  00000a10    00000058                : hostread.c.obj (.text.HOSTread)
                  00000a68    00000058                : hostwrite.c.obj (.text.HOSTwrite)
                  00000ac0    00000052     libc.a : fflush.c.obj (.text.__TI_doflush)
                  00000b12    00000002     --HOLE-- [fill = 0]
                  00000b14    00000050     libsysbm.a : close.c.obj (.text.close)
                  00000b64    0000004c     driverlib.a : dl_uart.o (.text.DL_UART_init)
                  00000bb0    00000048     libsysbm.a : hostclose.c.obj (.text.HOSTclose)
                  00000bf8    00000048                : hostunlink.c.obj (.text.HOSTunlink)
                  00000c40    00000040     ti_msp_dl_config.o (.text.SYSCFG_DL_SYSCTL_init)
                  00000c80    0000003c     libc.a : autoinit.c.obj (.text:__TI_auto_init_nobinit_nopinit)
                  00000cbc    00000038            : getdevice.c.obj (.text.finddevice)
                  00000cf4    00000034     ti_msp_dl_config.o (.text.SYSCFG_DL_initPower)
                  00000d28    00000034     libc.a : fopen.c.obj (.text.__TI_cleanup)
                  00000d5c    00000034     libsysbm.a : trgmsg.c.obj (.text.__TI_readmsg)
                  00000d90    00000034                : trgmsg.c.obj (.text.__TI_writemsg)
                  00000dc4    00000034     libc.a : exit.c.obj (.text.exit)
                  00000df8    00000030     UART.o (.text.UART0_IRQHandler)
                  00000e28    0000002c     libsysbm.a : unlink.c.obj (.text.unlink)
                  00000e54    00000028     driverlib.a : dl_uart.o (.text.DL_Common_updateReg)
                  00000e7c    00000028     libc.a : memory.c.obj (.text.free_list_insert)
                  00000ea4    00000028     libsysbm.a : lseek.c.obj (.text.lseek)
                  00000ecc    00000028                : write.c.obj (.text.write)
                  00000ef4    00000028     libc.a : boot_cortex_m.c.obj (.text:_c_int00_noargs)
                  00000f1c    00000024     driverlib.a : dl_uart.o (.text.DL_UART_setClockConfig)
                  00000f40    00000024     libc.a : fputs.c.obj (.text.puts)
                  00000f64    0000001c            : memory.c.obj (.text.free_list_remove)
                  00000f80    00000018     UART.o (.text.main)
                  00000f98    00000016     driverlib.a : dl_uart.o (.text.DL_UART_disable)
                  00000fae    00000016     libc.a : copy_zero_init.c.obj (.text:decompress:ZI:__TI_zero_init_nomemset)
                  00000fc4    00000014     driverlib.a : dl_common.o (.text.DL_Common_delayCycles)
                  00000fd8    00000014     ti_msp_dl_config.o (.text.SYSCFG_DL_GPIO_init)
                  00000fec    00000014     ti_msp_dl_config.o (.text.SYSCFG_DL_init)
                  00001000    00000012     libsysbm.a : hostrename.c.obj (.text.strcpy)
                  00001012    00000012     libc.a : copy_decompress_none.c.obj (.text:decompress:none)
                  00001024    0000000e            : memory.c.obj (.text.OUTLINED_FUNCTION_0)
                  00001032    0000000e     libsysbm.a : hostrename.c.obj (.text.strlen)
                  00001040    0000000c     libclang_rt.builtins.a : aeabi_memset.S.obj (.text.__aeabi_memclr)
                  0000104c    0000000c     libc.a : memory.c.obj (.text.malloc)
                  00001058    00000008     libclang_rt.builtins.a : aeabi_memcpy.S.obj (.text.__aeabi_memcpy)
                  00001060    00000008     libc.a : fseek.c.obj (.text.fseek)
                  00001068    00000008     libsysbm.a : remove.c.obj (.text.remove)
                  00001070    00000004     startup_mspm0g350x_ticlang.o (.text.Reset_Handler)
                  00001074    00000004     libc.a : pre_init.c.obj (.text._system_pre_init)
                  00001078    00000004            : exit.c.obj (.text:abort)
                  0000107c    00000004     --HOLE-- [fill = 0]

.cinit     0    00001098    00000090     
                  00001098    00000065     (.cinit..data.load) [load image, compression = lzss]
                  000010fd    00000003     --HOLE-- [fill = 0]
                  00001100    0000000c     (__TI_handler_table)
                  0000110c    00000008     (.cinit..bss.load) [load image, compression = zero_init]
                  00001114    00000010     (__TI_cinit_table)
                  00001124    00000004     --HOLE-- [fill = 0]

.rodata    0    00001080    00000018     
                  00001080    0000000a     ti_msp_dl_config.o (.rodata.gUART_0Config)
                  0000108a    00000006     UART.o (.rodata.str1.164756745548798919761)
                  00001090    00000002     ti_msp_dl_config.o (.rodata.gUART_0ClockConfig)
                  00001092    00000002     libc.a : fputs.c.obj (.rodata.str1.127069605411828601681)
                  00001094    00000004     --HOLE-- [fill = 0]

.init_array 
*          0    00000000    00000000     UNINITIALIZED

.binit     0    00000000    00000000     

.sysmem    0    20200000    00000800     UNINITIALIZED
                  20200000    00000010     libc.a : memory.c.obj (.sysmem)
                  20200010    000007f0     --HOLE--

.data      0    20200800    000001ce     UNINITIALIZED
                  20200800    000000f0     libc.a : defs.c.obj (.data._ftable)
                  202008f0    00000078     libsysbm.a : host_device.c.obj (.data._device)
                  20200968    00000050                : host_device.c.obj (.data._stream)
                  202009b8    00000008     libc.a : exit.c.obj (.data..L_MergedGlobals)
                  202009c0    00000004            : defs.c.obj (.data.__TI_ft_end)
                  202009c4    00000004            : _lock.c.obj (.data._lock)
                  202009c8    00000004            : _lock.c.obj (.data._unlock)
                  202009cc    00000001            : memory.c.obj (.data.memory_is_initialized)
                  202009cd    00000001     UART.o (.data.result)

.bss       0    202009d0    000001cc     UNINITIALIZED
                  202009d0    00000120     libsysbm.a : trgmsg.c.obj (.bss:_CIOBUF_)
                  20200af0    000000a0     libc.a : defs.c.obj (.bss.__TI_tmpnams)
                  20200b90    00000008     libsysbm.a : hostopen.c.obj (.bss.parmbuf)
                  20200b98    00000004     libc.a : memory.c.obj (.bss.sys_free)

.stack     0    20207e00    00000200     UNINITIALIZED
                  20207e00    00000004     libc.a : boot_cortex_m.c.obj (.stack)
                  20207e04    000001fc     --HOLE--

__llvm_prf_cnts 
*          0    20200000    00000000     UNINITIALIZED

__llvm_prf_bits 
*          0    20200000    00000000     UNINITIALIZED

MODULE SUMMARY

       Module                         code   ro data   rw data
       ------                         ----   -------   -------
    .\
       ti_msp_dl_config.o             300    12        0      
       startup_mspm0g350x_ticlang.o   6      192       0      
       UART.o                         72     6         1      
    +--+------------------------------+------+---------+---------+
       Total:                         378    210       1      
                                                              
    C:/ti/mspm0_sdk_2_02_00_05/source/ti/driverlib/lib/ticlang/m0p/mspm0g1x0x_g3x0x/driverlib.a
       dl_uart.o                      174    0         0      
       dl_common.o                    20     0         0      
    +--+------------------------------+------+---------+---------+
       Total:                         194    0         0      
                                                              
    C:\ti\ccs1271\ccs\tools\compiler\ti-cgt-armllvm_3.2.2.LTS\lib\armv6m-ti-none-eabi/c/libc.a
       memory.c.obj                   730    0         5      
       defs.c.obj                     0      0         404    
       fputs.c.obj                    296    2         0      
       setvbuf.c.obj                  220    0         0      
       getdevice.c.obj                160    0         0      
       memcpy16.S.obj                 154    0         0      
       fclose.c.obj                   124    0         0      
       copy_decompress_lzss.c.obj     120    0         0      
       fseek.c.obj                    116    0         0      
       _io_perm.c.obj                 100    0         0      
       memset16.S.obj                 98     0         0      
       fflush.c.obj                   82     0         0      
       exit.c.obj                     56     0         8      
       autoinit.c.obj                 60     0         0      
       fopen.c.obj                    52     0         0      
       boot_cortex_m.c.obj            40     0         0      
       copy_zero_init.c.obj           22     0         0      
       copy_decompress_none.c.obj     18     0         0      
       _lock.c.obj                    2      0         8      
       pre_init.c.obj                 4      0         0      
    +--+------------------------------+------+---------+---------+
       Total:                         2454   2         425    
                                                              
    C:\ti\ccs1271\ccs\tools\compiler\ti-cgt-armllvm_3.2.2.LTS\lib\armv6m-ti-none-eabi/c/libsysbm.a
       trgmsg.c.obj                   104    0         288    
       host_device.c.obj              0      0         200    
       hostrename.c.obj               140    0         0      
       hostlseek.c.obj                108    0         0      
       hostopen.c.obj                 96     0         8      
       hostread.c.obj                 88     0         0      
       hostwrite.c.obj                88     0         0      
       close.c.obj                    80     0         0      
       hostclose.c.obj                72     0         0      
       hostunlink.c.obj               72     0         0      
       unlink.c.obj                   44     0         0      
       lseek.c.obj                    40     0         0      
       write.c.obj                    40     0         0      
       remove.c.obj                   8      0         0      
    +--+------------------------------+------+---------+---------+
       Total:                         980    0         496    
                                                              
    C:\ti\ccs1271\ccs\tools\compiler\ti-cgt-armllvm_3.2.2.LTS\lib\clang/15.0.7/lib/armv6m-ti-none-eabi/libclang_rt.builtins.a
       aeabi_memset.S.obj             12     0         0      
       aeabi_memcpy.S.obj             8      0         0      
    +--+------------------------------+------+---------+---------+
       Total:                         20     0         0      
                                                              
       Heap:                          0      0         2048   
       Stack:                         0      0         512    
       Linker Generated:              0      137       0      
    +--+------------------------------+------+---------+---------+
       Grand Total:                   4026   349       3482   


LINKER GENERATED COPY TABLES

__TI_cinit_table @ 00001114 records: 2, size/record: 8, table size: 16
	.data: load addr=00001098, load size=00000065 bytes, run addr=20200800, run size=000001ce bytes, compression=lzss
	.bss: load addr=0000110c, load size=00000008 bytes, run addr=202009d0, run size=000001cc bytes, compression=zero_init


LINKER GENERATED HANDLER TABLE

__TI_handler_table @ 00001100 records: 3, size/record: 4, table size: 12
	index: 0, handler: __TI_decompress_lzss
	index: 1, handler: __TI_decompress_none
	index: 2, handler: __TI_zero_init


GLOBAL SYMBOLS: SORTED ALPHABETICALLY BY Name 

address   name                          
-------   ----                          
00000553  ADC0_IRQHandler               
00000553  ADC1_IRQHandler               
00000553  AES_IRQHandler                
00001078  C$$EXIT                       
00000dbd  C$$IO$$                       
00000553  CANFD0_IRQHandler             
00000553  DAC0_IRQHandler               
00000fc5  DL_Common_delayCycles         
00000b65  DL_UART_init                  
00000f1d  DL_UART_setClockConfig        
00000553  DMA_IRQHandler                
00000553  Default_Handler               
00000553  GROUP0_IRQHandler             
00000553  GROUP1_IRQHandler             
00000bb1  HOSTclose                     
000006d9  HOSTlseek                     
000009b1  HOSTopen                      
00000a11  HOSTread                      
00000745  HOSTrename                    
00000bf9  HOSTunlink                    
00000a69  HOSTwrite                     
00000553  HardFault_Handler             
00000553  I2C0_IRQHandler               
00000553  I2C1_IRQHandler               
00000553  NMI_Handler                   
00000553  PendSV_Handler                
00000553  RTC_IRQHandler                
00001071  Reset_Handler                 
00000553  SPI0_IRQHandler               
00000553  SPI1_IRQHandler               
00000553  SVC_Handler                   
00000fd9  SYSCFG_DL_GPIO_init           
00000c41  SYSCFG_DL_SYSCTL_init         
00000555  SYSCFG_DL_UART_0_init         
00000fed  SYSCFG_DL_init                
00000cf5  SYSCFG_DL_initPower           
00000553  SysTick_Handler               
00000553  TIMA0_IRQHandler              
00000553  TIMA1_IRQHandler              
00000553  TIMG0_IRQHandler              
00000553  TIMG12_IRQHandler             
00000553  TIMG6_IRQHandler              
00000553  TIMG7_IRQHandler              
00000553  TIMG8_IRQHandler              
00000df9  UART0_IRQHandler              
00000553  UART1_IRQHandler              
00000553  UART2_IRQHandler              
00000553  UART3_IRQHandler              
202009d0  _CIOBUF_                      
202009d0  __CIOBUF_                     
20208000  __STACK_END                   
00000200  __STACK_SIZE                  
00000800  __SYSMEM_SIZE                 
00000000  __TI_ATRegion0_region_sz      
00000000  __TI_ATRegion0_src_addr       
00000000  __TI_ATRegion0_trg_addr       
00000000  __TI_ATRegion1_region_sz      
00000000  __TI_ATRegion1_src_addr       
00000000  __TI_ATRegion1_trg_addr       
00000000  __TI_ATRegion2_region_sz      
00000000  __TI_ATRegion2_src_addr       
00000000  __TI_ATRegion2_trg_addr       
00001114  __TI_CINIT_Base               
00001124  __TI_CINIT_Limit              
00001124  __TI_CINIT_Warm               
00001100  __TI_Handler_Table_Base       
0000110c  __TI_Handler_Table_Limit      
00000c81  __TI_auto_init_nobinit_nopinit
00000d29  __TI_cleanup                  
202009b8  __TI_cleanup_ptr              
000005e5  __TI_closefile                
00000661  __TI_decompress_lzss          
00001013  __TI_decompress_none          
00000ac1  __TI_doflush                  
202009bc  __TI_dtors_ptr                
202009c0  __TI_ft_end                   
ffffffff  __TI_pprof_out_hndl           
ffffffff  __TI_prof_data_size           
ffffffff  __TI_prof_data_start          
00000d5d  __TI_readmsg                  
00000000  __TI_static_base__            
20200af0  __TI_tmpnams                  
00000d91  __TI_writemsg                 
00000885  __TI_wrt_ok                   
00000faf  __TI_zero_init_nomemset       
00001041  __aeabi_memclr                
00001041  __aeabi_memclr4               
00001041  __aeabi_memclr8               
00001059  __aeabi_memcpy                
00001059  __aeabi_memcpy4               
00001059  __aeabi_memcpy8               
ffffffff  __binit__                     
UNDEFED   __mpu_init                    
20207e00  __stack                       
20200000  __start___llvm_prf_bits       
20200000  __start___llvm_prf_cnts       
20200000  __stop___llvm_prf_bits        
20200000  __stop___llvm_prf_cnts        
00000ef5  _c_int00_noargs               
202008f0  _device                       
20200800  _ftable                       
202009c4  _lock                         
000009af  _nop                          
20200968  _stream                       
20200000  _sys_memory                   
UNDEFED   _system_post_cinit            
00001075  _system_pre_init              
202009c8  _unlock                       
00001079  abort                         
000000c1  aligned_alloc                 
ffffffff  binit                         
00000b15  close                         
00000dc5  exit                          
00000cbd  finddevice                    
000001ed  fputs                         
000002f1  free                          
00001061  fseek                         
000007b1  fseeko                        
0000081d  getdevice                     
00000000  interruptVectors              
00000ea5  lseek                         
00000f81  main                          
0000104d  malloc                        
000000c1  memalign                      
000004b9  memcpy                        
0000094d  memset                        
20200b90  parmbuf                       
00000f41  puts                          
00001069  remove                        
202009cd  result                        
000003dd  setvbuf                       
00000e29  unlink                        
00000ecd  write                         


GLOBAL SYMBOLS: SORTED BY Symbol Address 

address   name                          
-------   ----                          
00000000  __TI_ATRegion0_region_sz      
00000000  __TI_ATRegion0_src_addr       
00000000  __TI_ATRegion0_trg_addr       
00000000  __TI_ATRegion1_region_sz      
00000000  __TI_ATRegion1_src_addr       
00000000  __TI_ATRegion1_trg_addr       
00000000  __TI_ATRegion2_region_sz      
00000000  __TI_ATRegion2_src_addr       
00000000  __TI_ATRegion2_trg_addr       
00000000  __TI_static_base__            
00000000  interruptVectors              
000000c1  aligned_alloc                 
000000c1  memalign                      
000001ed  fputs                         
00000200  __STACK_SIZE                  
000002f1  free                          
000003dd  setvbuf                       
000004b9  memcpy                        
00000553  ADC0_IRQHandler               
00000553  ADC1_IRQHandler               
00000553  AES_IRQHandler                
00000553  CANFD0_IRQHandler             
00000553  DAC0_IRQHandler               
00000553  DMA_IRQHandler                
00000553  Default_Handler               
00000553  GROUP0_IRQHandler             
00000553  GROUP1_IRQHandler             
00000553  HardFault_Handler             
00000553  I2C0_IRQHandler               
00000553  I2C1_IRQHandler               
00000553  NMI_Handler                   
00000553  PendSV_Handler                
00000553  RTC_IRQHandler                
00000553  SPI0_IRQHandler               
00000553  SPI1_IRQHandler               
00000553  SVC_Handler                   
00000553  SysTick_Handler               
00000553  TIMA0_IRQHandler              
00000553  TIMA1_IRQHandler              
00000553  TIMG0_IRQHandler              
00000553  TIMG12_IRQHandler             
00000553  TIMG6_IRQHandler              
00000553  TIMG7_IRQHandler              
00000553  TIMG8_IRQHandler              
00000553  UART1_IRQHandler              
00000553  UART2_IRQHandler              
00000553  UART3_IRQHandler              
00000555  SYSCFG_DL_UART_0_init         
000005e5  __TI_closefile                
00000661  __TI_decompress_lzss          
000006d9  HOSTlseek                     
00000745  HOSTrename                    
000007b1  fseeko                        
00000800  __SYSMEM_SIZE                 
0000081d  getdevice                     
00000885  __TI_wrt_ok                   
0000094d  memset                        
000009af  _nop                          
000009b1  HOSTopen                      
00000a11  HOSTread                      
00000a69  HOSTwrite                     
00000ac1  __TI_doflush                  
00000b15  close                         
00000b65  DL_UART_init                  
00000bb1  HOSTclose                     
00000bf9  HOSTunlink                    
00000c41  SYSCFG_DL_SYSCTL_init         
00000c81  __TI_auto_init_nobinit_nopinit
00000cbd  finddevice                    
00000cf5  SYSCFG_DL_initPower           
00000d29  __TI_cleanup                  
00000d5d  __TI_readmsg                  
00000d91  __TI_writemsg                 
00000dbd  C$$IO$$                       
00000dc5  exit                          
00000df9  UART0_IRQHandler              
00000e29  unlink                        
00000ea5  lseek                         
00000ecd  write                         
00000ef5  _c_int00_noargs               
00000f1d  DL_UART_setClockConfig        
00000f41  puts                          
00000f81  main                          
00000faf  __TI_zero_init_nomemset       
00000fc5  DL_Common_delayCycles         
00000fd9  SYSCFG_DL_GPIO_init           
00000fed  SYSCFG_DL_init                
00001013  __TI_decompress_none          
00001041  __aeabi_memclr                
00001041  __aeabi_memclr4               
00001041  __aeabi_memclr8               
0000104d  malloc                        
00001059  __aeabi_memcpy                
00001059  __aeabi_memcpy4               
00001059  __aeabi_memcpy8               
00001061  fseek                         
00001069  remove                        
00001071  Reset_Handler                 
00001075  _system_pre_init              
00001078  C$$EXIT                       
00001079  abort                         
00001100  __TI_Handler_Table_Base       
0000110c  __TI_Handler_Table_Limit      
00001114  __TI_CINIT_Base               
00001124  __TI_CINIT_Limit              
00001124  __TI_CINIT_Warm               
20200000  __start___llvm_prf_bits       
20200000  __start___llvm_prf_cnts       
20200000  __stop___llvm_prf_bits        
20200000  __stop___llvm_prf_cnts        
20200000  _sys_memory                   
20200800  _ftable                       
202008f0  _device                       
20200968  _stream                       
202009b8  __TI_cleanup_ptr              
202009bc  __TI_dtors_ptr                
202009c0  __TI_ft_end                   
202009c4  _lock                         
202009c8  _unlock                       
202009cd  result                        
202009d0  _CIOBUF_                      
202009d0  __CIOBUF_                     
20200af0  __TI_tmpnams                  
20200b90  parmbuf                       
20207e00  __stack                       
20208000  __STACK_END                   
ffffffff  __TI_pprof_out_hndl           
ffffffff  __TI_prof_data_size           
ffffffff  __TI_prof_data_start          
ffffffff  __binit__                     
ffffffff  binit                         
UNDEFED   __mpu_init                    
UNDEFED   _system_post_cinit            

[133 symbols]
