******************************************************************************
            TI ARM Clang Linker PC v3.2.2                      
******************************************************************************
>> Linked Sun Oct 20 20:45:21 2024

OUTPUT FILE NAME:   <empty_LP_MSPM0G3507_nortos_ticlang10.out>
ENTRY POINT SYMBOL: "_c_int00_noargs"  address: 00000531


MEMORY CONFIGURATION

         name            origin    length      used     unused   attr    fill
----------------------  --------  ---------  --------  --------  ----  --------
  FLASH                 00000000   00020000  00000678  0001f988  R  X
  SRAM                  20200000   00008000  000002c0  00007d40  RW X
  BCR_CONFIG            41c00000   00000080  00000000  00000080  R   
  BSL_CONFIG            41c00100   00000080  00000000  00000080  R   


SEGMENT ALLOCATION MAP

run origin  load origin   length   init length attrs members
----------  ----------- ---------- ----------- ----- -------
00000000    00000000    00000678   00000678    r-x
  00000000    00000000    000000c0   000000c0    r-- .intvecs
  000000c0    000000c0    00000570   00000570    r-x .text
  00000630    00000630    00000018   00000018    r-- .rodata
  00000648    00000648    00000030   00000030    r-- .cinit
20200000    20200000    000000c0   00000000    rw-
  20200000    20200000    000000bc   00000000    rw- .bss
  202000bc    202000bc    00000004   00000000    rw- .data
20207e00    20207e00    00000200   00000000    rw-
  20207e00    20207e00    00000200   00000000    rw- .stack


SECTION ALLOCATION MAP

 output                                  attributes/
section   page    origin      length       input sections
--------  ----  ----------  ----------   ----------------
.intvecs   0    00000000    000000c0     
                  00000000    000000c0     startup_mspm0g350x_ticlang.o (.intvecs)

.text      0    000000c0    00000570     
                  000000c0    00000100     driverlib.a : dl_timer.o (.text.DL_Timer_initTimerMode)
                  000001c0    0000009a     libc.a : memcpy16.S.obj (.text:memcpy)
                  0000025a    00000002     startup_mspm0g350x_ticlang.o (.text.Default_Handler)
                  0000025c    00000078     libc.a : copy_decompress_lzss.c.obj (.text:decompress:lzss)
                  000002d4    00000070     empty.o (.text.main)
                  00000344    00000040     ti_msp_dl_config.o (.text.SYSCFG_DL_SYSCTL_init)
                  00000384    00000040     libclang_rt.builtins.a : aeabi_uidivmod.S.obj (.text.__aeabi_uidivmod)
                  000003c4    0000003c     driverlib.a : dl_timer.o (.text.DL_Timer_setCaptureCompareCtl)
                  00000400    0000003c     libc.a : autoinit.c.obj (.text:__TI_auto_init_nobinit_nopinit)
                  0000043c    00000038     ti_msp_dl_config.o (.text.SYSCFG_DL_TIMER_0_init)
                  00000474    00000034     driverlib.a : dl_timer.o (.text.DL_Timer_setClockConfig)
                  000004a8    00000034     ti_msp_dl_config.o (.text.SYSCFG_DL_initPower)
                  000004dc    0000002c     driverlib.a : dl_timer.o (.text.DL_Timer_setCaptureCompareValue)
                  00000508    00000028                 : dl_timer.o (.text.DL_Common_updateReg)
                  00000530    00000028     libc.a : boot_cortex_m.c.obj (.text:_c_int00_noargs)
                  00000558    00000020     driverlib.a : dl_timer.o (.text.DL_Timer_setCounterValueAfterEnable)
                  00000578    00000020     ti_msp_dl_config.o (.text.SYSCFG_DL_init)
                  00000598    0000001c     ti_msp_dl_config.o (.text.SYSCFG_DL_GPIO_init)
                  000005b4    00000018     driverlib.a : dl_timer.o (.text.DL_Timer_setLoadValue)
                  000005cc    00000016     libc.a : copy_zero_init.c.obj (.text:decompress:ZI:__TI_zero_init_nomemset)
                  000005e2    00000014     driverlib.a : dl_common.o (.text.DL_Common_delayCycles)
                  000005f6    00000012     libc.a : copy_decompress_none.c.obj (.text:decompress:none)
                  00000608    00000010     empty.o (.text.TIMA0_IRQHandler)
                  00000618    00000008     libclang_rt.builtins.a : aeabi_memcpy.S.obj (.text.__aeabi_memcpy)
                  00000620    00000004     startup_mspm0g350x_ticlang.o (.text.Reset_Handler)
                  00000624    00000004     libc.a : pre_init.c.obj (.text._system_pre_init)
                  00000628    00000004            : exit.c.obj (.text:abort)
                  0000062c    00000002     libclang_rt.builtins.a : aeabi_div0.c.obj (.text.__aeabi_idiv0)
                  0000062e    00000002     --HOLE-- [fill = 0]

.cinit     0    00000648    00000030     
                  00000648    0000000c     (__TI_handler_table)
                  00000654    00000008     (.cinit..bss.load) [load image, compression = zero_init]
                  0000065c    00000007     (.cinit..data.load) [load image, compression = lzss]
                  00000663    00000001     --HOLE-- [fill = 0]
                  00000664    00000010     (__TI_cinit_table)
                  00000674    00000004     --HOLE-- [fill = 0]

.rodata    0    00000630    00000018     
                  00000630    00000014     ti_msp_dl_config.o (.rodata.gTIMER_0TimerConfig)
                  00000644    00000003     ti_msp_dl_config.o (.rodata.gTIMER_0ClockConfig)
                  00000647    00000001     --HOLE-- [fill = 0]

.init_array 
*          0    00000000    00000000     UNINITIALIZED

.binit     0    00000000    00000000     

.bss       0    20200000    000000bc     UNINITIALIZED
                  20200000    000000bc     (.common:gTIMER_0Backup)

.data      0    202000bc    00000004     UNINITIALIZED
                  202000bc    00000004     empty.o (.data.timerCounter)

.stack     0    20207e00    00000200     UNINITIALIZED
                  20207e00    00000004     libc.a : boot_cortex_m.c.obj (.stack)
                  20207e04    000001fc     --HOLE--

__llvm_prf_cnts 
*          0    20200000    00000000     UNINITIALIZED

__llvm_prf_bits 
*          0    20200000    00000000     UNINITIALIZED

MODULE SUMMARY

       Module                         code   ro data   rw data
       ------                         ----   -------   -------
    .\
       ti_msp_dl_config.o             232    23        188    
       startup_mspm0g350x_ticlang.o   6      192       0      
       empty.o                        128    0         4      
    +--+------------------------------+------+---------+---------+
       Total:                         366    215       192    
                                                              
    C:/ti/mspm0_sdk_2_02_00_05/source/ti/driverlib/lib/ticlang/m0p/mspm0g1x0x_g3x0x/driverlib.a
       dl_timer.o                     508    0         0      
       dl_common.o                    20     0         0      
    +--+------------------------------+------+---------+---------+
       Total:                         528    0         0      
                                                              
    C:\ti\ccs1271\ccs\tools\compiler\ti-cgt-armllvm_3.2.2.LTS\lib\armv6m-ti-none-eabi/c/libc.a
       memcpy16.S.obj                 154    0         0      
       copy_decompress_lzss.c.obj     120    0         0      
       autoinit.c.obj                 60     0         0      
       boot_cortex_m.c.obj            40     0         0      
       copy_zero_init.c.obj           22     0         0      
       copy_decompress_none.c.obj     18     0         0      
       exit.c.obj                     4      0         0      
       pre_init.c.obj                 4      0         0      
    +--+------------------------------+------+---------+---------+
       Total:                         422    0         0      
                                                              
    C:\ti\ccs1271\ccs\tools\compiler\ti-cgt-armllvm_3.2.2.LTS\lib\clang/15.0.7/lib/armv6m-ti-none-eabi/libclang_rt.builtins.a
       aeabi_uidivmod.S.obj           64     0         0      
       aeabi_memcpy.S.obj             8      0         0      
       aeabi_div0.c.obj               2      0         0      
    +--+------------------------------+------+---------+---------+
       Total:                         74     0         0      
                                                              
       Stack:                         0      0         512    
       Linker Generated:              0      43        0      
    +--+------------------------------+------+---------+---------+
       Grand Total:                   1390   258       704    


LINKER GENERATED COPY TABLES

__TI_cinit_table @ 00000664 records: 2, size/record: 8, table size: 16
	.bss: load addr=00000654, load size=00000008 bytes, run addr=20200000, run size=000000bc bytes, compression=zero_init
	.data: load addr=0000065c, load size=00000007 bytes, run addr=202000bc, run size=00000004 bytes, compression=lzss


LINKER GENERATED HANDLER TABLE

__TI_handler_table @ 00000648 records: 3, size/record: 4, table size: 12
	index: 0, handler: __TI_decompress_lzss
	index: 1, handler: __TI_decompress_none
	index: 2, handler: __TI_zero_init


GLOBAL SYMBOLS: SORTED ALPHABETICALLY BY Name 

address   name                           
-------   ----                           
0000025b  ADC0_IRQHandler                
0000025b  ADC1_IRQHandler                
0000025b  AES_IRQHandler                 
00000628  C$$EXIT                        
0000025b  CANFD0_IRQHandler              
0000025b  DAC0_IRQHandler                
000005e3  DL_Common_delayCycles          
000000c1  DL_Timer_initTimerMode         
000003c5  DL_Timer_setCaptureCompareCtl  
000004dd  DL_Timer_setCaptureCompareValue
00000475  DL_Timer_setClockConfig        
0000025b  DMA_IRQHandler                 
0000025b  Default_Handler                
0000025b  GROUP0_IRQHandler              
0000025b  GROUP1_IRQHandler              
0000025b  HardFault_Handler              
0000025b  I2C0_IRQHandler                
0000025b  I2C1_IRQHandler                
0000025b  NMI_Handler                    
0000025b  PendSV_Handler                 
0000025b  RTC_IRQHandler                 
00000621  Reset_Handler                  
0000025b  SPI0_IRQHandler                
0000025b  SPI1_IRQHandler                
0000025b  SVC_Handler                    
00000599  SYSCFG_DL_GPIO_init            
00000345  SYSCFG_DL_SYSCTL_init          
0000043d  SYSCFG_DL_TIMER_0_init         
00000579  SYSCFG_DL_init                 
000004a9  SYSCFG_DL_initPower            
0000025b  SysTick_Handler                
00000609  TIMA0_IRQHandler               
0000025b  TIMA1_IRQHandler               
0000025b  TIMG0_IRQHandler               
0000025b  TIMG12_IRQHandler              
0000025b  TIMG6_IRQHandler               
0000025b  TIMG7_IRQHandler               
0000025b  TIMG8_IRQHandler               
0000025b  UART0_IRQHandler               
0000025b  UART1_IRQHandler               
0000025b  UART2_IRQHandler               
0000025b  UART3_IRQHandler               
20208000  __STACK_END                    
00000200  __STACK_SIZE                   
00000000  __TI_ATRegion0_region_sz       
00000000  __TI_ATRegion0_src_addr        
00000000  __TI_ATRegion0_trg_addr        
00000000  __TI_ATRegion1_region_sz       
00000000  __TI_ATRegion1_src_addr        
00000000  __TI_ATRegion1_trg_addr        
00000000  __TI_ATRegion2_region_sz       
00000000  __TI_ATRegion2_src_addr        
00000000  __TI_ATRegion2_trg_addr        
00000664  __TI_CINIT_Base                
00000674  __TI_CINIT_Limit               
00000674  __TI_CINIT_Warm                
00000648  __TI_Handler_Table_Base        
00000654  __TI_Handler_Table_Limit       
00000401  __TI_auto_init_nobinit_nopinit 
0000025d  __TI_decompress_lzss           
000005f7  __TI_decompress_none           
ffffffff  __TI_pprof_out_hndl            
ffffffff  __TI_prof_data_size            
ffffffff  __TI_prof_data_start           
00000000  __TI_static_base__             
000005cd  __TI_zero_init_nomemset        
0000062d  __aeabi_idiv0                  
00000619  __aeabi_memcpy                 
00000619  __aeabi_memcpy4                
00000619  __aeabi_memcpy8                
00000385  __aeabi_uidiv                  
00000385  __aeabi_uidivmod               
ffffffff  __binit__                      
UNDEFED   __mpu_init                     
20207e00  __stack                        
20200000  __start___llvm_prf_bits        
20200000  __start___llvm_prf_cnts        
20200000  __stop___llvm_prf_bits         
20200000  __stop___llvm_prf_cnts         
00000531  _c_int00_noargs                
UNDEFED   _system_post_cinit             
00000625  _system_pre_init               
00000629  abort                          
ffffffff  binit                          
20200000  gTIMER_0Backup                 
00000000  interruptVectors               
000002d5  main                           
000001c1  memcpy                         
202000bc  timerCounter                   


GLOBAL SYMBOLS: SORTED BY Symbol Address 

address   name                           
-------   ----                           
00000000  __TI_ATRegion0_region_sz       
00000000  __TI_ATRegion0_src_addr        
00000000  __TI_ATRegion0_trg_addr        
00000000  __TI_ATRegion1_region_sz       
00000000  __TI_ATRegion1_src_addr        
00000000  __TI_ATRegion1_trg_addr        
00000000  __TI_ATRegion2_region_sz       
00000000  __TI_ATRegion2_src_addr        
00000000  __TI_ATRegion2_trg_addr        
00000000  __TI_static_base__             
00000000  interruptVectors               
000000c1  DL_Timer_initTimerMode         
000001c1  memcpy                         
00000200  __STACK_SIZE                   
0000025b  ADC0_IRQHandler                
0000025b  ADC1_IRQHandler                
0000025b  AES_IRQHandler                 
0000025b  CANFD0_IRQHandler              
0000025b  DAC0_IRQHandler                
0000025b  DMA_IRQHandler                 
0000025b  Default_Handler                
0000025b  GROUP0_IRQHandler              
0000025b  GROUP1_IRQHandler              
0000025b  HardFault_Handler              
0000025b  I2C0_IRQHandler                
0000025b  I2C1_IRQHandler                
0000025b  NMI_Handler                    
0000025b  PendSV_Handler                 
0000025b  RTC_IRQHandler                 
0000025b  SPI0_IRQHandler                
0000025b  SPI1_IRQHandler                
0000025b  SVC_Handler                    
0000025b  SysTick_Handler                
0000025b  TIMA1_IRQHandler               
0000025b  TIMG0_IRQHandler               
0000025b  TIMG12_IRQHandler              
0000025b  TIMG6_IRQHandler               
0000025b  TIMG7_IRQHandler               
0000025b  TIMG8_IRQHandler               
0000025b  UART0_IRQHandler               
0000025b  UART1_IRQHandler               
0000025b  UART2_IRQHandler               
0000025b  UART3_IRQHandler               
0000025d  __TI_decompress_lzss           
000002d5  main                           
00000345  SYSCFG_DL_SYSCTL_init          
00000385  __aeabi_uidiv                  
00000385  __aeabi_uidivmod               
000003c5  DL_Timer_setCaptureCompareCtl  
00000401  __TI_auto_init_nobinit_nopinit 
0000043d  SYSCFG_DL_TIMER_0_init         
00000475  DL_Timer_setClockConfig        
000004a9  SYSCFG_DL_initPower            
000004dd  DL_Timer_setCaptureCompareValue
00000531  _c_int00_noargs                
00000579  SYSCFG_DL_init                 
00000599  SYSCFG_DL_GPIO_init            
000005cd  __TI_zero_init_nomemset        
000005e3  DL_Common_delayCycles          
000005f7  __TI_decompress_none           
00000609  TIMA0_IRQHandler               
00000619  __aeabi_memcpy                 
00000619  __aeabi_memcpy4                
00000619  __aeabi_memcpy8                
00000621  Reset_Handler                  
00000625  _system_pre_init               
00000628  C$$EXIT                        
00000629  abort                          
0000062d  __aeabi_idiv0                  
00000648  __TI_Handler_Table_Base        
00000654  __TI_Handler_Table_Limit       
00000664  __TI_CINIT_Base                
00000674  __TI_CINIT_Limit               
00000674  __TI_CINIT_Warm                
20200000  __start___llvm_prf_bits        
20200000  __start___llvm_prf_cnts        
20200000  __stop___llvm_prf_bits         
20200000  __stop___llvm_prf_cnts         
20200000  gTIMER_0Backup                 
202000bc  timerCounter                   
20207e00  __stack                        
20208000  __STACK_END                    
ffffffff  __TI_pprof_out_hndl            
ffffffff  __TI_prof_data_size            
ffffffff  __TI_prof_data_start           
ffffffff  __binit__                      
ffffffff  binit                          
UNDEFED   __mpu_init                     
UNDEFED   _system_post_cinit             

[89 symbols]
