******************************************************************************
            TI ARM Clang Linker PC v3.2.2                      
******************************************************************************
>> Linked Mon Oct 21 09:23:23 2024

OUTPUT FILE NAME:   <PWM.out>
ENTRY POINT SYMBOL: "_c_int00_noargs"  address: 00001681


MEMORY CONFIGURATION

         name            origin    length      used     unused   attr    fill
----------------------  --------  ---------  --------  --------  ----  --------
  FLASH                 00000000   00020000  00001900  0001e700  R  X
  SRAM                  20200000   00008000  00000d99  00007267  RW X
  BCR_CONFIG            41c00000   00000080  00000000  00000080  R   
  BSL_CONFIG            41c00100   00000080  00000000  00000080  R   


SEGMENT ALLOCATION MAP

run origin  load origin   length   init length attrs members
----------  ----------- ---------- ----------- ----- -------
00000000    00000000    00001900   00001900    r-x
  00000000    00000000    000000c0   000000c0    r-- .intvecs
  000000c0    000000c0    00001770   00001770    r-x .text
  00001830    00001830    00000048   00000048    r-- .rodata
  00001878    00001878    00000088   00000088    r-- .cinit
20200000    20200000    00000b9c   00000000    rw-
  20200000    20200000    00000800   00000000    rw- .sysmem
  20200800    20200800    000001cd   00000000    rw- .data
  202009d0    202009d0    000001cc   00000000    rw- .bss
20207e00    20207e00    00000200   00000000    rw-
  20207e00    20207e00    00000200   00000000    rw- .stack


SECTION ALLOCATION MAP

 output                                  attributes/
section   page    origin      length       input sections
--------  ----  ----------  ----------   ----------------
.intvecs   0    00000000    000000c0     
                  00000000    000000c0     startup_mspm0g350x_ticlang.o (.intvecs)

.text      0    000000c0    00001770     
                  000000c0    00000284     libc.a : _printfi.c.obj (.text:__TI_printfi_minimal)
                  00000344    0000012c            : memory.c.obj (.text.aligned_alloc)
                  00000470    00000110     driverlib.a : dl_timer.o (.text.DL_Timer_initTwoCCPWMMode)
                  00000580    00000104     libc.a : fputs.c.obj (.text.fputs)
                  00000684    000000ec     driverlib.a : dl_timer.o (.text.DL_Timer_initFourCCPWMMode)
                  00000770    000000ec     libc.a : memory.c.obj (.text.free)
                  0000085c    000000dc            : setvbuf.c.obj (.text.setvbuf)
                  00000938    000000ac     PWM.o (.text.main)
                  000009e4    0000009c     libc.a : fputc.c.obj (.text.fputc)
                  00000a80    0000009a            : memcpy16.S.obj (.text:memcpy)
                  00000b1a    00000002     startup_mspm0g350x_ticlang.o (.text.Default_Handler)
                  00000b1c    00000080     ti_msp_dl_config.o (.text.SYSCFG_DL_PWM_0_init)
                  00000b9c    0000007c     libc.a : fclose.c.obj (.text.__TI_closefile)
                  00000c18    00000078            : copy_decompress_lzss.c.obj (.text:decompress:lzss)
                  00000c90    0000006c     libsysbm.a : hostlseek.c.obj (.text.HOSTlseek)
                  00000cfc    0000006c                : hostrename.c.obj (.text.HOSTrename)
                  00000d68    0000006c     libc.a : fseek.c.obj (.text.fseeko)
                  00000dd4    00000068            : getdevice.c.obj (.text.getdevice)
                  00000e3c    00000064            : _io_perm.c.obj (.text.__TI_wrt_ok)
                  00000ea0    00000064            : memory.c.obj (.text.split)
                  00000f04    00000062            : memset16.S.obj (.text:memset)
                  00000f66    00000002     libclang_rt.builtins.a : aeabi_div0.c.obj (.text.__aeabi_idiv0)
                  00000f68    00000060     libsysbm.a : hostopen.c.obj (.text.HOSTopen)
                  00000fc8    0000005c     libc.a : printf.c.obj (.text.printf)
                  00001024    00000058     libsysbm.a : hostread.c.obj (.text.HOSTread)
                  0000107c    00000058                : hostwrite.c.obj (.text.HOSTwrite)
                  000010d4    00000052     libc.a : fflush.c.obj (.text.__TI_doflush)
                  00001126    00000002            : _lock.c.obj (.text._nop)
                  00001128    00000050     libsysbm.a : close.c.obj (.text.close)
                  00001178    00000048                : hostclose.c.obj (.text.HOSTclose)
                  000011c0    00000048                : hostunlink.c.obj (.text.HOSTunlink)
                  00001208    00000040     driverlib.a : dl_timer.o (.text.DL_Timer_setCaptureCompareOutCtl)
                  00001248    00000040     ti_msp_dl_config.o (.text.SYSCFG_DL_SYSCTL_init)
                  00001288    00000040     libclang_rt.builtins.a : aeabi_uidivmod.S.obj (.text.__aeabi_uidivmod)
                  000012c8    0000003c     driverlib.a : dl_timer.o (.text.DL_Timer_setCaptureCompareCtl)
                  00001304    0000003c     ti_msp_dl_config.o (.text.SYSCFG_DL_GPIO_init)
                  00001340    0000003c     libc.a : autoinit.c.obj (.text:__TI_auto_init_nobinit_nopinit)
                  0000137c    00000038            : getdevice.c.obj (.text.finddevice)
                  000013b4    00000034     driverlib.a : dl_timer.o (.text.DL_Timer_setCaptCompUpdateMethod)
                  000013e8    00000034                 : dl_timer.o (.text.DL_Timer_setCaptureCompareAction)
                  0000141c    00000034                 : dl_timer.o (.text.DL_Timer_setCaptureCompareInput)
                  00001450    00000034                 : dl_timer.o (.text.DL_Timer_setClockConfig)
                  00001484    00000034     ti_msp_dl_config.o (.text.SYSCFG_DL_initPower)
                  000014b8    00000034     libc.a : fopen.c.obj (.text.__TI_cleanup)
                  000014ec    00000034     libsysbm.a : trgmsg.c.obj (.text.__TI_readmsg)
                  00001520    00000034                : trgmsg.c.obj (.text.__TI_writemsg)
                  00001554    00000034     libc.a : exit.c.obj (.text.exit)
                  00001588    0000002c     driverlib.a : dl_timer.o (.text.DL_Timer_setCaptureCompareValue)
                  000015b4    0000002c     libsysbm.a : unlink.c.obj (.text.unlink)
                  000015e0    00000028     driverlib.a : dl_timer.o (.text.DL_Common_updateReg)
                  00001608    00000028     libc.a : memory.c.obj (.text.free_list_insert)
                  00001630    00000028     libsysbm.a : lseek.c.obj (.text.lseek)
                  00001658    00000028                : write.c.obj (.text.write)
                  00001680    00000028     libc.a : boot_cortex_m.c.obj (.text:_c_int00_noargs)
                  000016a8    00000024            : fputs.c.obj (.text.puts)
                  000016cc    00000022            : memccpy.c.obj (.text.memccpy)
                  000016ee    00000002     --HOLE-- [fill = 0]
                  000016f0    00000020     driverlib.a : dl_timer.o (.text.DL_Timer_setCounterValueAfterEnable)
                  00001710    0000001c     libc.a : memory.c.obj (.text.free_list_remove)
                  0000172c    00000018     driverlib.a : dl_timer.o (.text.DL_Timer_setLoadValue)
                  00001744    00000016     libc.a : copy_zero_init.c.obj (.text:decompress:ZI:__TI_zero_init_nomemset)
                  0000175a    00000014     driverlib.a : dl_common.o (.text.DL_Common_delayCycles)
                  0000176e    00000014     ti_msp_dl_config.o (.text.SYSCFG_DL_init)
                  00001782    00000012     libsysbm.a : hostrename.c.obj (.text.strcpy)
                  00001794    00000012     libc.a : copy_decompress_none.c.obj (.text:decompress:none)
                  000017a6    0000000e            : memory.c.obj (.text.OUTLINED_FUNCTION_0)
                  000017b4    0000000e     libclang_rt.builtins.a : aeabi_memset.S.obj (.text.__aeabi_memset)
                  000017c2    0000000e     libc.a : _printfi.c.obj (.text.strlen)
                  000017d0    0000000e     libsysbm.a : hostrename.c.obj (.text.strlen)
                  000017de    00000002     --HOLE-- [fill = 0]
                  000017e0    0000000c     libclang_rt.builtins.a : aeabi_memset.S.obj (.text.__aeabi_memclr)
                  000017ec    0000000c     libc.a : memory.c.obj (.text.malloc)
                  000017f8    00000008     libclang_rt.builtins.a : aeabi_memcpy.S.obj (.text.__aeabi_memcpy)
                  00001800    00000008     libc.a : printf.c.obj (.text._outc)
                  00001808    00000008            : printf.c.obj (.text._outs)
                  00001810    00000008            : fseek.c.obj (.text.fseek)
                  00001818    00000008     libsysbm.a : remove.c.obj (.text.remove)
                  00001820    00000004     startup_mspm0g350x_ticlang.o (.text.Reset_Handler)
                  00001824    00000004     libc.a : pre_init.c.obj (.text._system_pre_init)
                  00001828    00000004            : exit.c.obj (.text:abort)
                  0000182c    00000004     --HOLE-- [fill = 0]

.cinit     0    00001878    00000088     
                  00001878    00000062     (.cinit..data.load) [load image, compression = lzss]
                  000018da    00000002     --HOLE-- [fill = 0]
                  000018dc    0000000c     (__TI_handler_table)
                  000018e8    00000008     (.cinit..bss.load) [load image, compression = zero_init]
                  000018f0    00000010     (__TI_cinit_table)

.rodata    0    00001830    00000048     
                  00001830    00000014     PWM.o (.rodata.str1.149304950309186154981)
                  00001844    00000011     libc.a : _printfi.c.obj (.rodata.str1.44690500295887128011)
                  00001855    0000000a     PWM.o (.rodata.str1.149074018743410549491)
                  0000185f    0000000a     PWM.o (.rodata.str1.77264065689868809511)
                  00001869    00000003     ti_msp_dl_config.o (.rodata.gPWM_0ClockConfig)
                  0000186c    00000008     ti_msp_dl_config.o (.rodata.gPWM_0Config)
                  00001874    00000002     libc.a : fputs.c.obj (.rodata.str1.127069605411828601681)
                  00001876    00000002     --HOLE-- [fill = 0]

.init_array 
*          0    00000000    00000000     UNINITIALIZED

.binit     0    00000000    00000000     

.sysmem    0    20200000    00000800     UNINITIALIZED
                  20200000    00000010     libc.a : memory.c.obj (.sysmem)
                  20200010    000007f0     --HOLE--

.data      0    20200800    000001cd     UNINITIALIZED
                  20200800    000000f0     libc.a : defs.c.obj (.data._ftable)
                  202008f0    00000078     libsysbm.a : host_device.c.obj (.data._device)
                  20200968    00000050                : host_device.c.obj (.data._stream)
                  202009b8    00000008     libc.a : exit.c.obj (.data..L_MergedGlobals)
                  202009c0    00000004            : defs.c.obj (.data.__TI_ft_end)
                  202009c4    00000004            : _lock.c.obj (.data._lock)
                  202009c8    00000004            : _lock.c.obj (.data._unlock)
                  202009cc    00000001            : memory.c.obj (.data.memory_is_initialized)

.bss       0    202009d0    000001cc     UNINITIALIZED
                  202009d0    00000120     libsysbm.a : trgmsg.c.obj (.bss:_CIOBUF_)
                  20200af0    000000a0     libc.a : defs.c.obj (.bss.__TI_tmpnams)
                  20200b90    00000008     libsysbm.a : hostopen.c.obj (.bss.parmbuf)
                  20200b98    00000004     libc.a : memory.c.obj (.bss.sys_free)

.stack     0    20207e00    00000200     UNINITIALIZED
                  20207e00    00000004     libc.a : boot_cortex_m.c.obj (.stack)
                  20207e04    000001fc     --HOLE--

__llvm_prf_cnts 
*          0    20200000    00000000     UNINITIALIZED

__llvm_prf_bits 
*          0    20200000    00000000     UNINITIALIZED

MODULE SUMMARY

       Module                         code   ro data   rw data
       ------                         ----   -------   -------
    .\
       ti_msp_dl_config.o             324    11        0      
       PWM.o                          172    40        0      
       startup_mspm0g350x_ticlang.o   6      192       0      
    +--+------------------------------+------+---------+---------+
       Total:                         502    243       0      
                                                              
    C:/ti/mspm0_sdk_2_02_00_05/source/ti/driverlib/lib/ticlang/m0p/mspm0g1x0x_g3x0x/driverlib.a
       dl_timer.o                     980    0         0      
       dl_common.o                    20     0         0      
    +--+------------------------------+------+---------+---------+
       Total:                         1000   0         0      
                                                              
    C:\ti\ccs1271\ccs\tools\compiler\ti-cgt-armllvm_3.2.2.LTS\lib\armv6m-ti-none-eabi/c/libc.a
       memory.c.obj                   730    0         5      
       _printfi.c.obj                 658    17        0      
       defs.c.obj                     0      0         404    
       fputs.c.obj                    296    2         0      
       setvbuf.c.obj                  220    0         0      
       getdevice.c.obj                160    0         0      
       fputc.c.obj                    156    0         0      
       memcpy16.S.obj                 154    0         0      
       fclose.c.obj                   124    0         0      
       copy_decompress_lzss.c.obj     120    0         0      
       fseek.c.obj                    116    0         0      
       printf.c.obj                   108    0         0      
       _io_perm.c.obj                 100    0         0      
       memset16.S.obj                 98     0         0      
       fflush.c.obj                   82     0         0      
       exit.c.obj                     56     0         8      
       autoinit.c.obj                 60     0         0      
       fopen.c.obj                    52     0         0      
       boot_cortex_m.c.obj            40     0         0      
       memccpy.c.obj                  34     0         0      
       copy_zero_init.c.obj           22     0         0      
       copy_decompress_none.c.obj     18     0         0      
       _lock.c.obj                    2      0         8      
       pre_init.c.obj                 4      0         0      
    +--+------------------------------+------+---------+---------+
       Total:                         3410   19        425    
                                                              
    C:\ti\ccs1271\ccs\tools\compiler\ti-cgt-armllvm_3.2.2.LTS\lib\armv6m-ti-none-eabi/c/libsysbm.a
       trgmsg.c.obj                   104    0         288    
       host_device.c.obj              0      0         200    
       hostrename.c.obj               140    0         0      
       hostlseek.c.obj                108    0         0      
       hostopen.c.obj                 96     0         8      
       hostread.c.obj                 88     0         0      
       hostwrite.c.obj                88     0         0      
       close.c.obj                    80     0         0      
       hostclose.c.obj                72     0         0      
       hostunlink.c.obj               72     0         0      
       unlink.c.obj                   44     0         0      
       lseek.c.obj                    40     0         0      
       write.c.obj                    40     0         0      
       remove.c.obj                   8      0         0      
    +--+------------------------------+------+---------+---------+
       Total:                         980    0         496    
                                                              
    C:\ti\ccs1271\ccs\tools\compiler\ti-cgt-armllvm_3.2.2.LTS\lib\clang/15.0.7/lib/armv6m-ti-none-eabi/libclang_rt.builtins.a
       aeabi_uidivmod.S.obj           64     0         0      
       aeabi_memset.S.obj             26     0         0      
       aeabi_memcpy.S.obj             8      0         0      
       aeabi_div0.c.obj               2      0         0      
    +--+------------------------------+------+---------+---------+
       Total:                         100    0         0      
                                                              
       Heap:                          0      0         2048   
       Stack:                         0      0         512    
       Linker Generated:              0      134       0      
    +--+------------------------------+------+---------+---------+
       Grand Total:                   5992   396       3481   


LINKER GENERATED COPY TABLES

__TI_cinit_table @ 000018f0 records: 2, size/record: 8, table size: 16
	.data: load addr=00001878, load size=00000062 bytes, run addr=20200800, run size=000001cd bytes, compression=lzss
	.bss: load addr=000018e8, load size=00000008 bytes, run addr=202009d0, run size=000001cc bytes, compression=zero_init


LINKER GENERATED HANDLER TABLE

__TI_handler_table @ 000018dc records: 3, size/record: 4, table size: 12
	index: 0, handler: __TI_decompress_lzss
	index: 1, handler: __TI_decompress_none
	index: 2, handler: __TI_zero_init


GLOBAL SYMBOLS: SORTED ALPHABETICALLY BY Name 

address   name                            
-------   ----                            
00000b1b  ADC0_IRQHandler                 
00000b1b  ADC1_IRQHandler                 
00000b1b  AES_IRQHandler                  
00001828  C$$EXIT                         
0000154d  C$$IO$$                         
00000b1b  CANFD0_IRQHandler               
00000b1b  DAC0_IRQHandler                 
0000175b  DL_Common_delayCycles           
00000685  DL_Timer_initFourCCPWMMode      
000013b5  DL_Timer_setCaptCompUpdateMethod
000013e9  DL_Timer_setCaptureCompareAction
000012c9  DL_Timer_setCaptureCompareCtl   
0000141d  DL_Timer_setCaptureCompareInput 
00001209  DL_Timer_setCaptureCompareOutCtl
00001589  DL_Timer_setCaptureCompareValue 
00001451  DL_Timer_setClockConfig         
00000b1b  DMA_IRQHandler                  
00000b1b  Default_Handler                 
00000b1b  GROUP0_IRQHandler               
00000b1b  GROUP1_IRQHandler               
00001179  HOSTclose                       
00000c91  HOSTlseek                       
00000f69  HOSTopen                        
00001025  HOSTread                        
00000cfd  HOSTrename                      
000011c1  HOSTunlink                      
0000107d  HOSTwrite                       
00000b1b  HardFault_Handler               
00000b1b  I2C0_IRQHandler                 
00000b1b  I2C1_IRQHandler                 
00000b1b  NMI_Handler                     
00000b1b  PendSV_Handler                  
00000b1b  RTC_IRQHandler                  
00001821  Reset_Handler                   
00000b1b  SPI0_IRQHandler                 
00000b1b  SPI1_IRQHandler                 
00000b1b  SVC_Handler                     
00001305  SYSCFG_DL_GPIO_init             
00000b1d  SYSCFG_DL_PWM_0_init            
00001249  SYSCFG_DL_SYSCTL_init           
0000176f  SYSCFG_DL_init                  
00001485  SYSCFG_DL_initPower             
00000b1b  SysTick_Handler                 
00000b1b  TIMA0_IRQHandler                
00000b1b  TIMA1_IRQHandler                
00000b1b  TIMG0_IRQHandler                
00000b1b  TIMG12_IRQHandler               
00000b1b  TIMG6_IRQHandler                
00000b1b  TIMG7_IRQHandler                
00000b1b  TIMG8_IRQHandler                
00000b1b  UART0_IRQHandler                
00000b1b  UART1_IRQHandler                
00000b1b  UART2_IRQHandler                
00000b1b  UART3_IRQHandler                
202009d0  _CIOBUF_                        
202009d0  __CIOBUF_                       
20208000  __STACK_END                     
00000200  __STACK_SIZE                    
00000800  __SYSMEM_SIZE                   
00000000  __TI_ATRegion0_region_sz        
00000000  __TI_ATRegion0_src_addr         
00000000  __TI_ATRegion0_trg_addr         
00000000  __TI_ATRegion1_region_sz        
00000000  __TI_ATRegion1_src_addr         
00000000  __TI_ATRegion1_trg_addr         
00000000  __TI_ATRegion2_region_sz        
00000000  __TI_ATRegion2_src_addr         
00000000  __TI_ATRegion2_trg_addr         
000018f0  __TI_CINIT_Base                 
00001900  __TI_CINIT_Limit                
00001900  __TI_CINIT_Warm                 
000018dc  __TI_Handler_Table_Base         
000018e8  __TI_Handler_Table_Limit        
00001341  __TI_auto_init_nobinit_nopinit  
000014b9  __TI_cleanup                    
202009b8  __TI_cleanup_ptr                
00000b9d  __TI_closefile                  
00000c19  __TI_decompress_lzss            
00001795  __TI_decompress_none            
000010d5  __TI_doflush                    
202009bc  __TI_dtors_ptr                  
202009c0  __TI_ft_end                     
ffffffff  __TI_pprof_out_hndl             
000000c1  __TI_printfi_minimal            
ffffffff  __TI_prof_data_size             
ffffffff  __TI_prof_data_start            
000014ed  __TI_readmsg                    
00000000  __TI_static_base__              
20200af0  __TI_tmpnams                    
00001521  __TI_writemsg                   
00000e3d  __TI_wrt_ok                     
00001745  __TI_zero_init_nomemset         
00000f67  __aeabi_idiv0                   
000017e1  __aeabi_memclr                  
000017e1  __aeabi_memclr4                 
000017e1  __aeabi_memclr8                 
000017f9  __aeabi_memcpy                  
000017f9  __aeabi_memcpy4                 
000017f9  __aeabi_memcpy8                 
000017b5  __aeabi_memset                  
000017b5  __aeabi_memset4                 
000017b5  __aeabi_memset8                 
00001289  __aeabi_uidiv                   
00001289  __aeabi_uidivmod                
ffffffff  __binit__                       
UNDEFED   __mpu_init                      
20207e00  __stack                         
20200000  __start___llvm_prf_bits         
20200000  __start___llvm_prf_cnts         
20200000  __stop___llvm_prf_bits          
20200000  __stop___llvm_prf_cnts          
00001681  _c_int00_noargs                 
202008f0  _device                         
20200800  _ftable                         
202009c4  _lock                           
00001127  _nop                            
20200968  _stream                         
20200000  _sys_memory                     
UNDEFED   _system_post_cinit              
00001825  _system_pre_init                
202009c8  _unlock                         
00001829  abort                           
00000345  aligned_alloc                   
ffffffff  binit                           
00001129  close                           
00001555  exit                            
0000137d  finddevice                      
000009e5  fputc                           
00000581  fputs                           
00000771  free                            
00001811  fseek                           
00000d69  fseeko                          
00000dd5  getdevice                       
00000000  interruptVectors                
00001631  lseek                           
00000939  main                            
000017ed  malloc                          
00000345  memalign                        
000016cd  memccpy                         
00000a81  memcpy                          
00000f05  memset                          
20200b90  parmbuf                         
00000fc9  printf                          
000016a9  puts                            
00001819  remove                          
0000085d  setvbuf                         
000015b5  unlink                          
00001659  write                           


GLOBAL SYMBOLS: SORTED BY Symbol Address 

address   name                            
-------   ----                            
00000000  __TI_ATRegion0_region_sz        
00000000  __TI_ATRegion0_src_addr         
00000000  __TI_ATRegion0_trg_addr         
00000000  __TI_ATRegion1_region_sz        
00000000  __TI_ATRegion1_src_addr         
00000000  __TI_ATRegion1_trg_addr         
00000000  __TI_ATRegion2_region_sz        
00000000  __TI_ATRegion2_src_addr         
00000000  __TI_ATRegion2_trg_addr         
00000000  __TI_static_base__              
00000000  interruptVectors                
000000c1  __TI_printfi_minimal            
00000200  __STACK_SIZE                    
00000345  aligned_alloc                   
00000345  memalign                        
00000581  fputs                           
00000685  DL_Timer_initFourCCPWMMode      
00000771  free                            
00000800  __SYSMEM_SIZE                   
0000085d  setvbuf                         
00000939  main                            
000009e5  fputc                           
00000a81  memcpy                          
00000b1b  ADC0_IRQHandler                 
00000b1b  ADC1_IRQHandler                 
00000b1b  AES_IRQHandler                  
00000b1b  CANFD0_IRQHandler               
00000b1b  DAC0_IRQHandler                 
00000b1b  DMA_IRQHandler                  
00000b1b  Default_Handler                 
00000b1b  GROUP0_IRQHandler               
00000b1b  GROUP1_IRQHandler               
00000b1b  HardFault_Handler               
00000b1b  I2C0_IRQHandler                 
00000b1b  I2C1_IRQHandler                 
00000b1b  NMI_Handler                     
00000b1b  PendSV_Handler                  
00000b1b  RTC_IRQHandler                  
00000b1b  SPI0_IRQHandler                 
00000b1b  SPI1_IRQHandler                 
00000b1b  SVC_Handler                     
00000b1b  SysTick_Handler                 
00000b1b  TIMA0_IRQHandler                
00000b1b  TIMA1_IRQHandler                
00000b1b  TIMG0_IRQHandler                
00000b1b  TIMG12_IRQHandler               
00000b1b  TIMG6_IRQHandler                
00000b1b  TIMG7_IRQHandler                
00000b1b  TIMG8_IRQHandler                
00000b1b  UART0_IRQHandler                
00000b1b  UART1_IRQHandler                
00000b1b  UART2_IRQHandler                
00000b1b  UART3_IRQHandler                
00000b1d  SYSCFG_DL_PWM_0_init            
00000b9d  __TI_closefile                  
00000c19  __TI_decompress_lzss            
00000c91  HOSTlseek                       
00000cfd  HOSTrename                      
00000d69  fseeko                          
00000dd5  getdevice                       
00000e3d  __TI_wrt_ok                     
00000f05  memset                          
00000f67  __aeabi_idiv0                   
00000f69  HOSTopen                        
00000fc9  printf                          
00001025  HOSTread                        
0000107d  HOSTwrite                       
000010d5  __TI_doflush                    
00001127  _nop                            
00001129  close                           
00001179  HOSTclose                       
000011c1  HOSTunlink                      
00001209  DL_Timer_setCaptureCompareOutCtl
00001249  SYSCFG_DL_SYSCTL_init           
00001289  __aeabi_uidiv                   
00001289  __aeabi_uidivmod                
000012c9  DL_Timer_setCaptureCompareCtl   
00001305  SYSCFG_DL_GPIO_init             
00001341  __TI_auto_init_nobinit_nopinit  
0000137d  finddevice                      
000013b5  DL_Timer_setCaptCompUpdateMethod
000013e9  DL_Timer_setCaptureCompareAction
0000141d  DL_Timer_setCaptureCompareInput 
00001451  DL_Timer_setClockConfig         
00001485  SYSCFG_DL_initPower             
000014b9  __TI_cleanup                    
000014ed  __TI_readmsg                    
00001521  __TI_writemsg                   
0000154d  C$$IO$$                         
00001555  exit                            
00001589  DL_Timer_setCaptureCompareValue 
000015b5  unlink                          
00001631  lseek                           
00001659  write                           
00001681  _c_int00_noargs                 
000016a9  puts                            
000016cd  memccpy                         
00001745  __TI_zero_init_nomemset         
0000175b  DL_Common_delayCycles           
0000176f  SYSCFG_DL_init                  
00001795  __TI_decompress_none            
000017b5  __aeabi_memset                  
000017b5  __aeabi_memset4                 
000017b5  __aeabi_memset8                 
000017e1  __aeabi_memclr                  
000017e1  __aeabi_memclr4                 
000017e1  __aeabi_memclr8                 
000017ed  malloc                          
000017f9  __aeabi_memcpy                  
000017f9  __aeabi_memcpy4                 
000017f9  __aeabi_memcpy8                 
00001811  fseek                           
00001819  remove                          
00001821  Reset_Handler                   
00001825  _system_pre_init                
00001828  C$$EXIT                         
00001829  abort                           
000018dc  __TI_Handler_Table_Base         
000018e8  __TI_Handler_Table_Limit        
000018f0  __TI_CINIT_Base                 
00001900  __TI_CINIT_Limit                
00001900  __TI_CINIT_Warm                 
20200000  __start___llvm_prf_bits         
20200000  __start___llvm_prf_cnts         
20200000  __stop___llvm_prf_bits          
20200000  __stop___llvm_prf_cnts          
20200000  _sys_memory                     
20200800  _ftable                         
202008f0  _device                         
20200968  _stream                         
202009b8  __TI_cleanup_ptr                
202009bc  __TI_dtors_ptr                  
202009c0  __TI_ft_end                     
202009c4  _lock                           
202009c8  _unlock                         
202009d0  _CIOBUF_                        
202009d0  __CIOBUF_                       
20200af0  __TI_tmpnams                    
20200b90  parmbuf                         
20207e00  __stack                         
20208000  __STACK_END                     
ffffffff  __TI_pprof_out_hndl             
ffffffff  __TI_prof_data_size             
ffffffff  __TI_prof_data_start            
ffffffff  __binit__                       
ffffffff  binit                           
UNDEFED   __mpu_init                      
UNDEFED   _system_post_cinit              

[148 symbols]
